Component: ARM Compiler 5.05 update 2 (build 169) Tool: armlink [4d0f33]

==============================================================================

Section Cross References

    startup_stm32f10x_hd.o(RESET) refers to startup_stm32f10x_hd.o(STACK) for __initial_sp
    startup_stm32f10x_hd.o(RESET) refers to startup_stm32f10x_hd.o(.text) for Reset_Handler
    startup_stm32f10x_hd.o(RESET) refers to stm32f10x_it.o(.text) for NMI_Handler
    startup_stm32f10x_hd.o(.text) refers to system_stm32f10x.o(.text) for SystemInit
    startup_stm32f10x_hd.o(.text) refers to entry.o(.ARM.Collect$$$$00000000) for __main
    system_stm32f10x.o(.text) refers to system_stm32f10x.o(.data) for SystemCoreClock
    stm32f10x_adc.o(.text) refers to stm32f10x_rcc.o(.text) for RCC_APB2PeriphResetCmd
    stm32f10x_bkp.o(.text) refers to stm32f10x_rcc.o(.text) for RCC_BackupResetCmd
    stm32f10x_can.o(.text) refers to stm32f10x_rcc.o(.text) for RCC_APB1PeriphResetCmd
    stm32f10x_cec.o(.text) refers to stm32f10x_rcc.o(.text) for RCC_APB1PeriphResetCmd
    stm32f10x_dac.o(.text) refers to stm32f10x_rcc.o(.text) for RCC_APB1PeriphResetCmd
    stm32f10x_gpio.o(.text) refers to stm32f10x_rcc.o(.text) for RCC_APB2PeriphResetCmd
    stm32f10x_i2c.o(.text) refers to stm32f10x_rcc.o(.text) for RCC_APB1PeriphResetCmd
    stm32f10x_pwr.o(.text) refers to stm32f10x_rcc.o(.text) for RCC_APB1PeriphResetCmd
    stm32f10x_rcc.o(.text) refers to stm32f10x_rcc.o(.data) for APBAHBPrescTable
    stm32f10x_spi.o(.text) refers to stm32f10x_rcc.o(.text) for RCC_APB2PeriphResetCmd
    stm32f10x_tim.o(.text) refers to stm32f10x_rcc.o(.text) for RCC_APB2PeriphResetCmd
    stm32f10x_usart.o(.text) refers to stm32f10x_rcc.o(.text) for RCC_APB2PeriphResetCmd
    stm32f10x_wwdg.o(.text) refers to stm32f10x_rcc.o(.text) for RCC_APB1PeriphResetCmd
    main.o(.text) refers to memseta.o(.text) for __aeabi_memclr4
    main.o(.text) refers to init.o(.text) for HSI_SetSysClock
    main.o(.text) refers to tftcommunic.o(.text) for rebootTFT
    main.o(.text) refers to oled.o(.text) for OLED_Init
    main.o(.text) refers to printfa.o(i.__0printf) for __2printf
    main.o(.text) refers to application.o(.text) for NodeDataAnalysis
    main.o(.text) refers to uart.o(.bss) for uart2TFTPack
    main.o(.text) refers to tftcommunic.o(.data) for currentTFTV
    main.o(.text) refers to stm32f10x_it.o(.bss) for timerVariate
    init.o(.text) refers to stm32f10x_rcc.o(.text) for RCC_DeInit
    init.o(.text) refers to stm32f10x_flash.o(.text) for FLASH_PrefetchBufferCmd
    init.o(.text) refers to stm32f10x_gpio.o(.text) for GPIO_Init
    init.o(.text) refers to misc.o(.text) for NVIC_PriorityGroupConfig
    init.o(.text) refers to stm32f10x_usart.o(.text) for USART_Init
    init.o(.text) refers to stm32f10x_tim.o(.text) for TIM_TimeBaseInit
    init.o(.text) refers to stm32f10x_pwr.o(.text) for PWR_BackupAccessCmd
    init.o(.text) refers to stm32f10x_bkp.o(.text) for BKP_DeInit
    init.o(.text) refers to stm32f10x_rtc.o(.text) for RTC_WaitForSynchro
    init.o(.text) refers to stm32f10x_iwdg.o(.text) for IWDG_WriteAccessCmd
    stm32f10x_it.o(.text) refers to delay.o(.text) for TimingDelay_Decrement
    stm32f10x_it.o(.text) refers to stm32f10x_rtc.o(.text) for RTC_GetITStatus
    stm32f10x_it.o(.text) refers to stm32f10x_exti.o(.text) for EXTI_ClearITPendingBit
    stm32f10x_it.o(.text) refers to stm32f10x_pwr.o(.text) for PWR_GetFlagStatus
    stm32f10x_it.o(.text) refers to stm32f10x_tim.o(.text) for TIM_GetITStatus
    stm32f10x_it.o(.text) refers to stm32f10x_usart.o(.text) for USART_GetITStatus
    stm32f10x_it.o(.text) refers to printfa.o(i.__0printf) for __2printf
    stm32f10x_it.o(.text) refers to tools.o(.text) for printHex
    stm32f10x_it.o(.text) refers to uart.o(.text) for str_copy_usart_buf2
    stm32f10x_it.o(.text) refers to oled.o(.text) for OLED_P6x8Str
    stm32f10x_it.o(.text) refers to stm32f10x_it.o(.bss) for timerVariate
    stm32f10x_it.o(.text) refers to tftcommunic.o(.data) for g_nodeTotalCount
    stm32f10x_it.o(.text) refers to uart.o(.bss) for uart2TFTPack
    stm32f10x_it.o(.text) refers to stm32f10x_it.o(.data) for endmark
    delay.o(.text) refers to system_stm32f10x.o(.data) for SystemCoreClock
    delay.o(.text) refers to delay.o(.data) for TimingDelay
    uart.o(.text) refers to stm32f10x_usart.o(.text) for USART_SendData
    uart.o(.text) refers to strlen.o(.text) for strlen
    uart.o(.text) refers to printfa.o(i.__0printf) for __2printf
    uart.o(.text) refers to memseta.o(.text) for __aeabi_memclr4
    uart.o(.text) refers to memcpya.o(.text) for __aeabi_memcpy
    uart.o(.text) refers to tools.o(.text) for CheckSum
    uart.o(.text) refers to delay.o(.text) for delay_ms
    uart.o(.text) refers to uart.o(.bss) for uart2TFTPack
    tools.o(.text) refers to printfa.o(i.__0sprintf) for __2sprintf
    tools.o(.text) refers to delay.o(.text) for delay_us
    tools.o(.text) refers to printfa.o(i.__0printf) for __2printf
[...]
    ../clib/microlib/ctype/ctype.c           0x00000000   Number         0  islower_o.o ABSOLUTE
    ../clib/microlib/ctype/ctype.c           0x00000000   Number         0  isprint_o.o ABSOLUTE
    ../clib/microlib/ctype/ctype.c           0x00000000   Number         0  ispunct_o.o ABSOLUTE
    ../clib/microlib/ctype/ctype.c           0x00000000   Number         0  isspace_o.o ABSOLUTE
    ../clib/microlib/ctype/ctype.c           0x00000000   Number         0  isxdigit_o.o ABSOLUTE
    ../clib/microlib/division.c              0x00000000   Number         0  uidiv.o ABSOLUTE
    ../clib/microlib/division.c              0x00000000   Number         0  uldiv.o ABSOLUTE
    ../clib/microlib/errno.c                 0x00000000   Number         0  errno.o ABSOLUTE
    ../clib/microlib/init/entry.s            0x00000000   Number         0  entry7a.o ABSOLUTE
    ../clib/microlib/init/entry.s            0x00000000   Number         0  entry5.o ABSOLUTE
    ../clib/microlib/init/entry.s            0x00000000   Number         0  entry8b.o ABSOLUTE
    ../clib/microlib/init/entry.s            0x00000000   Number         0  entry11b.o ABSOLUTE
    ../clib/microlib/init/entry.s            0x00000000   Number         0  entry11a.o ABSOLUTE
    ../clib/microlib/init/entry.s            0x00000000   Number         0  entry10b.o ABSOLUTE
    ../clib/microlib/init/entry.s            0x00000000   Number         0  entry10a.o ABSOLUTE
    ../clib/microlib/init/entry.s            0x00000000   Number         0  entry2.o ABSOLUTE
    ../clib/microlib/init/entry.s            0x00000000   Number         0  entry9b.o ABSOLUTE
    ../clib/microlib/init/entry.s            0x00000000   Number         0  entry.o ABSOLUTE
    ../clib/microlib/init/entry.s            0x00000000   Number         0  entry9a.o ABSOLUTE
    ../clib/microlib/init/entry.s            0x00000000   Number         0  entry8a.o ABSOLUTE
    ../clib/microlib/init/entry.s            0x00000000   Number         0  entry7b.o ABSOLUTE
    ../clib/microlib/longlong.c              0x00000000   Number         0  llushr.o ABSOLUTE
    ../clib/microlib/longlong.c              0x00000000   Number         0  llshl.o ABSOLUTE
    ../clib/microlib/longlong.c              0x00000000   Number         0  llsshr.o ABSOLUTE
    ../clib/microlib/printf/printf.c         0x00000000   Number         0  printf0.o ABSOLUTE
    ../clib/microlib/printf/printf.c         0x00000000   Number         0  printfb.o ABSOLUTE
    ../clib/microlib/printf/printf.c         0x00000000   Number         0  printf3.o ABSOLUTE
    ../clib/microlib/printf/printf.c         0x00000000   Number         0  printf4.o ABSOLUTE
    ../clib/microlib/printf/printf.c         0x00000000   Number         0  printf5.o ABSOLUTE
    ../clib/microlib/printf/printf.c         0x00000000   Number         0  printf6.o ABSOLUTE
    ../clib/microlib/printf/printf.c         0x00000000   Number         0  printfa.o ABSOLUTE
    ../clib/microlib/printf/printf.c         0x00000000   Number         0  printf2.o ABSOLUTE
    ../clib/microlib/printf/printf.c         0x00000000   Number         0  printf7.o ABSOLUTE
    ../clib/microlib/printf/printf.c         0x00000000   Number         0  printf8.o ABSOLUTE
    ../clib/microlib/printf/printf.c         0x00000000   Number         0  printf1.o ABSOLUTE
    ../clib/microlib/printf/stubs.s          0x00000000   Number         0  stubs.o ABSOLUTE
    ../clib/microlib/stdio/streams.c         0x00000000   Number         0  stdout.o ABSOLUTE
    ../clib/microlib/string/memcpy.c         0x00000000   Number         0  memcpyb.o ABSOLUTE
    ../clib/microlib/string/memcpy.c         0x00000000   Number         0  memcpya.o ABSOLUTE
    ../clib/microlib/string/memset.c         0x00000000   Number         0  memseta.o ABSOLUTE
    ../clib/microlib/string/strcmp.c         0x00000000   Number         0  strcmp.o ABSOLUTE
    ../clib/microlib/string/strcpy.c         0x00000000   Number         0  strcpy.o ABSOLUTE
    ../clib/microlib/string/strlen.c         0x00000000   Number         0  strlen.o ABSOLUTE
    ../clib/microlib/stubs.s                 0x00000000   Number         0  iusefp.o ABSOLUTE
    ../clib/scanf.c                          0x00000000   Number         0  _strtoul.o ABSOLUTE
    ../clib/scanf.c                          0x00000000   Number         0  strtol.o ABSOLUTE
    ../clib/scanf.c                          0x00000000   Number         0  _chval.o ABSOLUTE
    ../fplib/microlib/d2f.c                  0x00000000   Number         0  d2f.o ABSOLUTE
    ../fplib/microlib/f2d.c                  0x00000000   Number         0  f2d.o ABSOLUTE
    ../fplib/microlib/fpadd.c                0x00000000   Number         0  dadd.o ABSOLUTE
    ../fplib/microlib/fpdiv.c                0x00000000   Number         0  ddiv.o ABSOLUTE
    ../fplib/microlib/fpepilogue.c           0x00000000   Number         0  fepilogue.o ABSOLUTE
    ../fplib/microlib/fpepilogue.c           0x00000000   Number         0  depilogue.o ABSOLUTE
    ../fplib/microlib/fpfix.c                0x00000000   Number         0  dfixul.o ABSOLUTE
    ../fplib/microlib/fpfix.c                0x00000000   Number         0  dfixui.o ABSOLUTE
    ../fplib/microlib/fpflt.c                0x00000000   Number         0  dflti.o ABSOLUTE
    ../fplib/microlib/fpflt.c                0x00000000   Number         0  dfltui.o ABSOLUTE
    ../fplib/microlib/fpmul.c                0x00000000   Number         0  dmul.o ABSOLUTE
    ..\..\Libraries\CMSIS\core_cm3.c         0x00000000   Number         0  core_cm3.o ABSOLUTE
    ..\..\Libraries\CMSIS\startup\startup_stm32f10x_hd.s 0x00000000   Number         0  startup_stm32f10x_hd.o ABSOLUTE
    ..\..\Libraries\CMSIS\system_stm32f10x.c 0x00000000   Number         0  system_stm32f10x.o ABSOLUTE
    ..\..\Libraries\FWlib\src\misc.c         0x00000000   Number         0  misc.o ABSOLUTE
    ..\..\Libraries\FWlib\src\stm32f10x_adc.c 0x00000000   Number         0  stm32f10x_adc.o ABSOLUTE
    ..\..\Libraries\FWlib\src\stm32f10x_bkp.c 0x00000000   Number         0  stm32f10x_bkp.o ABSOLUTE
    ..\..\Libraries\FWlib\src\stm32f10x_can.c 0x00000000   Number         0  stm32f10x_can.o ABSOLUTE
    ..\..\Libraries\FWlib\src\stm32f10x_cec.c 0x00000000   Number         0  stm32f10x_cec.o ABSOLUTE
    ..\..\Libraries\FWlib\src\stm32f10x_crc.c 0x00000000   Number         0  stm32f10x_crc.o ABSOLUTE
    ..\..\Libraries\FWlib\src\stm32f10x_dac.c 0x00000000   Number         0  stm32f10x_dac.o ABSOLUTE
    ..\..\Libraries\FWlib\src\stm32f10x_dbgmcu.c 0x00000000   Number         0  stm32f10x_dbgmcu.o ABSOLUTE
    ..\..\Libraries\FWlib\src\stm32f10x_dma.c 0x00000000   Number         0  stm32f10x_dma.o ABSOLUTE
    ..\..\Libraries\FWlib\src\stm32f10x_exti.c 0x00000000   Number         0  stm32f10x_exti.o ABSOLUTE
    ..\..\Libraries\FWlib\src\stm32f10x_flash.c 0x00000000   Number         0  stm32f10x_flash.o ABSOLUTE
    ..\..\Libraries\FWlib\src\stm32f10x_fsmc.c 0x00000000   Number         0  stm32f10x_fsmc.o ABSOLUTE
    ..\..\Libraries\FWlib\src\stm32f10x_gpio.c 0x00000000   Number         0  stm32f10x_gpio.o ABSOLUTE
    ..\..\Libraries\FWlib\src\stm32f10x_i2c.c 0x00000000   Number         0  stm32f10x_i2c.o ABSOLUTE
    ..\..\Libraries\FWlib\src\stm32f10x_iwdg.c 0x00000000   Number         0  stm32f10x_iwdg.o ABSOLUTE
    ..\..\Libraries\FWlib\src\stm32f10x_pwr.c 0x00000000   Number         0  stm32f10x_pwr.o ABSOLUTE
    ..\..\Libraries\FWlib\src\stm32f10x_rcc.c 0x00000000   Number         0  stm32f10x_rcc.o ABSOLUTE
    ..\..\Libraries\FWlib\src\stm32f10x_rtc.c 0x00000000   Number         0  stm32f10x_rtc.o ABSOLUTE
    ..\..\Libraries\FWlib\src\stm32f10x_sdio.c 0x00000000   Number         0  stm32f10x_sdio.o ABSOLUTE
    ..\..\Libraries\FWlib\src\stm32f10x_spi.c 0x00000000   Number         0  stm32f10x_spi.o ABSOLUTE
    ..\..\Libraries\FWlib\src\stm32f10x_tim.c 0x00000000   Number         0  stm32f10x_tim.o ABSOLUTE
    ..\..\Libraries\FWlib\src\stm32f10x_usart.c 0x00000000   Number         0  stm32f10x_usart.o ABSOLUTE
    ..\..\Libraries\FWlib\src\stm32f10x_wwdg.c 0x00000000   Number         0  stm32f10x_wwdg.o ABSOLUTE
    ..\..\User\Application.c                 0x00000000   Number         0  application.o ABSOLUTE
    ..\..\User\Flash.c                       0x00000000   Number         0  flash.o ABSOLUTE
    ..\..\User\Init.c                        0x00000000   Number         0  init.o ABSOLUTE
    ..\..\User\OLED\codetab.c                0x00000000   Number         0  codetab.o ABSOLUTE
    ..\..\User\OLED\oled.c                   0x00000000   Number         0  oled.o ABSOLUTE
    ..\..\User\TFTCommunic.c                 0x00000000   Number         0  tftcommunic.o ABSOLUTE
    ..\..\User\Tools.c                       0x00000000   Number         0  tools.o ABSOLUTE
    ..\..\User\Uart.c                        0x00000000   Number         0  uart.o ABSOLUTE
    ..\..\User\UartSendQueue.c               0x00000000   Number         0  uartsendqueue.o ABSOLUTE
    ..\..\User\delay.c                       0x00000000   Number         0  delay.o ABSOLUTE
    ..\..\User\main.c                        0x00000000   Number         0  main.o ABSOLUTE
    ..\..\User\software.c                    0x00000000   Number         0  software.o ABSOLUTE
    ..\..\User\stm32f10x_it.c                0x00000000   Number         0  stm32f10x_it.o ABSOLUTE
    ..\\..\\Libraries\\CMSIS\\core_cm3.c     0x00000000   Number         0  core_cm3.o ABSOLUTE
    ..\\..\\User\\Flash.c                    0x00000000   Number         0  flash.o ABSOLUTE
    cdrcmple.s                               0x00000000   Number         0  cdrcmple.o ABSOLUTE
    dc.s                                     0x00000000   Number         0  dc.o ABSOLUTE
    handlers.s                               0x00000000   Number         0  handlers.o ABSOLUTE
    init.s                                   0x00000000   Number         0  init.o ABSOLUTE
    RESET                                    0x08000000   Section      304  startup_stm32f10x_hd.o(RESET)
    .ARM.Collect$$$$00000000                 0x08000130   Section        0  entry.o(.ARM.Collect$$$$00000000)
    .ARM.Collect$$$$00000001                 0x08000130   Section        4  entry2.o(.ARM.Collect$$$$00000001)
    .ARM.Collect$$$$00000004                 0x08000134   Section        4  entry5.o(.ARM.Collect$$$$00000004)
    .ARM.Collect$$$$00000008                 0x08000138   Section        0  entry7b.o(.ARM.Collect$$$$00000008)
    .ARM.Collect$$$$0000000A                 0x08000138   Section        0  entry8b.o(.ARM.Collect$$$$0000000A)
    .ARM.Collect$$$$0000000B                 0x08000138   Section        8  entry9a.o(.ARM.Collect$$$$0000000B)
    .ARM.Collect$$$$0000000D                 0x08000140   Section        0  entry10a.o(.ARM.Collect$$$$0000000D)
    .ARM.Collect$$$$0000000F                 0x08000140   Section        0  entry11a.o(.ARM.Collect$$$$0000000F)
    .ARM.Collect$$$$00002712                 0x08000140   Section        4  entry2.o(.ARM.Collect$$$$00002712)
    __lit__00000000                          0x08000140   Data           4  entry2.o(.ARM.Collect$$$$00002712)
    .emb_text                                0x08000144   Section        6  flash.o(.emb_text)
    .text                                    0x0800014c   Section       36  startup_stm32f10x_hd.o(.text)
    .text                                    0x08000170   Section        0  system_stm32f10x.o(.text)
    SetSysClockTo72                          0x08000171   Thumb Code   214  system_stm32f10x.o(.text)
    SetSysClock                              0x08000247   Thumb Code     8  system_stm32f10x.o(.text)
    .text                                    0x08000350   Section        0  misc.o(.text)
    .text                                    0x0800042c   Section        0  stm32f10x_bkp.o(.text)
    .text                                    0x080004f0   Section        0  stm32f10x_exti.o(.text)
    .text                                    0x0800060c   Section        0  stm32f10x_flash.o(.text)
    .text                                    0x08000bc8   Section        0  stm32f10x_gpio.o(.text)
    .text                                    0x08000f24   Section        0  stm32f10x_iwdg.o(.text)
    .text                                    0x08000f64   Section        0  stm32f10x_pwr.o(.text)
    .text                                    0x08001030   Section        0  stm32f10x_rcc.o(.text)
    .text                                    0x080013d4   Section        0  stm32f10x_rtc.o(.text)
    .text                                    0x0800151c   Section        0  stm32f10x_tim.o(.text)
    TI4_Config                               0x080019c3   Thumb Code   130  stm32f10x_tim.o(.text)
    TI3_Config                               0x08001a57   Thumb Code   122  stm32f10x_tim.o(.text)
    TI2_Config                               0x08001aeb   Thumb Code   130  stm32f10x_tim.o(.text)
    TI1_Config                               0x08001b7f   Thumb Code   108  stm32f10x_tim.o(.text)
    .text                                    0x08002338   Section        0  stm32f10x_usart.o(.text)
    .text                                    0x08002740   Section        0  main.o(.text)
    .text                                    0x08002850   Section        0  init.o(.text)
    .text                                    0x08002cb8   Section        0  stm32f10x_it.o(.text)
    .text                                    0x080030e8   Section        0  delay.o(.text)
    .text                                    0x080031e8   Section        0  uart.o(.text)
    .text                                    0x080033b4   Section        0  tools.o(.text)
    .text                                    0x08003688   Section        0  application.o(.text)
    .text                                    0x08003de8   Section        0  flash.o(.text)
    .text                                    0x080040fc   Section        0  tftcommunic.o(.text)
    .text                                    0x080050a0   Section        0  uartsendqueue.o(.text)
    .text                                    0x080051b8   Section        0  oled.o(.text)
    .text                                    0x08005738   Section        0  memcpya.o(.text)
    .text                                    0x0800575c   Section        0  memseta.o(.text)
    .text                                    0x08005780   Section        0  strlen.o(.text)
    .text                                    0x0800578e   Section        0  strcmp.o(.text)
    .text                                    0x080057aa   Section        0  strcpy.o(.text)
    .text                                    0x080057bc   Section        0  strtol.o(.text)
    .text                                    0x0800582c   Section        0  dmul.o(.text)
    .text                                    0x08005910   Section        0  ddiv.o(.text)
    .text                                    0x080059ee   Section        0  dflti.o(.text)
    .text                                    0x08005a10   Section        0  dfltui.o(.text)
    .text                                    0x08005a2a   Section        0  dfixui.o(.text)
    .text                                    0x08005a5c   Section        0  f2d.o(.text)
    .text                                    0x08005a82   Section        0  d2f.o(.text)
    .text                                    0x08005aba   Section        0  uidiv.o(.text)
    .text                                    0x08005ae6   Section        0  uldiv.o(.text)
    .text                                    0x08005b48   Section        0  llushr.o(.text)
    .text                                    0x08005b68   Section        0  ctype_o.o(.text)
    .text                                    0x08005b70   Section        0  _strtoul.o(.text)
    .text                                    0x08005c0e   Section        0  fepilogue.o(.text)
    .text                                    0x08005c0e   Section        0  iusefp.o(.text)
    .text                                    0x08005c7c   Section        0  depilogue.o(.text)
    .text                                    0x08005d36   Section        0  dadd.o(.text)
    .text                                    0x08005e84   Section        0  dfixul.o(.text)
    .text                                    0x08005eb4   Section       48  cdrcmple.o(.text)
    .text                                    0x08005ee4   Section       36  init.o(.text)
    .text                                    0x08005f08   Section        0  llshl.o(.text)
    .text                                    0x08005f26   Section        0  llsshr.o(.text)
    .text                                    0x08005f4a   Section        0  _chval.o(.text)
    .text                                    0x08005f66   Section        0  __dczerorl2.o(.text)
    i.__0printf                              0x08005fbc   Section        0  printfa.o(i.__0printf)
    i.__0sprintf                             0x08005fdc   Section        0  printfa.o(i.__0sprintf)
    i.__aeabi_errno_addr                     0x08006004   Section        0  errno.o(i.__aeabi_errno_addr)
    i.__scatterload_copy                     0x0800600c   Section       14  handlers.o(i.__scatterload_copy)
    i.__scatterload_null                     0x0800601a   Section        2  handlers.o(i.__scatterload_null)
    i.__scatterload_zeroinit                 0x0800601c   Section       14  handlers.o(i.__scatterload_zeroinit)
    i._fp_digits                             0x0800602c   Section        0  printfa.o(i._fp_digits)
    _fp_digits                               0x0800602d   Thumb Code   334  printfa.o(i._fp_digits)
    i._printf_core                           0x08006190   Section        0  printfa.o(i._printf_core)
    _printf_core                             0x08006191   Thumb Code  1744  printfa.o(i._printf_core)
    i._printf_post_padding                   0x0800686c   Section        0  printfa.o(i._printf_post_padding)
    _printf_post_padding                     0x0800686d   Thumb Code    36  printfa.o(i._printf_post_padding)
    i._printf_pre_padding                    0x08006890   Section        0  printfa.o(i._printf_pre_padding)
    _printf_pre_padding                      0x08006891   Thumb Code    46  printfa.o(i._printf_pre_padding)
    i._sputc                                 0x080068be   Section        0  printfa.o(i._sputc)
    _sputc                                   0x080068bf   Thumb Code    10  printfa.o(i._sputc)
    .constdata                               0x080068c8   Section      129  ctype_o.o(.constdata)
    .constdata                               0x0800694c   Section        4  ctype_o.o(.constdata)
    table                                    0x0800694c   Data           4  ctype_o.o(.constdata)
    .conststring                             0x08006950   Section       68  tftcommunic.o(.conststring)
    .data                                    0x20000000   Section       20  system_stm32f10x.o(.data)
    .data                                    0x20000014   Section       20  stm32f10x_rcc.o(.data)
    APBAHBPrescTable                         0x20000014   Data          16  stm32f10x_rcc.o(.data)
    ADCPrescTable                            0x20000024   Data           4  stm32f10x_rcc.o(.data)
    .data                                    0x20000028   Section        5  stm32f10x_it.o(.data)
    endmark                                  0x20000028   Data           4  stm32f10x_it.o(.data)
    dispFlag                                 0x2000002c   Data           1  stm32f10x_it.o(.data)
    .data                                    0x20000030   Section        4  delay.o(.data)
    TimingDelay                              0x20000030   Data           4  delay.o(.data)
    .data                                    0x20000034   Section        4  tools.o(.data)
    j                                        0x20000034   Data           4  tools.o(.data)
    .data                                    0x20000038   Section        5  application.o(.data)
    nodeIDSimuOffset                         0x2000003c   Data           1  application.o(.data)
    .data                                    0x20000040   Section        4  flash.o(.data)
    .data                                    0x20000044   Section       37  tftcommunic.o(.data)
    .data                                    0x2000006a   Section        3  uartsendqueue.o(.data)
    .data                                    0x2000006d   Section     3662  codetab.o(.data)
    .data                                    0x20000ebc   Section        4  stdout.o(.data)
    .data                                    0x20000ec0   Section        4  errno.o(.data)
    _errno                                   0x20000ec0   Data           4  errno.o(.data)
    .bss                                     0x20000ec4   Section    25500  init.o(.bss)
    .bss                                     0x20007260   Section     1036  stm32f10x_it.o(.bss)
    .bss                                     0x2000766c   Section      968  uart.o(.bss)
    .bss                                     0x20007a34   Section       37  tools.o(.bss)
    .bss                                     0x20007a59   Section       12  tftcommunic.o(.bss)
    .bss                                     0x20007a68   Section     2560  uartsendqueue.o(.bss)
    STACK                                    0x20008468   Section     1024  startup_stm32f10x_hd.o(STACK)

    Global Symbols

    Symbol Name                              Value     Ov Type        Size  Object(Section)

    BuildAttributes$$THM_ISAv4$P$D$K$B$S$PE$A:L22UL41UL21$X:L11$S22US41US21$IEEE1$IW$USESV6$~STKCKD$USESV7$~SHL$OTIME$ROPI$EBA8$MICROLIB$REQ8$PRES8$EABIv2 0x00000000   Number         0  anon$$obj.o ABSOLUTE
    __ARM_use_no_argv                        0x00000000   Number         0  main.o ABSOLUTE
    _printf_a                                0x00000000   Number         0  stubs.o ABSOLUTE
    _printf_c                                0x00000000   Number         0  stubs.o ABSOLUTE
    _printf_charcount                        0x00000000   Number         0  stubs.o ABSOLUTE
    _printf_d                                0x00000000   Number         0  stubs.o ABSOLUTE
    _printf_e                                0x00000000   Number         0  stubs.o ABSOLUTE
    _printf_f                                0x00000000   Number         0  stubs.o ABSOLUTE
    _printf_flags                            0x00000000   Number         0  stubs.o ABSOLUTE
    _printf_fp_dec                           0x00000000   Number         0  stubs.o ABSOLUTE
    _printf_fp_hex                           0x00000000   Number         0  stubs.o ABSOLUTE
    _printf_g                                0x00000000   Number         0  stubs.o ABSOLUTE
    _printf_i                                0x00000000   Number         0  stubs.o ABSOLUTE
    _printf_int_dec                          0x00000000   Number         0  stubs.o ABSOLUTE
    _printf_l                                0x00000000   Number         0  stubs.o ABSOLUTE
    _printf_lc                               0x00000000   Number         0  stubs.o ABSOLUTE
    _printf_ll                               0x00000000   Number         0  stubs.o ABSOLUTE
    _printf_lld                              0x00000000   Number         0  stubs.o ABSOLUTE
    _printf_lli                              0x00000000   Number         0  stubs.o ABSOLUTE
    _printf_llo                              0x00000000   Number         0  stubs.o ABSOLUTE
    _printf_llu                              0x00000000   Number         0  stubs.o ABSOLUTE
    _printf_llx                              0x00000000   Number         0  stubs.o ABSOLUTE
    _printf_longlong_dec                     0x00000000   Number         0  stubs.o ABSOLUTE
    _printf_longlong_hex                     0x00000000   Number         0  stubs.o ABSOLUTE
    _printf_longlong_oct                     0x00000000   Number         0  stubs.o ABSOLUTE
    _printf_ls                               0x00000000   Number         0  stubs.o ABSOLUTE
    _printf_mbtowc                           0x00000000   Number         0  stubs.o ABSOLUTE
    _printf_n                                0x00000000   Number         0  stubs.o ABSOLUTE
    _printf_o                                0x00000000   Number         0  stubs.o ABSOLUTE
    _printf_p                                0x00000000   Number         0  stubs.o ABSOLUTE
    _printf_percent                          0x00000000   Number         0  stubs.o ABSOLUTE
    _printf_pre_padding                      0x00000000   Number         0  stubs.o ABSOLUTE
    _printf_return_value                     0x00000000   Number         0  stubs.o ABSOLUTE
    _printf_s                                0x00000000   Number         0  stubs.o ABSOLUTE
    _printf_sizespec                         0x00000000   Number         0  stubs.o ABSOLUTE
    _printf_str                              0x00000000   Number         0  stubs.o ABSOLUTE
    _printf_truncate_signed                  0x00000000   Number         0  stubs.o ABSOLUTE
    _printf_truncate_unsigned                0x00000000   Number         0  stubs.o ABSOLUTE
    _printf_u                                0x00000000   Number         0  stubs.o ABSOLUTE
    _printf_wc                               0x00000000   Number         0  stubs.o ABSOLUTE
    _printf_wctomb                           0x00000000   Number         0  stubs.o ABSOLUTE
    _printf_widthprec                        0x00000000   Number         0  stubs.o ABSOLUTE
    _printf_x                                0x00000000   Number         0  stubs.o ABSOLUTE
    __cpp_initialize__aeabi_                  - Undefined Weak Reference
    __cxa_finalize                            - Undefined Weak Reference
    _clock_init                               - Undefined Weak Reference
    _microlib_exit                            - Undefined Weak Reference
    __Vectors_Size                           0x00000130   Number         0  startup_stm32f10x_hd.o ABSOLUTE
    __Vectors                                0x08000000   Data           4  startup_stm32f10x_hd.o(RESET)
    __Vectors_End                            0x08000130   Data           0  startup_stm32f10x_hd.o(RESET)
    __main                                   0x08000131   Thumb Code     0  entry.o(.ARM.Collect$$$$00000000)
    _main_stk                                0x08000131   Thumb Code     0  entry2.o(.ARM.Collect$$$$00000001)
    _main_scatterload                        0x08000135   Thumb Code     0  entry5.o(.ARM.Collect$$$$00000004)
    __main_after_scatterload                 0x08000139   Thumb Code     0  entry5.o(.ARM.Collect$$$$00000004)
    _main_clock                              0x08000139   Thumb Code     0  entry7b.o(.ARM.Collect$$$$00000008)
    _main_cpp_init                           0x08000139   Thumb Code     0  entry8b.o(.ARM.Collect$$$$0000000A)
    _main_init                               0x08000139   Thumb Code     0  entry9a.o(.ARM.Collect$$$$0000000B)
    __rt_final_cpp                           0x08000141   Thumb Code     0  entry10a.o(.ARM.Collect$$$$0000000D)
    __rt_final_exit                          0x08000141   Thumb Code     0  entry11a.o(.ARM.Collect$$$$0000000F)
    MSR_MSP                                  0x08000145   Thumb Code     6  flash.o(.emb_text)
    Reset_Handler                            0x0800014d   Thumb Code     8  startup_stm32f10x_hd.o(.text)
    ADC1_2_IRQHandler                        0x08000167   Thumb Code     0  startup_stm32f10x_hd.o(.text)
    ADC3_IRQHandler                          0x08000167   Thumb Code     0  startup_stm32f10x_hd.o(.text)
    CAN1_RX1_IRQHandler                      0x08000167   Thumb Code     0  startup_stm32f10x_hd.o(.text)
    CAN1_SCE_IRQHandler                      0x08000167   Thumb Code     0  startup_stm32f10x_hd.o(.text)
    DMA1_Channel1_IRQHandler                 0x08000167   Thumb Code     0  startup_stm32f10x_hd.o(.text)
    DMA1_Channel2_IRQHandler                 0x08000167   Thumb Code     0  startup_stm32f10x_hd.o(.text)
    DMA1_Channel3_IRQHandler                 0x08000167   Thumb Code     0  startup_stm32f10x_hd.o(.text)
    DMA1_Channel4_IRQHandler                 0x08000167   Thumb Code     0  startup_stm32f10x_hd.o(.text)
    DMA1_Channel5_IRQHandler                 0x08000167   Thumb Code     0  startup_stm32f10x_hd.o(.text)
    DMA1_Channel6_IRQHandler                 0x08000167   Thumb Code     0  startup_stm32f10x_hd.o(.text)
    DMA1_Channel7_IRQHandler                 0x08000167   Thumb Code     0  startup_stm32f10x_hd.o(.text)
    DMA2_Channel1_IRQHandler                 0x08000167   Thumb Code     0  startup_stm32f10x_hd.o(.text)
    DMA2_Channel2_IRQHandler                 0x08000167   Thumb Code     0  startup_stm32f10x_hd.o(.text)
    DMA2_Channel3_IRQHandler                 0x08000167   Thumb Code     0  startup_stm32f10x_hd.o(.text)
    DMA2_Channel4_5_IRQHandler               0x08000167   Thumb Code     0  startup_stm32f10x_hd.o(.text)
    EXTI15_10_IRQHandler                     0x08000167   Thumb Code     0  startup_stm32f10x_hd.o(.text)
    EXTI1_IRQHandler                         0x08000167   Thumb Code     0  startup_stm32f10x_hd.o(.text)
    EXTI2_IRQHandler                         0x08000167   Thumb Code     0  startup_stm32f10x_hd.o(.text)
    EXTI3_IRQHandler                         0x08000167   Thumb Code     0  startup_stm32f10x_hd.o(.text)
    EXTI4_IRQHandler                         0x08000167   Thumb Code     0  startup_stm32f10x_hd.o(.text)
    EXTI9_5_IRQHandler                       0x08000167   Thumb Code     0  startup_stm32f10x_hd.o(.text)
    FLASH_IRQHandler                         0x08000167   Thumb Code     0  startup_stm32f10x_hd.o(.text)
    FSMC_IRQHandler                          0x08000167   Thumb Code     0  startup_stm32f10x_hd.o(.text)
    I2C1_ER_IRQHandler                       0x08000167   Thumb Code     0  startup_stm32f10x_hd.o(.text)
    I2C1_EV_IRQHandler                       0x08000167   Thumb Code     0  startup_stm32f10x_hd.o(.text)
    I2C2_ER_IRQHandler                       0x08000167   Thumb Code     0  startup_stm32f10x_hd.o(.text)
    I2C2_EV_IRQHandler                       0x08000167   Thumb Code     0  startup_stm32f10x_hd.o(.text)
    PVD_IRQHandler                           0x08000167   Thumb Code     0  startup_stm32f10x_hd.o(.text)
    RCC_IRQHandler                           0x08000167   Thumb Code     0  startup_stm32f10x_hd.o(.text)
    RTC_IRQHandler                           0x08000167   Thumb Code     0  startup_stm32f10x_hd.o(.text)
    SDIO_IRQHandler                          0x08000167   Thumb Code     0  startup_stm32f10x_hd.o(.text)
    SPI1_IRQHandler                          0x08000167   Thumb Code     0  startup_stm32f10x_hd.o(.text)
    SPI2_IRQHandler                          0x08000167   Thumb Code     0  startup_stm32f10x_hd.o(.text)
    SPI3_IRQHandler                          0x08000167   Thumb Code     0  startup_stm32f10x_hd.o(.text)
    TAMPER_IRQHandler                        0x08000167   Thumb Code     0  startup_stm32f10x_hd.o(.text)
    TIM1_BRK_IRQHandler                      0x08000167   Thumb Code     0  startup_stm32f10x_hd.o(.text)
    TIM1_CC_IRQHandler                       0x08000167   Thumb Code     0  startup_stm32f10x_hd.o(.text)
    TIM1_TRG_COM_IRQHandler                  0x08000167   Thumb Code     0  startup_stm32f10x_hd.o(.text)
    TIM1_UP_IRQHandler                       0x08000167   Thumb Code     0  startup_stm32f10x_hd.o(.text)
    TIM2_IRQHandler                          0x08000167   Thumb Code     0  startup_stm32f10x_hd.o(.text)
    TIM4_IRQHandler                          0x08000167   Thumb Code     0  startup_stm32f10x_hd.o(.text)
    TIM5_IRQHandler                          0x08000167   Thumb Code     0  startup_stm32f10x_hd.o(.text)
    TIM7_IRQHandler                          0x08000167   Thumb Code     0  startup_stm32f10x_hd.o(.text)
    TIM8_BRK_IRQHandler                      0x08000167   Thumb Code     0  startup_stm32f10x_hd.o(.text)
    TIM8_CC_IRQHandler                       0x08000167   Thumb Code     0  startup_stm32f10x_hd.o(.text)
    TIM8_TRG_COM_IRQHandler                  0x08000167   Thumb Code     0  startup_stm32f10x_hd.o(.text)
    TIM8_UP_IRQHandler                       0x08000167   Thumb Code     0  startup_stm32f10x_hd.o(.text)
    UART4_IRQHandler                         0x08000167   Thumb Code     0  startup_stm32f10x_hd.o(.text)
    UART5_IRQHandler                         0x08000167   Thumb Code     0  startup_stm32f10x_hd.o(.text)
    USBWakeUp_IRQHandler                     0x08000167   Thumb Code     0  startup_stm32f10x_hd.o(.text)
    USB_HP_CAN1_TX_IRQHandler                0x08000167   Thumb Code     0  startup_stm32f10x_hd.o(.text)
    USB_LP_CAN1_RX0_IRQHandler               0x08000167   Thumb Code     0  startup_stm32f10x_hd.o(.text)
    WWDG_IRQHandler                          0x08000167   Thumb Code     0  startup_stm32f10x_hd.o(.text)
    SystemInit                               0x0800024f   Thumb Code    78  system_stm32f10x.o(.text)
    SystemCoreClockUpdate                    0x0800029d   Thumb Code   142  system_stm32f10x.o(.text)
    NVIC_PriorityGroupConfig                 0x08000351   Thumb Code    10  misc.o(.text)
    NVIC_Init                                0x0800035b   Thumb Code   100  misc.o(.text)
    NVIC_SetVectorTable                      0x080003bf   Thumb Code    14  misc.o(.text)
    NVIC_SystemLPConfig                      0x080003cd   Thumb Code    34  misc.o(.text)
    SysTick_CLKSourceConfig                  0x080003ef   Thumb Code    40  misc.o(.text)
    BKP_DeInit                               0x0800042d   Thumb Code    16  stm32f10x_bkp.o(.text)
    BKP_TamperPinLevelConfig                 0x0800043d   Thumb Code     6  stm32f10x_bkp.o(.text)
    BKP_TamperPinCmd                         0x08000443   Thumb Code     8  stm32f10x_bkp.o(.text)
    BKP_ITConfig                             0x0800044b   Thumb Code     8  stm32f10x_bkp.o(.text)
    BKP_RTCOutputConfig                      0x08000453   Thumb Code    22  stm32f10x_bkp.o(.text)
    BKP_SetRTCCalibrationValue               0x08000469   Thumb Code    22  stm32f10x_bkp.o(.text)
    BKP_WriteBackupRegister                  0x0800047f   Thumb Code    24  stm32f10x_bkp.o(.text)
    BKP_ReadBackupRegister                   0x08000497   Thumb Code    26  stm32f10x_bkp.o(.text)
    BKP_GetFlagStatus                        0x080004b1   Thumb Code    10  stm32f10x_bkp.o(.text)
    BKP_ClearFlag                            0x080004bb   Thumb Code    18  stm32f10x_bkp.o(.text)
    BKP_GetITStatus                          0x080004cd   Thumb Code    10  stm32f10x_bkp.o(.text)
    BKP_ClearITPendingBit                    0x080004d7   Thumb Code    18  stm32f10x_bkp.o(.text)
    EXTI_DeInit                              0x080004f1   Thumb Code    28  stm32f10x_exti.o(.text)
    EXTI_Init                                0x0800050d   Thumb Code   142  stm32f10x_exti.o(.text)
    EXTI_StructInit                          0x0800059b   Thumb Code    16  stm32f10x_exti.o(.text)
    EXTI_GenerateSWInterrupt                 0x080005ab   Thumb Code    16  stm32f10x_exti.o(.text)
    EXTI_GetFlagStatus                       0x080005bb   Thumb Code    22  stm32f10x_exti.o(.text)
    EXTI_ClearFlag                           0x080005d1   Thumb Code     8  stm32f10x_exti.o(.text)
    EXTI_GetITStatus                         0x080005d9   Thumb Code    34  stm32f10x_exti.o(.text)
    EXTI_ClearITPendingBit                   0x080005fb   Thumb Code     8  stm32f10x_exti.o(.text)
    FLASH_SetLatency                         0x0800060d   Thumb Code    18  stm32f10x_flash.o(.text)
    FLASH_HalfCycleAccessCmd                 0x0800061f   Thumb Code    22  stm32f10x_flash.o(.text)
    FLASH_PrefetchBufferCmd                  0x08000635   Thumb Code    22  stm32f10x_flash.o(.text)
    FLASH_Unlock                             0x0800064b   Thumb Code    12  stm32f10x_flash.o(.text)
    FLASH_UnlockBank1                        0x08000657   Thumb Code    12  stm32f10x_flash.o(.text)
    FLASH_Lock                               0x08000663   Thumb Code    14  stm32f10x_flash.o(.text)
    FLASH_LockBank1                          0x08000671   Thumb Code    14  stm32f10x_flash.o(.text)
    FLASH_GetBank1Status                     0x0800067f   Thumb Code    48  stm32f10x_flash.o(.text)
    FLASH_WaitForLastOperation               0x080006af   Thumb Code    38  stm32f10x_flash.o(.text)
    FLASH_ErasePage                          0x080006d5   Thumb Code    72  stm32f10x_flash.o(.text)
    FLASH_EraseAllPages                      0x0800071d   Thumb Code    68  stm32f10x_flash.o(.text)
    FLASH_WaitForLastBank1Operation          0x08000761   Thumb Code    38  stm32f10x_flash.o(.text)
    FLASH_EraseAllBank1Pages                 0x08000787   Thumb Code    68  stm32f10x_flash.o(.text)
    FLASH_GetReadOutProtectionStatus         0x080007cb   Thumb Code    20  stm32f10x_flash.o(.text)
    FLASH_EraseOptionBytes                   0x080007df   Thumb Code   150  stm32f10x_flash.o(.text)
    FLASH_ProgramWord                        0x08000875   Thumb Code   102  stm32f10x_flash.o(.text)
    FLASH_ProgramHalfWord                    0x080008db   Thumb Code    60  stm32f10x_flash.o(.text)
    FLASH_ProgramOptionByteData              0x08000917   Thumb Code    72  stm32f10x_flash.o(.text)
    FLASH_EnableWriteProtection              0x0800095f   Thumb Code   200  stm32f10x_flash.o(.text)
    FLASH_ReadOutProtection                  0x08000a27   Thumb Code   156  stm32f10x_flash.o(.text)
    FLASH_UserOptionByteConfig               0x08000ac3   Thumb Code    88  stm32f10x_flash.o(.text)
    FLASH_GetUserOptionByte                  0x08000b1b   Thumb Code     8  stm32f10x_flash.o(.text)
    FLASH_GetWriteProtectionOptionByte       0x08000b23   Thumb Code     6  stm32f10x_flash.o(.text)
    FLASH_GetPrefetchBufferStatus            0x08000b29   Thumb Code    20  stm32f10x_flash.o(.text)
    FLASH_ITConfig                           0x08000b3d   Thumb Code    26  stm32f10x_flash.o(.text)
    FLASH_GetFlagStatus                      0x08000b57   Thumb Code    42  stm32f10x_flash.o(.text)
    FLASH_ClearFlag                          0x08000b81   Thumb Code     6  stm32f10x_flash.o(.text)
    FLASH_GetStatus                          0x08000b87   Thumb Code    48  stm32f10x_flash.o(.text)
    GPIO_DeInit                              0x08000bc9   Thumb Code   172  stm32f10x_gpio.o(.text)
    GPIO_AFIODeInit                          0x08000c75   Thumb Code    20  stm32f10x_gpio.o(.text)
    GPIO_Init                                0x08000c89   Thumb Code   278  stm32f10x_gpio.o(.text)
    GPIO_StructInit                          0x08000d9f   Thumb Code    16  stm32f10x_gpio.o(.text)
    GPIO_ReadInputDataBit                    0x08000daf   Thumb Code    18  stm32f10x_gpio.o(.text)
    GPIO_ReadInputData                       0x08000dc1   Thumb Code     8  stm32f10x_gpio.o(.text)
    GPIO_ReadOutputDataBit                   0x08000dc9   Thumb Code    18  stm32f10x_gpio.o(.text)
    GPIO_ReadOutputData                      0x08000ddb   Thumb Code     8  stm32f10x_gpio.o(.text)
    GPIO_SetBits                             0x08000de3   Thumb Code     4  stm32f10x_gpio.o(.text)
    GPIO_ResetBits                           0x08000de7   Thumb Code     4  stm32f10x_gpio.o(.text)
    GPIO_WriteBit                            0x08000deb   Thumb Code    10  stm32f10x_gpio.o(.text)
    GPIO_Write                               0x08000df5   Thumb Code     4  stm32f10x_gpio.o(.text)
    GPIO_PinLockConfig                       0x08000df9   Thumb Code    18  stm32f10x_gpio.o(.text)
    GPIO_EventOutputConfig                   0x08000e0b   Thumb Code    26  stm32f10x_gpio.o(.text)
    GPIO_EventOutputCmd                      0x08000e25   Thumb Code     6  stm32f10x_gpio.o(.text)
    GPIO_PinRemapConfig                      0x08000e2b   Thumb Code   138  stm32f10x_gpio.o(.text)
    GPIO_EXTILineConfig                      0x08000eb5   Thumb Code    66  stm32f10x_gpio.o(.text)
    GPIO_ETH_MediaInterfaceConfig            0x08000ef7   Thumb Code     8  stm32f10x_gpio.o(.text)
    IWDG_WriteAccessCmd                      0x08000f25   Thumb Code     6  stm32f10x_iwdg.o(.text)
    IWDG_SetPrescaler                        0x08000f2b   Thumb Code     6  stm32f10x_iwdg.o(.text)
    IWDG_SetReload                           0x08000f31   Thumb Code     6  stm32f10x_iwdg.o(.text)
    IWDG_ReloadCounter                       0x08000f37   Thumb Code    10  stm32f10x_iwdg.o(.text)
    IWDG_Enable                              0x08000f41   Thumb Code    10  stm32f10x_iwdg.o(.text)
    IWDG_GetFlagStatus                       0x08000f4b   Thumb Code    20  stm32f10x_iwdg.o(.text)
    PWR_DeInit                               0x08000f65   Thumb Code    22  stm32f10x_pwr.o(.text)
    PWR_BackupAccessCmd                      0x08000f7b   Thumb Code     6  stm32f10x_pwr.o(.text)
    PWR_PVDCmd                               0x08000f81   Thumb Code     6  stm32f10x_pwr.o(.text)
    PWR_PVDLevelConfig                       0x08000f87   Thumb Code    18  stm32f10x_pwr.o(.text)
    PWR_WakeUpPinCmd                         0x08000f99   Thumb Code     8  stm32f10x_pwr.o(.text)
    PWR_EnterSTOPMode                        0x08000fa1   Thumb Code    54  stm32f10x_pwr.o(.text)
    PWR_EnterSTANDBYMode                     0x08000fd7   Thumb Code    42  stm32f10x_pwr.o(.text)
    PWR_GetFlagStatus                        0x08001001   Thumb Code    20  stm32f10x_pwr.o(.text)
    PWR_ClearFlag                            0x08001015   Thumb Code    14  stm32f10x_pwr.o(.text)
    RCC_DeInit                               0x08001031   Thumb Code    64  stm32f10x_rcc.o(.text)
    RCC_HSEConfig                            0x08001071   Thumb Code    70  stm32f10x_rcc.o(.text)
    RCC_GetFlagStatus                        0x080010b7   Thumb Code    56  stm32f10x_rcc.o(.text)
    RCC_WaitForHSEStartUp                    0x080010ef   Thumb Code    56  stm32f10x_rcc.o(.text)
    RCC_AdjustHSICalibrationValue            0x08001127   Thumb Code    20  stm32f10x_rcc.o(.text)
    RCC_HSICmd                               0x0800113b   Thumb Code     6  stm32f10x_rcc.o(.text)
    RCC_PLLConfig                            0x08001141   Thumb Code    24  stm32f10x_rcc.o(.text)
    RCC_PLLCmd                               0x08001159   Thumb Code     6  stm32f10x_rcc.o(.text)
    RCC_SYSCLKConfig                         0x0800115f   Thumb Code    18  stm32f10x_rcc.o(.text)
    RCC_GetSYSCLKSource                      0x08001171   Thumb Code    10  stm32f10x_rcc.o(.text)
    RCC_HCLKConfig                           0x0800117b   Thumb Code    18  stm32f10x_rcc.o(.text)
    RCC_PCLK1Config                          0x0800118d   Thumb Code    18  stm32f10x_rcc.o(.text)
    RCC_PCLK2Config                          0x0800119f   Thumb Code    20  stm32f10x_rcc.o(.text)
    RCC_ITConfig                             0x080011b3   Thumb Code    26  stm32f10x_rcc.o(.text)
    RCC_USBCLKConfig                         0x080011cd   Thumb Code     8  stm32f10x_rcc.o(.text)
    RCC_ADCCLKConfig                         0x080011d5   Thumb Code    18  stm32f10x_rcc.o(.text)
    RCC_LSEConfig                            0x080011e7   Thumb Code    50  stm32f10x_rcc.o(.text)
    RCC_LSICmd                               0x08001219   Thumb Code     6  stm32f10x_rcc.o(.text)
    RCC_RTCCLKConfig                         0x0800121f   Thumb Code    12  stm32f10x_rcc.o(.text)
    RCC_RTCCLKCmd                            0x0800122b   Thumb Code     8  stm32f10x_rcc.o(.text)
    RCC_GetClocksFreq                        0x08001233   Thumb Code   192  stm32f10x_rcc.o(.text)
    RCC_AHBPeriphClockCmd                    0x080012f3   Thumb Code    26  stm32f10x_rcc.o(.text)
    RCC_APB2PeriphClockCmd                   0x0800130d   Thumb Code    26  stm32f10x_rcc.o(.text)
    RCC_APB1PeriphClockCmd                   0x08001327   Thumb Code    26  stm32f10x_rcc.o(.text)
    RCC_APB2PeriphResetCmd                   0x08001341   Thumb Code    26  stm32f10x_rcc.o(.text)
    RCC_APB1PeriphResetCmd                   0x0800135b   Thumb Code    26  stm32f10x_rcc.o(.text)
    RCC_BackupResetCmd                       0x08001375   Thumb Code     8  stm32f10x_rcc.o(.text)
    RCC_ClockSecuritySystemCmd               0x0800137d   Thumb Code     6  stm32f10x_rcc.o(.text)
    RCC_MCOConfig                            0x08001383   Thumb Code     6  stm32f10x_rcc.o(.text)
    RCC_ClearFlag                            0x08001389   Thumb Code    14  stm32f10x_rcc.o(.text)
    RCC_GetITStatus                          0x08001397   Thumb Code    20  stm32f10x_rcc.o(.text)
    RCC_ClearITPendingBit                    0x080013ab   Thumb Code     6  stm32f10x_rcc.o(.text)
    RTC_ITConfig                             0x080013d5   Thumb Code    26  stm32f10x_rtc.o(.text)
    RTC_EnterConfigMode                      0x080013ef   Thumb Code    18  stm32f10x_rtc.o(.text)
    RTC_ExitConfigMode                       0x08001401   Thumb Code    20  stm32f10x_rtc.o(.text)
    RTC_GetCounter                           0x08001415   Thumb Code    18  stm32f10x_rtc.o(.text)
    RTC_SetCounter                           0x08001427   Thumb Code    26  stm32f10x_rtc.o(.text)
    RTC_SetPrescaler                         0x08001441   Thumb Code    28  stm32f10x_rtc.o(.text)
    RTC_SetAlarm                             0x0800145d   Thumb Code    26  stm32f10x_rtc.o(.text)
    RTC_GetDivider                           0x08001477   Thumb Code    22  stm32f10x_rtc.o(.text)
    RTC_WaitForLastTask                      0x0800148d   Thumb Code    18  stm32f10x_rtc.o(.text)
    RTC_WaitForSynchro                       0x0800149f   Thumb Code    36  stm32f10x_rtc.o(.text)
    RTC_GetFlagStatus                        0x080014c3   Thumb Code    22  stm32f10x_rtc.o(.text)
    RTC_ClearFlag                            0x080014d9   Thumb Code    16  stm32f10x_rtc.o(.text)
    RTC_GetITStatus                          0x080014e9   Thumb Code    32  stm32f10x_rtc.o(.text)
    RTC_ClearITPendingBit                    0x08001509   Thumb Code    16  stm32f10x_rtc.o(.text)
    TIM_DeInit                               0x0800151d   Thumb Code   424  stm32f10x_tim.o(.text)
    TIM_TimeBaseInit                         0x080016c5   Thumb Code   122  stm32f10x_tim.o(.text)
    TIM_OC1Init                              0x0800173f   Thumb Code   132  stm32f10x_tim.o(.text)
    TIM_OC2Init                              0x080017c3   Thumb Code   154  stm32f10x_tim.o(.text)
    TIM_OC3Init                              0x0800185d   Thumb Code   150  stm32f10x_tim.o(.text)
    TIM_OC4Init                              0x080018f3   Thumb Code   182  stm32f10x_tim.o(.text)
    TIM_SetIC4Prescaler                      0x080019a9   Thumb Code    26  stm32f10x_tim.o(.text)
    TIM_SetIC3Prescaler                      0x08001a45   Thumb Code    18  stm32f10x_tim.o(.text)
    TIM_SetIC2Prescaler                      0x08001ad1   Thumb Code    26  stm32f10x_tim.o(.text)
    TIM_SetIC1Prescaler                      0x08001b6d   Thumb Code    18  stm32f10x_tim.o(.text)
    TIM_ICInit                               0x08001beb   Thumb Code   150  stm32f10x_tim.o(.text)
    TIM_PWMIConfig                           0x08001c81   Thumb Code   124  stm32f10x_tim.o(.text)
    TIM_BDTRConfig                           0x08001cfd   Thumb Code    32  stm32f10x_tim.o(.text)
    TIM_TimeBaseStructInit                   0x08001d1d   Thumb Code    18  stm32f10x_tim.o(.text)
    TIM_OCStructInit                         0x08001d2f   Thumb Code    20  stm32f10x_tim.o(.text)
    TIM_ICStructInit                         0x08001d43   Thumb Code    18  stm32f10x_tim.o(.text)
    TIM_BDTRStructInit                       0x08001d55   Thumb Code    40  stm32f10x_tim.o(.text)
    TIM_Cmd                                  0x08001d7d   Thumb Code    24  stm32f10x_tim.o(.text)
    TIM_CtrlPWMOutputs                       0x08001d95   Thumb Code    30  stm32f10x_tim.o(.text)
    TIM_ITConfig                             0x08001db3   Thumb Code    18  stm32f10x_tim.o(.text)
    TIM_GenerateEvent                        0x08001dc5   Thumb Code     4  stm32f10x_tim.o(.text)
    TIM_DMAConfig                            0x08001dc9   Thumb Code    10  stm32f10x_tim.o(.text)
    TIM_DMACmd                               0x08001dd3   Thumb Code    18  stm32f10x_tim.o(.text)
    TIM_InternalClockConfig                  0x08001de5   Thumb Code    12  stm32f10x_tim.o(.text)
    TIM_SelectInputTrigger                   0x08001df1   Thumb Code    18  stm32f10x_tim.o(.text)
    TIM_ITRxExternalClockConfig              0x08001e03   Thumb Code    24  stm32f10x_tim.o(.text)
    TIM_TIxExternalClockConfig               0x08001e1b   Thumb Code    62  stm32f10x_tim.o(.text)
    TIM_ETRConfig                            0x08001e59   Thumb Code    28  stm32f10x_tim.o(.text)
    TIM_ETRClockMode1Config                  0x08001e75   Thumb Code    54  stm32f10x_tim.o(.text)
    TIM_ETRClockMode2Config                  0x08001eab   Thumb Code    32  stm32f10x_tim.o(.text)
    TIM_PrescalerConfig                      0x08001ecb   Thumb Code     6  stm32f10x_tim.o(.text)
    TIM_CounterModeConfig                    0x08001ed1   Thumb Code    18  stm32f10x_tim.o(.text)
    TIM_EncoderInterfaceConfig               0x08001ee3   Thumb Code    66  stm32f10x_tim.o(.text)
    TIM_ForcedOC1Config                      0x08001f25   Thumb Code    18  stm32f10x_tim.o(.text)
    TIM_ForcedOC2Config                      0x08001f37   Thumb Code    26  stm32f10x_tim.o(.text)
    TIM_ForcedOC3Config                      0x08001f51   Thumb Code    18  stm32f10x_tim.o(.text)
    TIM_ForcedOC4Config                      0x08001f63   Thumb Code    26  stm32f10x_tim.o(.text)
    TIM_ARRPreloadConfig                     0x08001f7d   Thumb Code    24  stm32f10x_tim.o(.text)
    TIM_SelectCOM                            0x08001f95   Thumb Code    24  stm32f10x_tim.o(.text)
    TIM_SelectCCDMA                          0x08001fad   Thumb Code    24  stm32f10x_tim.o(.text)
    TIM_CCPreloadControl                     0x08001fc5   Thumb Code    24  stm32f10x_tim.o(.text)
    TIM_OC1PreloadConfig                     0x08001fdd   Thumb Code    18  stm32f10x_tim.o(.text)
    TIM_OC2PreloadConfig                     0x08001fef   Thumb Code    26  stm32f10x_tim.o(.text)
    TIM_OC3PreloadConfig                     0x08002009   Thumb Code    18  stm32f10x_tim.o(.text)
    TIM_OC4PreloadConfig                     0x0800201b   Thumb Code    26  stm32f10x_tim.o(.text)
    TIM_OC1FastConfig                        0x08002035   Thumb Code    18  stm32f10x_tim.o(.text)
    TIM_OC2FastConfig                        0x08002047   Thumb Code    26  stm32f10x_tim.o(.text)
    TIM_OC3FastConfig                        0x08002061   Thumb Code    18  stm32f10x_tim.o(.text)
    TIM_OC4FastConfig                        0x08002073   Thumb Code    26  stm32f10x_tim.o(.text)
    TIM_ClearOC1Ref                          0x0800208d   Thumb Code    18  stm32f10x_tim.o(.text)
    TIM_ClearOC2Ref                          0x0800209f   Thumb Code    24  stm32f10x_tim.o(.text)
    TIM_ClearOC3Ref                          0x080020b7   Thumb Code    18  stm32f10x_tim.o(.text)
    TIM_ClearOC4Ref                          0x080020c9   Thumb Code    24  stm32f10x_tim.o(.text)
    TIM_OC1PolarityConfig                    0x080020e1   Thumb Code    18  stm32f10x_tim.o(.text)
    TIM_OC1NPolarityConfig                   0x080020f3   Thumb Code    18  stm32f10x_tim.o(.text)
    TIM_OC2PolarityConfig                    0x08002105   Thumb Code    26  stm32f10x_tim.o(.text)
    TIM_OC2NPolarityConfig                   0x0800211f   Thumb Code    26  stm32f10x_tim.o(.text)
    TIM_OC3PolarityConfig                    0x08002139   Thumb Code    26  stm32f10x_tim.o(.text)
    TIM_OC3NPolarityConfig                   0x08002153   Thumb Code    26  stm32f10x_tim.o(.text)
    TIM_OC4PolarityConfig                    0x0800216d   Thumb Code    26  stm32f10x_tim.o(.text)
    TIM_CCxCmd                               0x08002187   Thumb Code    30  stm32f10x_tim.o(.text)
    TIM_CCxNCmd                              0x080021a5   Thumb Code    30  stm32f10x_tim.o(.text)
    TIM_SelectOCxM                           0x080021c3   Thumb Code    82  stm32f10x_tim.o(.text)
    TIM_UpdateDisableConfig                  0x08002215   Thumb Code    24  stm32f10x_tim.o(.text)
    TIM_UpdateRequestConfig                  0x0800222d   Thumb Code    24  stm32f10x_tim.o(.text)
    TIM_SelectHallSensor                     0x08002245   Thumb Code    24  stm32f10x_tim.o(.text)
    TIM_SelectOnePulseMode                   0x0800225d   Thumb Code    18  stm32f10x_tim.o(.text)
    TIM_SelectOutputTrigger                  0x0800226f   Thumb Code    18  stm32f10x_tim.o(.text)
    TIM_SelectSlaveMode                      0x08002281   Thumb Code    18  stm32f10x_tim.o(.text)
    TIM_SelectMasterSlaveMode                0x08002293   Thumb Code    18  stm32f10x_tim.o(.text)
    TIM_SetCounter                           0x080022a5   Thumb Code     4  stm32f10x_tim.o(.text)
    TIM_SetAutoreload                        0x080022a9   Thumb Code     4  stm32f10x_tim.o(.text)
    TIM_SetCompare1                          0x080022ad   Thumb Code     4  stm32f10x_tim.o(.text)
    TIM_SetCompare2                          0x080022b1   Thumb Code     4  stm32f10x_tim.o(.text)
    TIM_SetCompare3                          0x080022b5   Thumb Code     4  stm32f10x_tim.o(.text)
    TIM_SetCompare4                          0x080022b9   Thumb Code     6  stm32f10x_tim.o(.text)
    TIM_SetClockDivision                     0x080022bf   Thumb Code    18  stm32f10x_tim.o(.text)
    TIM_GetCapture1                          0x080022d1   Thumb Code     6  stm32f10x_tim.o(.text)
    TIM_GetCapture2                          0x080022d7   Thumb Code     6  stm32f10x_tim.o(.text)
    TIM_GetCapture3                          0x080022dd   Thumb Code     6  stm32f10x_tim.o(.text)
    TIM_GetCapture4                          0x080022e3   Thumb Code     8  stm32f10x_tim.o(.text)
    TIM_GetCounter                           0x080022eb   Thumb Code     6  stm32f10x_tim.o(.text)
    TIM_GetPrescaler                         0x080022f1   Thumb Code     6  stm32f10x_tim.o(.text)
    TIM_GetFlagStatus                        0x080022f7   Thumb Code    18  stm32f10x_tim.o(.text)
    TIM_ClearFlag                            0x08002309   Thumb Code     6  stm32f10x_tim.o(.text)
    TIM_GetITStatus                          0x0800230f   Thumb Code    34  stm32f10x_tim.o(.text)
    TIM_ClearITPendingBit                    0x08002331   Thumb Code     6  stm32f10x_tim.o(.text)
    USART_DeInit                             0x08002339   Thumb Code   134  stm32f10x_usart.o(.text)
    USART_Init                               0x080023bf   Thumb Code   210  stm32f10x_usart.o(.text)
    USART_StructInit                         0x08002491   Thumb Code    24  stm32f10x_usart.o(.text)
    USART_ClockInit                          0x080024a9   Thumb Code    34  stm32f10x_usart.o(.text)
    USART_ClockStructInit                    0x080024cb   Thumb Code    12  stm32f10x_usart.o(.text)
    USART_Cmd                                0x080024d7   Thumb Code    24  stm32f10x_usart.o(.text)
    USART_ITConfig                           0x080024ef   Thumb Code    74  stm32f10x_usart.o(.text)
    USART_DMACmd                             0x08002539   Thumb Code    18  stm32f10x_usart.o(.text)
    USART_SetAddress                         0x0800254b   Thumb Code    18  stm32f10x_usart.o(.text)
    USART_WakeUpConfig                       0x0800255d   Thumb Code    18  stm32f10x_usart.o(.text)
    USART_ReceiverWakeUpCmd                  0x0800256f   Thumb Code    24  stm32f10x_usart.o(.text)
    USART_LINBreakDetectLengthConfig         0x08002587   Thumb Code    18  stm32f10x_usart.o(.text)
    USART_LINCmd                             0x08002599   Thumb Code    24  stm32f10x_usart.o(.text)
    USART_SendData                           0x080025b1   Thumb Code     8  stm32f10x_usart.o(.text)
    USART_ReceiveData                        0x080025b9   Thumb Code    10  stm32f10x_usart.o(.text)
    USART_SendBreak                          0x080025c3   Thumb Code    10  stm32f10x_usart.o(.text)
    USART_SetGuardTime                       0x080025cd   Thumb Code    16  stm32f10x_usart.o(.text)
    USART_SetPrescaler                       0x080025dd   Thumb Code    16  stm32f10x_usart.o(.text)
    USART_SmartCardCmd                       0x080025ed   Thumb Code    24  stm32f10x_usart.o(.text)
    USART_SmartCardNACKCmd                   0x08002605   Thumb Code    24  stm32f10x_usart.o(.text)
    USART_HalfDuplexCmd                      0x0800261d   Thumb Code    24  stm32f10x_usart.o(.text)
    USART_OverSampling8Cmd                   0x08002635   Thumb Code    22  stm32f10x_usart.o(.text)
    USART_OneBitMethodCmd                    0x0800264b   Thumb Code    24  stm32f10x_usart.o(.text)
    USART_IrDAConfig                         0x08002663   Thumb Code    18  stm32f10x_usart.o(.text)
    USART_IrDACmd                            0x08002675   Thumb Code    24  stm32f10x_usart.o(.text)
    USART_GetFlagStatus                      0x0800268d   Thumb Code    26  stm32f10x_usart.o(.text)
    USART_ClearFlag                          0x080026a7   Thumb Code    18  stm32f10x_usart.o(.text)
    USART_GetITStatus                        0x080026b9   Thumb Code    84  stm32f10x_usart.o(.text)
    USART_ClearITPendingBit                  0x0800270d   Thumb Code    52  stm32f10x_usart.o(.text)
    initVariate                              0x08002741   Thumb Code   154  main.o(.text)
    main                                     0x080027db   Thumb Code    74  main.o(.text)
    HSE_SetSysClock                          0x08002851   Thumb Code   118  init.o(.text)
    HSI_SetSysClock                          0x080028c7   Thumb Code   116  init.o(.text)
    RCC_Configuration                        0x0800293b   Thumb Code    60  init.o(.text)
    UART_GPIO_Configuration                  0x08002977   Thumb Code   150  init.o(.text)
    NVIC_Configuration                       0x08002a0d   Thumb Code   154  init.o(.text)
    EXTI_Configuration                       0x08002aa7   Thumb Code     2  init.o(.text)
    USART_Configuration                      0x08002aa9   Thumb Code   202  init.o(.text)
    TIM6_Configuration                       0x08002b73   Thumb Code    66  init.o(.text)
    RTC_Configuration                        0x08002bb5   Thumb Code    74  init.o(.text)
    TIM_3_Configuration                      0x08002bff   Thumb Code    64  init.o(.text)
    WDG_Init                                 0x08002c3f   Thumb Code    58  init.o(.text)
    fputc                                    0x08002c79   Thumb Code    32  init.o(.text)
    NMI_Handler                              0x08002cb9   Thumb Code     2  stm32f10x_it.o(.text)
    HardFault_Handler                        0x08002cbb   Thumb Code     4  stm32f10x_it.o(.text)
    MemManage_Handler                        0x08002cbf   Thumb Code     4  stm32f10x_it.o(.text)
    BusFault_Handler                         0x08002cc3   Thumb Code     4  stm32f10x_it.o(.text)
    UsageFault_Handler                       0x08002cc7   Thumb Code     4  stm32f10x_it.o(.text)
    SVC_Handler                              0x08002ccb   Thumb Code     2  stm32f10x_it.o(.text)
    DebugMon_Handler                         0x08002ccd   Thumb Code     2  stm32f10x_it.o(.text)
    PendSV_Handler                           0x08002ccf   Thumb Code     2  stm32f10x_it.o(.text)
    SysTick_Handler                          0x08002cd1   Thumb Code     8  stm32f10x_it.o(.text)
    RTCAlarm_IRQHandler                      0x08002cd9   Thumb Code    48  stm32f10x_it.o(.text)
    TIM3_IRQHandler                          0x08002d09   Thumb Code    98  stm32f10x_it.o(.text)
    TIM6_IRQHandler                          0x08002d6b   Thumb Code    30  stm32f10x_it.o(.text)
    USART1_IRQHandler                        0x08002d89   Thumb Code    14  stm32f10x_it.o(.text)
    USART2_IRQHandler                        0x08002d97   Thumb Code   280  stm32f10x_it.o(.text)
    USART3_IRQHandler                        0x08002eaf   Thumb Code   358  stm32f10x_it.o(.text)
    EXTI0_IRQHandler                         0x08003015   Thumb Code    18  stm32f10x_it.o(.text)
    SysTick_Init                             0x080030e9   Thumb Code    90  delay.o(.text)
    delay_10us                               0x08003143   Thumb Code    16  delay.o(.text)
    TimingDelay_Decrement                    0x08003153   Thumb Code    18  delay.o(.text)
    delay_us                                 0x08003165   Thumb Code    26  delay.o(.text)
    get_ms                                   0x0800317f   Thumb Code     2  delay.o(.text)
    delay_ms                                 0x08003181   Thumb Code    56  delay.o(.text)
    delay                                    0x080031b9   Thumb Code    26  delay.o(.text)
    str_copy_usart_buf                       0x080031e9   Thumb Code    26  uart.o(.text)
    str_copy_usart_buf2                      0x08003203   Thumb Code    26  uart.o(.text)
    Usart_SendByte                           0x0800321d   Thumb Code    62  uart.o(.text)
    Usart_SendString                         0x0800325b   Thumb Code    60  uart.o(.text)
    USART_data_Reset                         0x08003297   Thumb Code    78  uart.o(.text)
    buildAndSendDataToNode                   0x080032e5   Thumb Code   120  uart.o(.text)
    uint32_Str                               0x080033b5   Thumb Code    52  tools.o(.text)
    IO_TXD                                   0x080033e9   Thumb Code    84  tools.o(.text)
    IO_USART_Send                            0x0800343d   Thumb Code    26  tools.o(.text)
    CheckSum                                 0x08003457   Thumb Code    30  tools.o(.text)
    printHex                                 0x08003475   Thumb Code    32  tools.o(.text)
    displayHex2oled                          0x08003495   Thumb Code    68  tools.o(.text)
    hexCompaer                               0x080034d9   Thumb Code    74  tools.o(.text)
    StrToHexByte                             0x08003523   Thumb Code   108  tools.o(.text)
    getChipIdStr                             0x0800358f   Thumb Code   126  tools.o(.text)
    NodeDataAnalysis                         0x08003689   Thumb Code   754  application.o(.text)
    IntervalProc                             0x0800397b   Thumb Code   510  application.o(.text)
    rwTypeAndAddr                            0x08003b79   Thumb Code    72  application.o(.text)
    EconAnalysis                             0x08003bc1   Thumb Code   196  application.o(.text)
    relayOpreat                              0x08003c85   Thumb Code   164  application.o(.text)
    flash_erase_page                         0x08003de9   Thumb Code    96  flash.o(.text)
    flash_erase                              0x08003e49   Thumb Code    66  flash.o(.text)
    writeFlash                               0x08003e8b   Thumb Code   128  flash.o(.text)
    readFlash                                0x08003f0b   Thumb Code    26  flash.o(.text)
    wFlashData                               0x08003f25   Thumb Code    78  flash.o(.text)
    rFlashData                               0x08003f73   Thumb Code    96  flash.o(.text)
    iap_load_app                             0x08003fd3   Thumb Code    50  flash.o(.text)
    buildAndSendStr2TFT                      0x080040fd   Thumb Code   108  tftcommunic.o(.text)
    TFTDisplayNodeList2SetPag                0x08004169   Thumb Code   128  tftcommunic.o(.text)
    disp_hindTFTContrl                       0x080041e9   Thumb Code    64  tftcommunic.o(.text)
    disp_hindTFTDisPage                      0x08004229   Thumb Code    78  tftcommunic.o(.text)
    dispSetTips                              0x08004277   Thumb Code    16  tftcommunic.o(.text)
    dispElec2TFT                             0x08004287   Thumb Code   578  tftcommunic.o(.text)
    TFTButtonEvent                           0x080044c9   Thumb Code   804  tftcommunic.o(.text)
    setListPagef2                            0x080047ed   Thumb Code    48  tftcommunic.o(.text)
    updateListPagef2                         0x0800481d   Thumb Code    60  tftcommunic.o(.text)
    updateRegisterCount                      0x08004859   Thumb Code    26  tftcommunic.o(.text)
    deleteNodeInfo                           0x08004873   Thumb Code   232  tftcommunic.o(.text)
    RegisterNode                             0x0800495b   Thumb Code   970  tftcommunic.o(.text)
    TFTanalysis                              0x08004d25   Thumb Code   282  tftcommunic.o(.text)
    getTFTText                               0x08004e3f   Thumb Code   134  tftcommunic.o(.text)
    getListPagef1                            0x08004ec5   Thumb Code    12  tftcommunic.o(.text)
    rebootTFT                                0x08004ed1   Thumb Code    52  tftcommunic.o(.text)
    QueueShiftLeft                           0x080050a1   Thumb Code    54  uartsendqueue.o(.text)
    printQuenId                              0x080050d7   Thumb Code    60  uartsendqueue.o(.text)
    addTFTSendQueue                          0x08005113   Thumb Code    68  uartsendqueue.o(.text)
    sendQueueMSG                             0x08005157   Thumb Code    28  uartsendqueue.o(.text)
    OLED_GPIO_Init                           0x080051b9   Thumb Code    50  oled.o(.text)
    IIC_Start                                0x080051eb   Thumb Code    46  oled.o(.text)
    IIC_Stop                                 0x08005219   Thumb Code    48  oled.o(.text)
    Write_IIC_Byte                           0x08005249   Thumb Code    94  oled.o(.text)
    OLED_WrDat                               0x080052a7   Thumb Code    32  oled.o(.text)
    OLED_WrCmd                               0x080052c7   Thumb Code    32  oled.o(.text)
    OLED_Set_Pos                             0x080052e7   Thumb Code    36  oled.o(.text)
    OLED_Set_Pos_2                           0x0800530b   Thumb Code    40  oled.o(.text)
    OLED_Fill                                0x08005333   Thumb Code    58  oled.o(.text)
    Draw_BMP                                 0x0800536d   Thumb Code   116  oled.o(.text)
    OLED_CLS                                 0x080053e1   Thumb Code    10  oled.o(.text)
    OLED_ON                                  0x080053eb   Thumb Code    22  oled.o(.text)
    OLED_OFF                                 0x08005401   Thumb Code    22  oled.o(.text)
    OLED_Init                                0x08005417   Thumb Code   196  oled.o(.text)
    OLED_P6x8Str                             0x080054db   Thumb Code   116  oled.o(.text)
    OLED_Show6x8                             0x0800554f   Thumb Code    96  oled.o(.text)
    OLED_P8x16Str                            0x080055af   Thumb Code   180  oled.o(.text)
    OLED_P16x16Ch                            0x08005663   Thumb Code    80  oled.o(.text)
    display_ch                               0x080056b3   Thumb Code    54  oled.o(.text)
    Xintiao                                  0x080056e9   Thumb Code    64  oled.o(.text)
    __aeabi_memcpy                           0x08005739   Thumb Code    36  memcpya.o(.text)
    __aeabi_memcpy4                          0x08005739   Thumb Code     0  memcpya.o(.text)
    __aeabi_memcpy8                          0x08005739   Thumb Code     0  memcpya.o(.text)
    __aeabi_memset                           0x0800575d   Thumb Code    14  memseta.o(.text)
    __aeabi_memset4                          0x0800575d   Thumb Code     0  memseta.o(.text)
    __aeabi_memset8                          0x0800575d   Thumb Code     0  memseta.o(.text)
    __aeabi_memclr                           0x0800576b   Thumb Code     4  memseta.o(.text)
    __aeabi_memclr4                          0x0800576b   Thumb Code     0  memseta.o(.text)
    __aeabi_memclr8                          0x0800576b   Thumb Code     0  memseta.o(.text)
    _memset$wrapper                          0x0800576f   Thumb Code    18  memseta.o(.text)
    strlen                                   0x08005781   Thumb Code    14  strlen.o(.text)
    strcmp                                   0x0800578f   Thumb Code    28  strcmp.o(.text)
    strcpy                                   0x080057ab   Thumb Code    18  strcpy.o(.text)
    strtol                                   0x080057bd   Thumb Code   112  strtol.o(.text)
    __aeabi_dmul                             0x0800582d   Thumb Code   228  dmul.o(.text)
    __aeabi_ddiv                             0x08005911   Thumb Code   222  ddiv.o(.text)
    __aeabi_i2d                              0x080059ef   Thumb Code    34  dflti.o(.text)
    __aeabi_ui2d                             0x08005a11   Thumb Code    26  dfltui.o(.text)
    __aeabi_d2uiz                            0x08005a2b   Thumb Code    50  dfixui.o(.text)
    __aeabi_f2d                              0x08005a5d   Thumb Code    38  f2d.o(.text)
    __aeabi_d2f                              0x08005a83   Thumb Code    56  d2f.o(.text)
    __aeabi_uidiv                            0x08005abb   Thumb Code     0  uidiv.o(.text)
    __aeabi_uidivmod                         0x08005abb   Thumb Code    44  uidiv.o(.text)
    __aeabi_uldivmod                         0x08005ae7   Thumb Code    98  uldiv.o(.text)
    __aeabi_llsr                             0x08005b49   Thumb Code    32  llushr.o(.text)
    _ll_ushift_r                             0x08005b49   Thumb Code     0  llushr.o(.text)
    __rt_ctype_table                         0x08005b69   Thumb Code     4  ctype_o.o(.text)
    _strtoul                                 0x08005b71   Thumb Code   158  _strtoul.o(.text)
    __I$use$fp                               0x08005c0f   Thumb Code     0  iusefp.o(.text)
    _float_round                             0x08005c0f   Thumb Code    18  fepilogue.o(.text)
    _float_epilogue                          0x08005c21   Thumb Code    92  fepilogue.o(.text)
    _double_round                            0x08005c7d   Thumb Code    30  depilogue.o(.text)
    _double_epilogue                         0x08005c9b   Thumb Code   156  depilogue.o(.text)
    __aeabi_dadd                             0x08005d37   Thumb Code   322  dadd.o(.text)
    __aeabi_dsub                             0x08005e79   Thumb Code     6  dadd.o(.text)
    __aeabi_drsub                            0x08005e7f   Thumb Code     6  dadd.o(.text)
    __aeabi_d2ulz                            0x08005e85   Thumb Code    48  dfixul.o(.text)
    __aeabi_cdrcmple                         0x08005eb5   Thumb Code    48  cdrcmple.o(.text)
    __scatterload                            0x08005ee5   Thumb Code    28  init.o(.text)
    __scatterload_rt2                        0x08005ee5   Thumb Code     0  init.o(.text)
    __aeabi_llsl                             0x08005f09   Thumb Code    30  llshl.o(.text)
    _ll_shift_l                              0x08005f09   Thumb Code     0  llshl.o(.text)
    __aeabi_lasr                             0x08005f27   Thumb Code    36  llsshr.o(.text)
    _ll_sshift_r                             0x08005f27   Thumb Code     0  llsshr.o(.text)
    _chval                                   0x08005f4b   Thumb Code    28  _chval.o(.text)
    __decompress                             0x08005f67   Thumb Code     0  __dczerorl2.o(.text)
    __decompress1                            0x08005f67   Thumb Code    86  __dczerorl2.o(.text)
    __0printf                                0x08005fbd   Thumb Code    22  printfa.o(i.__0printf)
    __1printf                                0x08005fbd   Thumb Code     0  printfa.o(i.__0printf)
    __2printf                                0x08005fbd   Thumb Code     0  printfa.o(i.__0printf)
    __c89printf                              0x08005fbd   Thumb Code     0  printfa.o(i.__0printf)
    printf                                   0x08005fbd   Thumb Code     0  printfa.o(i.__0printf)
    __0sprintf                               0x08005fdd   Thumb Code    34  printfa.o(i.__0sprintf)
    __1sprintf                               0x08005fdd   Thumb Code     0  printfa.o(i.__0sprintf)
    __2sprintf                               0x08005fdd   Thumb Code     0  printfa.o(i.__0sprintf)
    __c89sprintf                             0x08005fdd   Thumb Code     0  printfa.o(i.__0sprintf)
    sprintf                                  0x08005fdd   Thumb Code     0  printfa.o(i.__0sprintf)
    __aeabi_errno_addr                       0x08006005   Thumb Code     4  errno.o(i.__aeabi_errno_addr)
    __rt_errno_addr                          0x08006005   Thumb Code     0  errno.o(i.__aeabi_errno_addr)
    __scatterload_copy                       0x0800600d   Thumb Code    14  handlers.o(i.__scatterload_copy)
    __scatterload_null                       0x0800601b   Thumb Code     2  handlers.o(i.__scatterload_null)
    __scatterload_zeroinit                   0x0800601d   Thumb Code    14  handlers.o(i.__scatterload_zeroinit)
    __ctype_table                            0x080068c8   Data         129  ctype_o.o(.constdata)
    Region$$Table$$Base                      0x08006994   Number         0  anon$$obj.o(Region$$Table)
    Region$$Table$$Limit                     0x080069b4   Number         0  anon$$obj.o(Region$$Table)
    SystemCoreClock                          0x20000000   Data           4  system_stm32f10x.o(.data)
    AHBPrescTable                            0x20000004   Data          16  system_stm32f10x.o(.data)
    E_old_reg                                0x20000038   Data           2  application.o(.data)
    g_kCount                                 0x2000003a   Data           2  application.o(.data)
    jump2app                                 0x20000040   Data           4  flash.o(.data)
    currentTFTV                              0x20000044   Data           4  tftcommunic.o(.data)
    g_RequestNodeElecFlag                    0x20000048   Data           1  tftcommunic.o(.data)
    g_nodeTotalCount                         0x20000049   Data           1  tftcommunic.o(.data)
    g_currentRquesNodeIndex                  0x2000004a   Data           1  tftcommunic.o(.data)
    dispNodeN                                0x2000004b   Data           6  tftcommunic.o(.data)
    dispNodeP                                0x20000051   Data           6  tftcommunic.o(.data)
    CH1Button                                0x20000057   Data           6  tftcommunic.o(.data)
    CH2Button                                0x2000005d   Data           6  tftcommunic.o(.data)
    StatusText                               0x20000063   Data           6  tftcommunic.o(.data)
    MsgCount                                 0x2000006a   Data           2  uartsendqueue.o(.data)
    msgid                                    0x2000006c   Data           1  uartsendqueue.o(.data)
    My6x8                                    0x2000006d   Data           6  codetab.o(.data)
    Text_1                                   0x20000073   Data         176  codetab.o(.data)
    F6x8                                     0x20000123   Data         552  codetab.o(.data)
    F8X16                                    0x2000034b   Data        1520  codetab.o(.data)
    BMP_biankuang                            0x2000093b   Data        1024  codetab.o(.data)
    BMP_XIN1                                 0x20000d3b   Data         128  codetab.o(.data)
    BMP_XIN2                                 0x20000dbb   Data         128  codetab.o(.data)
    BMP_XIN3                                 0x20000e3b   Data         128  codetab.o(.data)
    __stdout                                 0x20000ebc   Data           4  stdout.o(.data)
    nodeInfo                                 0x20000ec4   Data       25500  init.o(.bss)
    timerVariate                             0x20007260   Data        1036  stm32f10x_it.o(.bss)
    uart2TFTPack                             0x2000766c   Data         284  uart.o(.bss)
    uart3_485Pack                            0x20007788   Data         548  uart.o(.bss)
    pTFTPackUser                             0x200079ac   Data          16  uart.o(.bss)
    g_retBuf                                 0x200079bc   Data         120  uart.o(.bss)
    g_ChipIDi                                0x20007a34   Data          12  tools.o(.bss)
    g_ChipIDS                                0x20007a40   Data          25  tools.o(.bss)
    sendNodeDatabuf                          0x20007a59   Data          12  tftcommunic.o(.bss)
    message                                  0x20007a68   Data        2560  uartsendqueue.o(.bss)
    __initial_sp                             0x20008868   Data           0  startup_stm32f10x_hd.o(STACK)



==============================================================================

Memory Map of the image

  Image Entry point : 0x08000131

  Load Region LR_IROM1 (Base: 0x08000000, Size: 0x00007878, Max: 0x0000d800, ABSOLUTE, COMPRESSED[0x00007050])

    Execution Region ER_IROM1 (Base: 0x08000000, Size: 0x000069b4, Max: 0x0000d800, ABSOLUTE)

    Base Addr    Size         Type   Attr      Idx    E Section Name        Object

    0x08000000   0x00000130   Data   RO            3    RESET               startup_stm32f10x_hd.o
    0x08000130   0x00000000   Code   RO          697  * .ARM.Collect$$$$00000000  mc_w.l(entry.o)
    0x08000130   0x00000004   Code   RO          989    .ARM.Collect$$$$00000001  mc_w.l(entry2.o)
    0x08000134   0x00000004   Code   RO          992    .ARM.Collect$$$$00000004  mc_w.l(entry5.o)
    0x08000138   0x00000000   Code   RO          994    .ARM.Collect$$$$00000008  mc_w.l(entry7b.o)
    0x08000138   0x00000000   Code   RO          996    .ARM.Collect$$$$0000000A  mc_w.l(entry8b.o)
    0x08000138   0x00000008   Code   RO          997    .ARM.Collect$$$$0000000B  mc_w.l(entry9a.o)
    0x08000140   0x00000000   Code   RO          999    .ARM.Collect$$$$0000000D  mc_w.l(entry10a.o)
    0x08000140   0x00000000   Code   RO         1001    .ARM.Collect$$$$0000000F  mc_w.l(entry11a.o)
    0x08000140   0x00000004   Code   RO          990    .ARM.Collect$$$$00002712  mc_w.l(entry2.o)
    0x08000144   0x00000006   Code   RO          605    .emb_text           flash.o
    0x0800014a   0x00000002   PAD
    0x0800014c   0x00000024   Code   RO            4    .text               startup_stm32f10x_hd.o
    0x08000170   0x000001e0   Code   RO           24    .text               system_stm32f10x.o
    0x08000350   0x000000dc   Code   RO          121    .text               misc.o
    0x0800042c   0x000000c4   Code   RO          149    .text               stm32f10x_bkp.o
    0x080004f0   0x0000011c   Code   RO          233    .text               stm32f10x_exti.o
    0x0800060c   0x000005bc   Code   RO          245    .text               stm32f10x_flash.o
    0x08000bc8   0x0000035c   Code   RO          269    .text               stm32f10x_gpio.o
    0x08000f24   0x00000040   Code   RO          293    .text               stm32f10x_iwdg.o
    0x08000f64   0x000000cc   Code   RO          305    .text               stm32f10x_pwr.o
    0x08001030   0x000003a4   Code   RO          317    .text               stm32f10x_rcc.o
    0x080013d4   0x00000148   Code   RO          331    .text               stm32f10x_rtc.o
    0x0800151c   0x00000e1a   Code   RO          367    .text               stm32f10x_tim.o
    0x08002336   0x00000002   PAD
    0x08002338   0x00000408   Code   RO          379    .text               stm32f10x_usart.o
    0x08002740   0x00000110   Code   RO          403    .text               main.o
    0x08002850   0x00000468   Code   RO          465    .text               init.o
    0x08002cb8   0x00000430   Code   RO          502    .text               stm32f10x_it.o
    0x080030e8   0x00000100   Code   RO          528    .text               delay.o
    0x080031e8   0x000001cc   Code   RO          546    .text               uart.o
    0x080033b4   0x000002d4   Code   RO          564    .text               tools.o
    0x08003688   0x00000760   Code   RO          580    .text               application.o
    0x08003de8   0x00000314   Code   RO          606    .text               flash.o
    0x080040fc   0x00000fa4   Code   RO          628    .text               tftcommunic.o
    0x080050a0   0x00000118   Code   RO          649    .text               uartsendqueue.o
    0x080051b8   0x00000580   Code   RO          681    .text               oled.o
    0x08005738   0x00000024   Code   RO          700    .text               mc_w.l(memcpya.o)
    0x0800575c   0x00000024   Code   RO          702    .text               mc_w.l(memseta.o)
    0x08005780   0x0000000e   Code   RO          704    .text               mc_w.l(strlen.o)
    0x0800578e   0x0000001c   Code   RO          706    .text               mc_w.l(strcmp.o)
    0x080057aa   0x00000012   Code   RO          708    .text               mc_w.l(strcpy.o)
    0x080057bc   0x00000070   Code   RO          973    .text               mc_w.l(strtol.o)
    0x0800582c   0x000000e4   Code   RO          975    .text               mf_w.l(dmul.o)
    0x08005910   0x000000de   Code   RO          977    .text               mf_w.l(ddiv.o)
    0x080059ee   0x00000022   Code   RO          979    .text               mf_w.l(dflti.o)
    0x08005a10   0x0000001a   Code   RO          981    .text               mf_w.l(dfltui.o)
    0x08005a2a   0x00000032   Code   RO          983    .text               mf_w.l(dfixui.o)
    0x08005a5c   0x00000026   Code   RO          985    .text               mf_w.l(f2d.o)
    0x08005a82   0x00000038   Code   RO          987    .text               mf_w.l(d2f.o)
    0x08005aba   0x0000002c   Code   RO         1004    .text               mc_w.l(uidiv.o)
    0x08005ae6   0x00000062   Code   RO         1006    .text               mc_w.l(uldiv.o)
    0x08005b48   0x00000020   Code   RO         1008    .text               mc_w.l(llushr.o)
    0x08005b68   0x00000008   Code   RO         1010    .text               mc_w.l(ctype_o.o)
    0x08005b70   0x0000009e   Code   RO         1045    .text               mc_w.l(_strtoul.o)
    0x08005c0e   0x00000000   Code   RO         1047    .text               mc_w.l(iusefp.o)
    0x08005c0e   0x0000006e   Code   RO         1048    .text               mf_w.l(fepilogue.o)
    0x08005c7c   0x000000ba   Code   RO         1050    .text               mf_w.l(depilogue.o)
    0x08005d36   0x0000014e   Code   RO         1052    .text               mf_w.l(dadd.o)
    0x08005e84   0x00000030   Code   RO         1054    .text               mf_w.l(dfixul.o)
    0x08005eb4   0x00000030   Code   RO         1056    .text               mf_w.l(cdrcmple.o)
    0x08005ee4   0x00000024   Code   RO         1058    .text               mc_w.l(init.o)
    0x08005f08   0x0000001e   Code   RO         1060    .text               mc_w.l(llshl.o)
    0x08005f26   0x00000024   Code   RO         1062    .text               mc_w.l(llsshr.o)
    0x08005f4a   0x0000001c   Code   RO         1064    .text               mc_w.l(_chval.o)
    0x08005f66   0x00000056   Code   RO         1074    .text               mc_w.l(__dczerorl2.o)
    0x08005fbc   0x00000020   Code   RO          945    i.__0printf         mc_w.l(printfa.o)
    0x08005fdc   0x00000028   Code   RO          947    i.__0sprintf        mc_w.l(printfa.o)
    0x08006004   0x00000008   Code   RO         1038    i.__aeabi_errno_addr  mc_w.l(errno.o)
    0x0800600c   0x0000000e   Code   RO         1068    i.__scatterload_copy  mc_w.l(handlers.o)
    0x0800601a   0x00000002   Code   RO         1069    i.__scatterload_null  mc_w.l(handlers.o)
    0x0800601c   0x0000000e   Code   RO         1070    i.__scatterload_zeroinit  mc_w.l(handlers.o)
    0x0800602a   0x00000002   PAD
    0x0800602c   0x00000164   Code   RO          952    i._fp_digits        mc_w.l(printfa.o)
    0x08006190   0x000006dc   Code   RO          953    i._printf_core      mc_w.l(printfa.o)
    0x0800686c   0x00000024   Code   RO          954    i._printf_post_padding  mc_w.l(printfa.o)
    0x08006890   0x0000002e   Code   RO          955    i._printf_pre_padding  mc_w.l(printfa.o)
    0x080068be   0x0000000a   Code   RO          957    i._sputc            mc_w.l(printfa.o)
    0x080068c8   0x00000081   Data   RO         1011    .constdata          mc_w.l(ctype_o.o)
    0x08006949   0x00000003   PAD
    0x0800694c   0x00000004   Data   RO         1012    .constdata          mc_w.l(ctype_o.o)
    0x08006950   0x00000044   Data   RO          630    .conststring        tftcommunic.o
    0x08006994   0x00000020   Data   RO         1066    Region$$Table       anon$$obj.o


    Execution Region RW_IRAM1 (Base: 0x20000000, Size: 0x00008868, Max: 0x00010000, ABSOLUTE, COMPRESSED[0x0000069c])

    Base Addr    Size         Type   Attr      Idx    E Section Name        Object

    0x20000000   0x00000014   Data   RW           25    .data               system_stm32f10x.o
    0x20000014   0x00000014   Data   RW          318    .data               stm32f10x_rcc.o
    0x20000028   0x00000005   Data   RW          504    .data               stm32f10x_it.o
    0x2000002d   0x00000003   PAD
    0x20000030   0x00000004   Data   RW          529    .data               delay.o
    0x20000034   0x00000004   Data   RW          566    .data               tools.o
    0x20000038   0x00000005   Data   RW          581    .data               application.o
    0x2000003d   0x00000003   PAD
    0x20000040   0x00000004   Data   RW          608    .data               flash.o
    0x20000044   0x00000025   Data   RW          631    .data               tftcommunic.o
    0x20000069   0x00000001   PAD
    0x2000006a   0x00000003   Data   RW          651    .data               uartsendqueue.o
    0x2000006d   0x00000e4e   Data   RW          669    .data               codetab.o
    0x20000ebb   0x00000001   PAD
    0x20000ebc   0x00000004   Data   RW         1003    .data               mc_w.l(stdout.o)
    0x20000ec0   0x00000004   Data   RW         1041    .data               mc_w.l(errno.o)
    0x20000ec4   0x0000639c   Zero   RW          466    .bss                init.o
    0x20007260   0x0000040c   Zero   RW          503    .bss                stm32f10x_it.o
    0x2000766c   0x000003c8   Zero   RW          547    .bss                uart.o
    0x20007a34   0x00000025   Zero   RW          565    .bss                tools.o
    0x20007a59   0x0000000c   Zero   RW          629    .bss                tftcommunic.o
    0x20007a65   0x00000003   PAD
    0x20007a68   0x00000a00   Zero   RW          650    .bss                uartsendqueue.o
    0x20008468   0x00000400   Zero   RW            1    STACK               startup_stm32f10x_hd.o


==============================================================================

Image component sizes


      Code (inc. data)   RO Data    RW Data    ZI Data      Debug   Object Name

      1888        416          0          5          0       3112   application.o
         0          0          0       3662          0        925   codetab.o
         0          0          0          0          0       4504   core_cm3.o
       256         22          0          4          0      17374   delay.o
       794        248          0          4          0       3717   flash.o
      1128         32          0          0      25500       5485   init.o
       272         44          0          0          0       3542   main.o
       220         22          0          0          0       1813   misc.o
      1408         38          0          0          0       4945   oled.o
         0          0          0          0          0       1619   software.o
        36          8        304          0       1024        864   startup_stm32f10x_hd.o
       196          8          0          0          0       3472   stm32f10x_bkp.o
       284         10          0          0          0       2243   stm32f10x_exti.o
      1468         34          0          0          0       8038   stm32f10x_flash.o
       860         38          0          0          0       5653   stm32f10x_gpio.o
      1072        194          0          5       1036       4547   stm32f10x_it.o
        64          6          0          0          0       1269   stm32f10x_iwdg.o
       204         14          0          0          0       1919   stm32f10x_pwr.o
       932         36          0         20          0       8820   stm32f10x_rcc.o
       328          4          0          0          0       2670   stm32f10x_rtc.o
      3610         88          0          0          0      22140   stm32f10x_tim.o
      1032         22          0          0          0       8380   stm32f10x_usart.o
       480         38          0         20          0     258863   system_stm32f10x.o
      4004       1090         68         37         12       7102   tftcommunic.o
       724        124          0          4         37       3711   tools.o
       460         88          0          0        968       3652   uart.o
       280         70          0          3       2560       2003   uartsendqueue.o

    ----------------------------------------------------------------------
     22004       2694        404       3772      31140     392382   Object Totals
         0          0         32          0          0          0   (incl. Generated)
         4          0          0          8          3          0   (incl. Padding)

    ----------------------------------------------------------------------

      Code (inc. data)   RO Data    RW Data    ZI Data      Debug   Library Member Name

        86          0          0          0          0          0   __dczerorl2.o
        28          0          0          0          0         68   _chval.o
       158          0          0          0          0         92   _strtoul.o
         8          4        133          0          0         68   ctype_o.o
         0          0          0          0          0          0   entry.o
         0          0          0          0          0          0   entry10a.o
         0          0          0          0          0          0   entry11a.o
         8          4          0          0          0          0   entry2.o
         4          0          0          0          0          0   entry5.o
         0          0          0          0          0          0   entry7b.o
         0          0          0          0          0          0   entry8b.o
         8          4          0          0          0          0   entry9a.o
         8          4          0          4          0         68   errno.o
        30          0          0          0          0          0   handlers.o
        36          8          0          0          0         68   init.o
         0          0          0          0          0          0   iusefp.o
        30          0          0          0          0         68   llshl.o
        36          0          0          0          0         68   llsshr.o
        32          0          0          0          0         68   llushr.o
        36          0          0          0          0         68   memcpya.o
        36          0          0          0          0        108   memseta.o
      2276         96          0          0          0        596   printfa.o
         0          0          0          4          0          0   stdout.o
        28          0          0          0          0         76   strcmp.o
        18          0          0          0          0         68   strcpy.o
        14          0          0          0          0         68   strlen.o
       112          0          0          0          0         88   strtol.o
        44          0          0          0          0         80   uidiv.o
        98          0          0          0          0         92   uldiv.o
        48          0          0          0          0         68   cdrcmple.o
        56          0          0          0          0         88   d2f.o
       334          0          0          0          0        148   dadd.o
       222          0          0          0          0        100   ddiv.o
       186          0          0          0          0        176   depilogue.o
        50          0          0          0          0         76   dfixui.o
        48          0          0          0          0         68   dfixul.o
        34          0          0          0          0         76   dflti.o
        26          0          0          0          0         76   dfltui.o
       228          0          0          0          0         96   dmul.o
        38          0          0          0          0         68   f2d.o
       110          0          0          0          0        168   fepilogue.o

    ----------------------------------------------------------------------
      4516        120        136          8          0       3020   Library Totals
         2          0          3          0          0          0   (incl. Padding)

    ----------------------------------------------------------------------

      Code (inc. data)   RO Data    RW Data    ZI Data      Debug   Library Name

      3134        120        133          8          0       1812   mc_w.l
      1380          0          0          0          0       1208   mf_w.l

    ----------------------------------------------------------------------
      4516        120        136          8          0       3020   Library Totals

    ----------------------------------------------------------------------

==============================================================================


      Code (inc. data)   RO Data    RW Data    ZI Data      Debug   

     26520       2814        540       3780      31140     391526   Grand Totals
     26520       2814        540       1692      31140     391526   ELF Image Totals (compressed)
     26520       2814        540       1692          0          0   ROM Totals

==============================================================================

    Total RO  Size (Code + RO Data)                27060 (  26.43kB)
    Total RW  Size (RW Data + ZI Data)             34920 (  34.10kB)
    Total ROM Size (Code + RO Data + RW Data)      28752 (  28.08kB)

==============================================================================

