Component: ARM Compiler 5.05 update 2 (build 169) Tool: armlink [4d0f33]

==============================================================================

Section Cross References

    startup_stm32f10x_hd.o(RESET) refers to startup_stm32f10x_hd.o(STACK) for __initial_sp
    startup_stm32f10x_hd.o(RESET) refers to startup_stm32f10x_hd.o(.text) for Reset_Handler
    startup_stm32f10x_hd.o(RESET) refers to stm32f10x_it.o(.text) for NMI_Handler
    startup_stm32f10x_hd.o(.text) refers to system_stm32f10x.o(.text) for SystemInit
    startup_stm32f10x_hd.o(.text) refers to entry.o(.ARM.Collect$$$$00000000) for __main
    system_stm32f10x.o(.text) refers to system_stm32f10x.o(.data) for .data
    stm32f10x_adc.o(.text) refers to stm32f10x_rcc.o(.text) for RCC_APB2PeriphResetCmd
    stm32f10x_bkp.o(.text) refers to stm32f10x_rcc.o(.text) for RCC_BackupResetCmd
    stm32f10x_can.o(.text) refers to stm32f10x_rcc.o(.text) for RCC_APB1PeriphResetCmd
    stm32f10x_cec.o(.text) refers to stm32f10x_rcc.o(.text) for RCC_APB1PeriphResetCmd
    stm32f10x_dac.o(.text) refers to stm32f10x_rcc.o(.text) for RCC_APB1PeriphResetCmd
    stm32f10x_gpio.o(.text) refers to stm32f10x_rcc.o(.text) for RCC_APB2PeriphResetCmd
    stm32f10x_i2c.o(.text) refers to stm32f10x_rcc.o(.text) for RCC_APB1PeriphResetCmd
    stm32f10x_pwr.o(.text) refers to stm32f10x_rcc.o(.text) for RCC_APB1PeriphResetCmd
    stm32f10x_rcc.o(.text) refers to stm32f10x_rcc.o(.data) for .data
    stm32f10x_spi.o(.text) refers to stm32f10x_rcc.o(.text) for RCC_APB2PeriphResetCmd
    stm32f10x_tim.o(.text) refers to stm32f10x_rcc.o(.text) for RCC_APB2PeriphResetCmd
    stm32f10x_usart.o(.text) refers to stm32f10x_rcc.o(.text) for RCC_APB2PeriphResetCmd
    stm32f10x_wwdg.o(.text) refers to stm32f10x_rcc.o(.text) for RCC_APB1PeriphResetCmd
    main.o(.text) refers to memseta.o(.text) for __aeabi_memclr4
    main.o(.text) refers to init.o(.text) for HSI_SetSysClock
    main.o(.text) refers to tftcommunic.o(.text) for rebootTFT
    main.o(.text) refers to printfa.o(i.__0printf) for __2printf
    main.o(.text) refers to delay.o(.text) for delay_ms
    main.o(.text) refers to oled.o(.text) for OLED_Init
    main.o(.text) refers to flash.o(.text) for rFlashData
    main.o(.text) refers to application.o(.text) for NodeDataAnalysis
    main.o(.text) refers to uart.o(.bss) for uart2TFTPack
    main.o(.text) refers to uart.o(.bss) for pTFTPackUser
    main.o(.text) refers to tftcommunic.o(.data) for currentTFTV
    main.o(.text) refers to stm32f10x_it.o(.bss) for timerVariate
    main.o(.text) refers to init.o(.bss) for nodeInfo
    init.o(.text) refers to stm32f10x_rcc.o(.text) for RCC_DeInit
    init.o(.text) refers to stm32f10x_flash.o(.text) for FLASH_PrefetchBufferCmd
    init.o(.text) refers to stm32f10x_gpio.o(.text) for GPIO_Init
    init.o(.text) refers to misc.o(.text) for NVIC_PriorityGroupConfig
    init.o(.text) refers to stm32f10x_usart.o(.text) for USART_Init
    init.o(.text) refers to stm32f10x_tim.o(.text) for TIM_TimeBaseInit
    init.o(.text) refers to stm32f10x_pwr.o(.text) for PWR_BackupAccessCmd
    init.o(.text) refers to stm32f10x_bkp.o(.text) for BKP_DeInit
    init.o(.text) refers to stm32f10x_rtc.o(.text) for RTC_WaitForSynchro
    init.o(.text) refers to stm32f10x_iwdg.o(.text) for IWDG_WriteAccessCmd
    stm32f10x_it.o(.text) refers to delay.o(.text) for TimingDelay_Decrement
    stm32f10x_it.o(.text) refers to stm32f10x_rtc.o(.text) for RTC_GetITStatus
    stm32f10x_it.o(.text) refers to stm32f10x_exti.o(.text) for EXTI_ClearITPendingBit
    stm32f10x_it.o(.text) refers to stm32f10x_pwr.o(.text) for PWR_GetFlagStatus
    stm32f10x_it.o(.text) refers to stm32f10x_tim.o(.text) for TIM_GetITStatus
    stm32f10x_it.o(.text) refers to stm32f10x_usart.o(.text) for USART_GetITStatus
    stm32f10x_it.o(.text) refers to printfa.o(i.__0printf) for __2printf
    stm32f10x_it.o(.text) refers to uart.o(.text) for USART_data_Reset
    stm32f10x_it.o(.text) refers to tools.o(.text) for printHex
    stm32f10x_it.o(.text) refers to oled.o(.text) for OLED_P6x8Str
    stm32f10x_it.o(.text) refers to stm32f10x_it.o(.bss) for .bss
    stm32f10x_it.o(.text) refers to tftcommunic.o(.data) for g_nodeTotalCount
    stm32f10x_it.o(.text) refers to uart.o(.bss) for uart2TFTPack
    stm32f10x_it.o(.text) refers to stm32f10x_it.o(.data) for .data
    delay.o(.text) refers to system_stm32f10x.o(.data) for SystemCoreClock
    delay.o(.text) refers to delay.o(.data) for .data
    uart.o(.text) refers to stm32f10x_usart.o(.text) for USART_SendData
    uart.o(.text) refers to strlen.o(.text) for strlen
    uart.o(.text) refers to printfa.o(i.__0printf) for __2printf
    uart.o(.text) refers to memseta.o(.text) for __aeabi_memclr4
    uart.o(.text) refers to memcpya.o(.text) for __aeabi_memcpy
    uart.o(.text) refers to tools.o(.text) for CheckSum
    uart.o(.text) refers to delay.o(.text) for delay_ms
    uart.o(.text) refers to uart.o(.bss) for .bss
[...]
    ../clib/microlib/ctype/ctype.c           0x00000000   Number         0  islower_o.o ABSOLUTE
    ../clib/microlib/ctype/ctype.c           0x00000000   Number         0  ctype_o.o ABSOLUTE
    ../clib/microlib/ctype/ctype.c           0x00000000   Number         0  isalnum_o.o ABSOLUTE
    ../clib/microlib/ctype/ctype.c           0x00000000   Number         0  isgraph_o.o ABSOLUTE
    ../clib/microlib/ctype/ctype.c           0x00000000   Number         0  isdigit_o.o ABSOLUTE
    ../clib/microlib/ctype/ctype.c           0x00000000   Number         0  iscntrl_o.o ABSOLUTE
    ../clib/microlib/ctype/ctype.c           0x00000000   Number         0  isblank_o.o ABSOLUTE
    ../clib/microlib/ctype/ctype.c           0x00000000   Number         0  isxdigit_o.o ABSOLUTE
    ../clib/microlib/division.c              0x00000000   Number         0  uldiv.o ABSOLUTE
    ../clib/microlib/division.c              0x00000000   Number         0  uidiv.o ABSOLUTE
    ../clib/microlib/errno.c                 0x00000000   Number         0  errno.o ABSOLUTE
    ../clib/microlib/init/entry.s            0x00000000   Number         0  entry2.o ABSOLUTE
    ../clib/microlib/init/entry.s            0x00000000   Number         0  entry5.o ABSOLUTE
    ../clib/microlib/init/entry.s            0x00000000   Number         0  entry9b.o ABSOLUTE
    ../clib/microlib/init/entry.s            0x00000000   Number         0  entry.o ABSOLUTE
    ../clib/microlib/init/entry.s            0x00000000   Number         0  entry7a.o ABSOLUTE
    ../clib/microlib/init/entry.s            0x00000000   Number         0  entry7b.o ABSOLUTE
    ../clib/microlib/init/entry.s            0x00000000   Number         0  entry8a.o ABSOLUTE
    ../clib/microlib/init/entry.s            0x00000000   Number         0  entry11b.o ABSOLUTE
    ../clib/microlib/init/entry.s            0x00000000   Number         0  entry8b.o ABSOLUTE
    ../clib/microlib/init/entry.s            0x00000000   Number         0  entry11a.o ABSOLUTE
    ../clib/microlib/init/entry.s            0x00000000   Number         0  entry10b.o ABSOLUTE
    ../clib/microlib/init/entry.s            0x00000000   Number         0  entry10a.o ABSOLUTE
    ../clib/microlib/init/entry.s            0x00000000   Number         0  entry9a.o ABSOLUTE
    ../clib/microlib/longlong.c              0x00000000   Number         0  llushr.o ABSOLUTE
    ../clib/microlib/longlong.c              0x00000000   Number         0  llshl.o ABSOLUTE
    ../clib/microlib/longlong.c              0x00000000   Number         0  llsshr.o ABSOLUTE
    ../clib/microlib/printf/printf.c         0x00000000   Number         0  printf7.o ABSOLUTE
    ../clib/microlib/printf/printf.c         0x00000000   Number         0  printf6.o ABSOLUTE
    ../clib/microlib/printf/printf.c         0x00000000   Number         0  printf5.o ABSOLUTE
    ../clib/microlib/printf/printf.c         0x00000000   Number         0  printf4.o ABSOLUTE
    ../clib/microlib/printf/printf.c         0x00000000   Number         0  printf3.o ABSOLUTE
    ../clib/microlib/printf/printf.c         0x00000000   Number         0  printf2.o ABSOLUTE
    ../clib/microlib/printf/printf.c         0x00000000   Number         0  printf1.o ABSOLUTE
    ../clib/microlib/printf/printf.c         0x00000000   Number         0  printf0.o ABSOLUTE
    ../clib/microlib/printf/printf.c         0x00000000   Number         0  printfb.o ABSOLUTE
    ../clib/microlib/printf/printf.c         0x00000000   Number         0  printf8.o ABSOLUTE
    ../clib/microlib/printf/printf.c         0x00000000   Number         0  printfa.o ABSOLUTE
    ../clib/microlib/printf/stubs.s          0x00000000   Number         0  stubs.o ABSOLUTE
    ../clib/microlib/stdio/streams.c         0x00000000   Number         0  stdout.o ABSOLUTE
    ../clib/microlib/string/memcpy.c         0x00000000   Number         0  memcpyb.o ABSOLUTE
    ../clib/microlib/string/memcpy.c         0x00000000   Number         0  memcpya.o ABSOLUTE
    ../clib/microlib/string/memset.c         0x00000000   Number         0  memseta.o ABSOLUTE
    ../clib/microlib/string/strcmp.c         0x00000000   Number         0  strcmp.o ABSOLUTE
    ../clib/microlib/string/strcpy.c         0x00000000   Number         0  strcpy.o ABSOLUTE
    ../clib/microlib/string/strlen.c         0x00000000   Number         0  strlen.o ABSOLUTE
    ../clib/microlib/stubs.s                 0x00000000   Number         0  iusefp.o ABSOLUTE
    ../clib/scanf.c                          0x00000000   Number         0  _strtoul.o ABSOLUTE
    ../clib/scanf.c                          0x00000000   Number         0  strtol.o ABSOLUTE
    ../clib/scanf.c                          0x00000000   Number         0  _chval.o ABSOLUTE
    ../fplib/microlib/d2f.c                  0x00000000   Number         0  d2f.o ABSOLUTE
    ../fplib/microlib/f2d.c                  0x00000000   Number         0  f2d.o ABSOLUTE
    ../fplib/microlib/fpadd.c                0x00000000   Number         0  dadd.o ABSOLUTE
    ../fplib/microlib/fpdiv.c                0x00000000   Number         0  ddiv.o ABSOLUTE
    ../fplib/microlib/fpepilogue.c           0x00000000   Number         0  depilogue.o ABSOLUTE
    ../fplib/microlib/fpepilogue.c           0x00000000   Number         0  fepilogue.o ABSOLUTE
    ../fplib/microlib/fpfix.c                0x00000000   Number         0  dfixul.o ABSOLUTE
    ../fplib/microlib/fpflt.c                0x00000000   Number         0  dfltui.o ABSOLUTE
    ../fplib/microlib/fpmul.c                0x00000000   Number         0  dmul.o ABSOLUTE
    ..\..\Libraries\CMSIS\startup\startup_stm32f10x_hd.s 0x00000000   Number         0  startup_stm32f10x_hd.o ABSOLUTE
    ..\..\Libraries\CMSIS\system_stm32f10x.c 0x00000000   Number         0  system_stm32f10x.o ABSOLUTE
    ..\..\Libraries\FWlib\src\misc.c         0x00000000   Number         0  misc.o ABSOLUTE
    ..\..\Libraries\FWlib\src\stm32f10x_adc.c 0x00000000   Number         0  stm32f10x_adc.o ABSOLUTE
    ..\..\Libraries\FWlib\src\stm32f10x_bkp.c 0x00000000   Number         0  stm32f10x_bkp.o ABSOLUTE
    ..\..\Libraries\FWlib\src\stm32f10x_can.c 0x00000000   Number         0  stm32f10x_can.o ABSOLUTE
    ..\..\Libraries\FWlib\src\stm32f10x_cec.c 0x00000000   Number         0  stm32f10x_cec.o ABSOLUTE
    ..\..\Libraries\FWlib\src\stm32f10x_crc.c 0x00000000   Number         0  stm32f10x_crc.o ABSOLUTE
    ..\..\Libraries\FWlib\src\stm32f10x_dac.c 0x00000000   Number         0  stm32f10x_dac.o ABSOLUTE
    ..\..\Libraries\FWlib\src\stm32f10x_dbgmcu.c 0x00000000   Number         0  stm32f10x_dbgmcu.o ABSOLUTE
    ..\..\Libraries\FWlib\src\stm32f10x_dma.c 0x00000000   Number         0  stm32f10x_dma.o ABSOLUTE
    ..\..\Libraries\FWlib\src\stm32f10x_exti.c 0x00000000   Number         0  stm32f10x_exti.o ABSOLUTE
    ..\..\Libraries\FWlib\src\stm32f10x_flash.c 0x00000000   Number         0  stm32f10x_flash.o ABSOLUTE
    ..\..\Libraries\FWlib\src\stm32f10x_fsmc.c 0x00000000   Number         0  stm32f10x_fsmc.o ABSOLUTE
    ..\..\Libraries\FWlib\src\stm32f10x_gpio.c 0x00000000   Number         0  stm32f10x_gpio.o ABSOLUTE
    ..\..\Libraries\FWlib\src\stm32f10x_i2c.c 0x00000000   Number         0  stm32f10x_i2c.o ABSOLUTE
    ..\..\Libraries\FWlib\src\stm32f10x_iwdg.c 0x00000000   Number         0  stm32f10x_iwdg.o ABSOLUTE
    ..\..\Libraries\FWlib\src\stm32f10x_pwr.c 0x00000000   Number         0  stm32f10x_pwr.o ABSOLUTE
    ..\..\Libraries\FWlib\src\stm32f10x_rcc.c 0x00000000   Number         0  stm32f10x_rcc.o ABSOLUTE
    ..\..\Libraries\FWlib\src\stm32f10x_rtc.c 0x00000000   Number         0  stm32f10x_rtc.o ABSOLUTE
    ..\..\Libraries\FWlib\src\stm32f10x_sdio.c 0x00000000   Number         0  stm32f10x_sdio.o ABSOLUTE
    ..\..\Libraries\FWlib\src\stm32f10x_spi.c 0x00000000   Number         0  stm32f10x_spi.o ABSOLUTE
    ..\..\Libraries\FWlib\src\stm32f10x_tim.c 0x00000000   Number         0  stm32f10x_tim.o ABSOLUTE
    ..\..\Libraries\FWlib\src\stm32f10x_usart.c 0x00000000   Number         0  stm32f10x_usart.o ABSOLUTE
    ..\..\Libraries\FWlib\src\stm32f10x_wwdg.c 0x00000000   Number         0  stm32f10x_wwdg.o ABSOLUTE
    ..\..\User\Application.c                 0x00000000   Number         0  application.o ABSOLUTE
    ..\..\User\Flash.c                       0x00000000   Number         0  flash.o ABSOLUTE
    ..\..\User\Init.c                        0x00000000   Number         0  init.o ABSOLUTE
    ..\..\User\OLED\codetab.c                0x00000000   Number         0  codetab.o ABSOLUTE
    ..\..\User\OLED\oled.c                   0x00000000   Number         0  oled.o ABSOLUTE
    ..\..\User\TFTCommunic.c                 0x00000000   Number         0  tftcommunic.o ABSOLUTE
    ..\..\User\Tools.c                       0x00000000   Number         0  tools.o ABSOLUTE
    ..\..\User\Uart.c                        0x00000000   Number         0  uart.o ABSOLUTE
    ..\..\User\UartSendQueue.c               0x00000000   Number         0  uartsendqueue.o ABSOLUTE
    ..\..\User\delay.c                       0x00000000   Number         0  delay.o ABSOLUTE
    ..\..\User\main.c                        0x00000000   Number         0  main.o ABSOLUTE
    ..\..\User\software.c                    0x00000000   Number         0  software.o ABSOLUTE
    ..\..\User\stm32f10x_it.c                0x00000000   Number         0  stm32f10x_it.o ABSOLUTE
    ..\\..\\User\\Flash.c                    0x00000000   Number         0  flash.o ABSOLUTE
    cdrcmple.s                               0x00000000   Number         0  cdrcmple.o ABSOLUTE
    dc.s                                     0x00000000   Number         0  dc.o ABSOLUTE
    handlers.s                               0x00000000   Number         0  handlers.o ABSOLUTE
    init.s                                   0x00000000   Number         0  init.o ABSOLUTE
    RESET                                    0x08000000   Section      304  startup_stm32f10x_hd.o(RESET)
    .ARM.Collect$$$$00000000                 0x08000130   Section        0  entry.o(.ARM.Collect$$$$00000000)
    .ARM.Collect$$$$00000001                 0x08000130   Section        4  entry2.o(.ARM.Collect$$$$00000001)
    .ARM.Collect$$$$00000004                 0x08000134   Section        4  entry5.o(.ARM.Collect$$$$00000004)
    .ARM.Collect$$$$00000008                 0x08000138   Section        0  entry7b.o(.ARM.Collect$$$$00000008)
    .ARM.Collect$$$$0000000A                 0x08000138   Section        0  entry8b.o(.ARM.Collect$$$$0000000A)
    .ARM.Collect$$$$0000000B                 0x08000138   Section        8  entry9a.o(.ARM.Collect$$$$0000000B)
    .ARM.Collect$$$$0000000D                 0x08000140   Section        0  entry10a.o(.ARM.Collect$$$$0000000D)
    .ARM.Collect$$$$0000000F                 0x08000140   Section        0  entry11a.o(.ARM.Collect$$$$0000000F)
    .ARM.Collect$$$$00002712                 0x08000140   Section        4  entry2.o(.ARM.Collect$$$$00002712)
    __lit__00000000                          0x08000140   Data           4  entry2.o(.ARM.Collect$$$$00002712)
    .emb_text                                0x08000144   Section        6  flash.o(.emb_text)
    .text                                    0x0800014c   Section       36  startup_stm32f10x_hd.o(.text)
    .text                                    0x08000170   Section        0  system_stm32f10x.o(.text)
    SetSysClockTo72                          0x08000171   Thumb Code   166  system_stm32f10x.o(.text)
    SetSysClock                              0x08000217   Thumb Code     2  system_stm32f10x.o(.text)
    .text                                    0x080002e4   Section        0  misc.o(.text)
    .text                                    0x0800039c   Section        0  stm32f10x_bkp.o(.text)
    .text                                    0x08000438   Section        0  stm32f10x_exti.o(.text)
    .text                                    0x08000524   Section        0  stm32f10x_flash.o(.text)
    .text                                    0x080009c8   Section        0  stm32f10x_gpio.o(.text)
    .text                                    0x08000c60   Section        0  stm32f10x_iwdg.o(.text)
    .text                                    0x08000c9c   Section        0  stm32f10x_pwr.o(.text)
    .text                                    0x08000d48   Section        0  stm32f10x_rcc.o(.text)
    .text                                    0x0800103c   Section        0  stm32f10x_rtc.o(.text)
    .text                                    0x08001150   Section        0  stm32f10x_tim.o(.text)
    TI4_Config                               0x080015b9   Thumb Code   102  stm32f10x_tim.o(.text)
    TI3_Config                               0x0800162f   Thumb Code    98  stm32f10x_tim.o(.text)
    TI2_Config                               0x080016a9   Thumb Code   102  stm32f10x_tim.o(.text)
    TI1_Config                               0x0800171f   Thumb Code    94  stm32f10x_tim.o(.text)
    .text                                    0x08001d7c   Section        0  stm32f10x_usart.o(.text)
    .text                                    0x08002118   Section        0  main.o(.text)
    .text                                    0x08002288   Section        0  init.o(.text)
    .text                                    0x080026c0   Section        0  stm32f10x_it.o(.text)
    .text                                    0x08002a64   Section        0  delay.o(.text)
    .text                                    0x08002b18   Section        0  uart.o(.text)
    .text                                    0x08002cc0   Section        0  tools.o(.text)
    .text                                    0x08002f28   Section        0  application.o(.text)
    .text                                    0x080035ac   Section        0  flash.o(.text)
    .text                                    0x08003764   Section        0  tftcommunic.o(.text)
    .text                                    0x08004734   Section        0  uartsendqueue.o(.text)
    .text                                    0x0800483c   Section        0  oled.o(.text)
    .text                                    0x08004cfc   Section        0  memcpya.o(.text)
    .text                                    0x08004d20   Section        0  memseta.o(.text)
    .text                                    0x08004d44   Section        0  strlen.o(.text)
    .text                                    0x08004d52   Section        0  strcmp.o(.text)
    .text                                    0x08004d6e   Section        0  strcpy.o(.text)
    .text                                    0x08004d80   Section        0  strtol.o(.text)
    .text                                    0x08004df0   Section        0  dmul.o(.text)
    .text                                    0x08004ed4   Section        0  dfltui.o(.text)
    .text                                    0x08004eee   Section        0  f2d.o(.text)
    .text                                    0x08004f14   Section        0  d2f.o(.text)
    .text                                    0x08004f4c   Section        0  uidiv.o(.text)
    .text                                    0x08004f78   Section        0  uldiv.o(.text)
    .text                                    0x08004fdc   Section        0  ctype_o.o(.text)
    .text                                    0x08004fe4   Section        0  _strtoul.o(.text)
    .text                                    0x08005082   Section        0  fepilogue.o(.text)
    .text                                    0x08005082   Section        0  iusefp.o(.text)
    .text                                    0x080050f0   Section        0  depilogue.o(.text)
    .text                                    0x080051aa   Section        0  dadd.o(.text)
    .text                                    0x080052f8   Section        0  ddiv.o(.text)
    .text                                    0x080053d6   Section        0  dfixul.o(.text)
    .text                                    0x08005408   Section       48  cdrcmple.o(.text)
    .text                                    0x08005438   Section       36  init.o(.text)
    .text                                    0x0800545c   Section        0  llshl.o(.text)
    .text                                    0x0800547a   Section        0  llushr.o(.text)
    .text                                    0x0800549a   Section        0  llsshr.o(.text)
    .text                                    0x080054be   Section        0  _chval.o(.text)
    .text                                    0x080054da   Section        0  __dczerorl2.o(.text)
    i.__0printf                              0x08005530   Section        0  printfa.o(i.__0printf)
    i.__0sprintf                             0x08005550   Section        0  printfa.o(i.__0sprintf)
    i.__aeabi_errno_addr                     0x08005578   Section        0  errno.o(i.__aeabi_errno_addr)
    i.__scatterload_copy                     0x08005580   Section       14  handlers.o(i.__scatterload_copy)
    i.__scatterload_null                     0x0800558e   Section        2  handlers.o(i.__scatterload_null)
    i.__scatterload_zeroinit                 0x08005590   Section       14  handlers.o(i.__scatterload_zeroinit)
    i._fp_digits                             0x080055a0   Section        0  printfa.o(i._fp_digits)
    _fp_digits                               0x080055a1   Thumb Code   334  printfa.o(i._fp_digits)
    i._printf_core                           0x08005704   Section        0  printfa.o(i._printf_core)
    _printf_core                             0x08005705   Thumb Code  1744  printfa.o(i._printf_core)
    i._printf_post_padding                   0x08005de0   Section        0  printfa.o(i._printf_post_padding)
    _printf_post_padding                     0x08005de1   Thumb Code    36  printfa.o(i._printf_post_padding)
    i._printf_pre_padding                    0x08005e04   Section        0  printfa.o(i._printf_pre_padding)
    _printf_pre_padding                      0x08005e05   Thumb Code    46  printfa.o(i._printf_pre_padding)
    i._sputc                                 0x08005e32   Section        0  printfa.o(i._sputc)
    _sputc                                   0x08005e33   Thumb Code    10  printfa.o(i._sputc)
    .constdata                               0x08005e3c   Section      129  ctype_o.o(.constdata)
    .constdata                               0x08005ec0   Section        4  ctype_o.o(.constdata)
    table                                    0x08005ec0   Data           4  ctype_o.o(.constdata)
    .conststring                             0x08005ec4   Section       78  tftcommunic.o(.conststring)
    .data                                    0x20000000   Section       20  system_stm32f10x.o(.data)
    .data                                    0x20000014   Section       20  stm32f10x_rcc.o(.data)
    ADCPrescTable                            0x20000014   Data           4  stm32f10x_rcc.o(.data)
    APBAHBPrescTable                         0x20000018   Data          16  stm32f10x_rcc.o(.data)
    .data                                    0x20000028   Section        8  stm32f10x_it.o(.data)
    dispFlag                                 0x20000028   Data           1  stm32f10x_it.o(.data)
    endmark                                  0x2000002c   Data           4  stm32f10x_it.o(.data)
    .data                                    0x20000030   Section        4  delay.o(.data)
    TimingDelay                              0x20000030   Data           4  delay.o(.data)
    .data                                    0x20000034   Section        4  tools.o(.data)
    j                                        0x20000034   Data           4  tools.o(.data)
    .data                                    0x20000038   Section        1  application.o(.data)
    nodeIDSimuOffset                         0x20000038   Data           1  application.o(.data)
    .data                                    0x2000003c   Section        4  flash.o(.data)
    .data                                    0x20000040   Section       38  tftcommunic.o(.data)
    lastSlect                                0x20000042   Data           1  tftcommunic.o(.data)
    .data                                    0x20000066   Section        2  uartsendqueue.o(.data)
    .data                                    0x20000068   Section        1  uartsendqueue.o(.data)
    .data                                    0x20000069   Section        6  codetab.o(.data)
    .data                                    0x2000006f   Section      552  codetab.o(.data)
    .data                                    0x20000297   Section     1520  codetab.o(.data)
    .data                                    0x20000887   Section      128  codetab.o(.data)
    .data                                    0x20000907   Section      128  codetab.o(.data)
    .data                                    0x20000987   Section      128  codetab.o(.data)
    .data                                    0x20000a08   Section        4  stdout.o(.data)
    .data                                    0x20000a0c   Section        4  errno.o(.data)
    _errno                                   0x20000a0c   Data           4  errno.o(.data)
    .bss                                     0x20000a10   Section    19380  init.o(.bss)
    .bss                                     0x200055c4   Section     1036  stm32f10x_it.o(.bss)
    .bss                                     0x200059d0   Section      952  uart.o(.bss)
    .bss                                     0x20005d88   Section       16  uart.o(.bss)
    .bss                                     0x20005d98   Section       12  tools.o(.bss)
    .bss                                     0x20005da4   Section       44  tftcommunic.o(.bss)
    .bss                                     0x20005dd0   Section     2560  uartsendqueue.o(.bss)
    STACK                                    0x200067d0   Section     1024  startup_stm32f10x_hd.o(STACK)

    Global Symbols

    Symbol Name                              Value     Ov Type        Size  Object(Section)

    BuildAttributes$$THM_ISAv4$P$D$K$B$S$PE$A:L22UL41UL21$X:L11$S22US41US21$IEEE1$IW$USESV6$~STKCKD$USESV7$~SHL$OTIME$ROPI$EBA8$MICROLIB$REQ8$PRES8$EABIv2 0x00000000   Number         0  anon$$obj.o ABSOLUTE
    __ARM_use_no_argv                        0x00000000   Number         0  main.o ABSOLUTE
    _printf_a                                0x00000000   Number         0  stubs.o ABSOLUTE
    _printf_c                                0x00000000   Number         0  stubs.o ABSOLUTE
    _printf_charcount                        0x00000000   Number         0  stubs.o ABSOLUTE
    _printf_d                                0x00000000   Number         0  stubs.o ABSOLUTE
    _printf_e                                0x00000000   Number         0  stubs.o ABSOLUTE
    _printf_f                                0x00000000   Number         0  stubs.o ABSOLUTE
    _printf_flags                            0x00000000   Number         0  stubs.o ABSOLUTE
    _printf_fp_dec                           0x00000000   Number         0  stubs.o ABSOLUTE
    _printf_fp_hex                           0x00000000   Number         0  stubs.o ABSOLUTE
    _printf_g                                0x00000000   Number         0  stubs.o ABSOLUTE
    _printf_i                                0x00000000   Number         0  stubs.o ABSOLUTE
    _printf_int_dec                          0x00000000   Number         0  stubs.o ABSOLUTE
    _printf_l                                0x00000000   Number         0  stubs.o ABSOLUTE
    _printf_lc                               0x00000000   Number         0  stubs.o ABSOLUTE
    _printf_ll                               0x00000000   Number         0  stubs.o ABSOLUTE
    _printf_lld                              0x00000000   Number         0  stubs.o ABSOLUTE
    _printf_lli                              0x00000000   Number         0  stubs.o ABSOLUTE
    _printf_llo                              0x00000000   Number         0  stubs.o ABSOLUTE
    _printf_llu                              0x00000000   Number         0  stubs.o ABSOLUTE
    _printf_llx                              0x00000000   Number         0  stubs.o ABSOLUTE
    _printf_longlong_dec                     0x00000000   Number         0  stubs.o ABSOLUTE
    _printf_longlong_hex                     0x00000000   Number         0  stubs.o ABSOLUTE
    _printf_longlong_oct                     0x00000000   Number         0  stubs.o ABSOLUTE
    _printf_ls                               0x00000000   Number         0  stubs.o ABSOLUTE
    _printf_mbtowc                           0x00000000   Number         0  stubs.o ABSOLUTE
    _printf_n                                0x00000000   Number         0  stubs.o ABSOLUTE
    _printf_o                                0x00000000   Number         0  stubs.o ABSOLUTE
    _printf_p                                0x00000000   Number         0  stubs.o ABSOLUTE
    _printf_percent                          0x00000000   Number         0  stubs.o ABSOLUTE
    _printf_pre_padding                      0x00000000   Number         0  stubs.o ABSOLUTE
    _printf_return_value                     0x00000000   Number         0  stubs.o ABSOLUTE
    _printf_s                                0x00000000   Number         0  stubs.o ABSOLUTE
    _printf_sizespec                         0x00000000   Number         0  stubs.o ABSOLUTE
    _printf_str                              0x00000000   Number         0  stubs.o ABSOLUTE
    _printf_truncate_signed                  0x00000000   Number         0  stubs.o ABSOLUTE
    _printf_truncate_unsigned                0x00000000   Number         0  stubs.o ABSOLUTE
    _printf_u                                0x00000000   Number         0  stubs.o ABSOLUTE
    _printf_wc                               0x00000000   Number         0  stubs.o ABSOLUTE
    _printf_wctomb                           0x00000000   Number         0  stubs.o ABSOLUTE
    _printf_widthprec                        0x00000000   Number         0  stubs.o ABSOLUTE
    _printf_x                                0x00000000   Number         0  stubs.o ABSOLUTE
    __cpp_initialize__aeabi_                  - Undefined Weak Reference
    __cxa_finalize                            - Undefined Weak Reference
    _clock_init                               - Undefined Weak Reference
    _microlib_exit                            - Undefined Weak Reference
    __Vectors_Size                           0x00000130   Number         0  startup_stm32f10x_hd.o ABSOLUTE
    __Vectors                                0x08000000   Data           4  startup_stm32f10x_hd.o(RESET)
    __Vectors_End                            0x08000130   Data           0  startup_stm32f10x_hd.o(RESET)
    __main                                   0x08000131   Thumb Code     0  entry.o(.ARM.Collect$$$$00000000)
    _main_stk                                0x08000131   Thumb Code     0  entry2.o(.ARM.Collect$$$$00000001)
    _main_scatterload                        0x08000135   Thumb Code     0  entry5.o(.ARM.Collect$$$$00000004)
    __main_after_scatterload                 0x08000139   Thumb Code     0  entry5.o(.ARM.Collect$$$$00000004)
    _main_clock                              0x08000139   Thumb Code     0  entry7b.o(.ARM.Collect$$$$00000008)
    _main_cpp_init                           0x08000139   Thumb Code     0  entry8b.o(.ARM.Collect$$$$0000000A)
    _main_init                               0x08000139   Thumb Code     0  entry9a.o(.ARM.Collect$$$$0000000B)
    __rt_final_cpp                           0x08000141   Thumb Code     0  entry10a.o(.ARM.Collect$$$$0000000D)
    __rt_final_exit                          0x08000141   Thumb Code     0  entry11a.o(.ARM.Collect$$$$0000000F)
    MSR_MSP                                  0x08000145   Thumb Code     6  flash.o(.emb_text)
    Reset_Handler                            0x0800014d   Thumb Code     8  startup_stm32f10x_hd.o(.text)
    ADC1_2_IRQHandler                        0x08000167   Thumb Code     0  startup_stm32f10x_hd.o(.text)
    ADC3_IRQHandler                          0x08000167   Thumb Code     0  startup_stm32f10x_hd.o(.text)
    CAN1_RX1_IRQHandler                      0x08000167   Thumb Code     0  startup_stm32f10x_hd.o(.text)
    CAN1_SCE_IRQHandler                      0x08000167   Thumb Code     0  startup_stm32f10x_hd.o(.text)
    DMA1_Channel1_IRQHandler                 0x08000167   Thumb Code     0  startup_stm32f10x_hd.o(.text)
    DMA1_Channel2_IRQHandler                 0x08000167   Thumb Code     0  startup_stm32f10x_hd.o(.text)
    DMA1_Channel3_IRQHandler                 0x08000167   Thumb Code     0  startup_stm32f10x_hd.o(.text)
    DMA1_Channel4_IRQHandler                 0x08000167   Thumb Code     0  startup_stm32f10x_hd.o(.text)
    DMA1_Channel5_IRQHandler                 0x08000167   Thumb Code     0  startup_stm32f10x_hd.o(.text)
    DMA1_Channel6_IRQHandler                 0x08000167   Thumb Code     0  startup_stm32f10x_hd.o(.text)
    DMA1_Channel7_IRQHandler                 0x08000167   Thumb Code     0  startup_stm32f10x_hd.o(.text)
    DMA2_Channel1_IRQHandler                 0x08000167   Thumb Code     0  startup_stm32f10x_hd.o(.text)
    DMA2_Channel2_IRQHandler                 0x08000167   Thumb Code     0  startup_stm32f10x_hd.o(.text)
    DMA2_Channel3_IRQHandler                 0x08000167   Thumb Code     0  startup_stm32f10x_hd.o(.text)
    DMA2_Channel4_5_IRQHandler               0x08000167   Thumb Code     0  startup_stm32f10x_hd.o(.text)
    EXTI15_10_IRQHandler                     0x08000167   Thumb Code     0  startup_stm32f10x_hd.o(.text)
    EXTI1_IRQHandler                         0x08000167   Thumb Code     0  startup_stm32f10x_hd.o(.text)
    EXTI2_IRQHandler                         0x08000167   Thumb Code     0  startup_stm32f10x_hd.o(.text)
    EXTI3_IRQHandler                         0x08000167   Thumb Code     0  startup_stm32f10x_hd.o(.text)
    EXTI4_IRQHandler                         0x08000167   Thumb Code     0  startup_stm32f10x_hd.o(.text)
    EXTI9_5_IRQHandler                       0x08000167   Thumb Code     0  startup_stm32f10x_hd.o(.text)
    FLASH_IRQHandler                         0x08000167   Thumb Code     0  startup_stm32f10x_hd.o(.text)
    FSMC_IRQHandler                          0x08000167   Thumb Code     0  startup_stm32f10x_hd.o(.text)
    I2C1_ER_IRQHandler                       0x08000167   Thumb Code     0  startup_stm32f10x_hd.o(.text)
    I2C1_EV_IRQHandler                       0x08000167   Thumb Code     0  startup_stm32f10x_hd.o(.text)
    I2C2_ER_IRQHandler                       0x08000167   Thumb Code     0  startup_stm32f10x_hd.o(.text)
    I2C2_EV_IRQHandler                       0x08000167   Thumb Code     0  startup_stm32f10x_hd.o(.text)
    PVD_IRQHandler                           0x08000167   Thumb Code     0  startup_stm32f10x_hd.o(.text)
    RCC_IRQHandler                           0x08000167   Thumb Code     0  startup_stm32f10x_hd.o(.text)
    RTC_IRQHandler                           0x08000167   Thumb Code     0  startup_stm32f10x_hd.o(.text)
    SDIO_IRQHandler                          0x08000167   Thumb Code     0  startup_stm32f10x_hd.o(.text)
    SPI1_IRQHandler                          0x08000167   Thumb Code     0  startup_stm32f10x_hd.o(.text)
    SPI2_IRQHandler                          0x08000167   Thumb Code     0  startup_stm32f10x_hd.o(.text)
    SPI3_IRQHandler                          0x08000167   Thumb Code     0  startup_stm32f10x_hd.o(.text)
    TAMPER_IRQHandler                        0x08000167   Thumb Code     0  startup_stm32f10x_hd.o(.text)
    TIM1_BRK_IRQHandler                      0x08000167   Thumb Code     0  startup_stm32f10x_hd.o(.text)
    TIM1_CC_IRQHandler                       0x08000167   Thumb Code     0  startup_stm32f10x_hd.o(.text)
    TIM1_TRG_COM_IRQHandler                  0x08000167   Thumb Code     0  startup_stm32f10x_hd.o(.text)
    TIM1_UP_IRQHandler                       0x08000167   Thumb Code     0  startup_stm32f10x_hd.o(.text)
    TIM2_IRQHandler                          0x08000167   Thumb Code     0  startup_stm32f10x_hd.o(.text)
    TIM4_IRQHandler                          0x08000167   Thumb Code     0  startup_stm32f10x_hd.o(.text)
    TIM5_IRQHandler                          0x08000167   Thumb Code     0  startup_stm32f10x_hd.o(.text)
    TIM7_IRQHandler                          0x08000167   Thumb Code     0  startup_stm32f10x_hd.o(.text)
    TIM8_BRK_IRQHandler                      0x08000167   Thumb Code     0  startup_stm32f10x_hd.o(.text)
    TIM8_CC_IRQHandler                       0x08000167   Thumb Code     0  startup_stm32f10x_hd.o(.text)
    TIM8_TRG_COM_IRQHandler                  0x08000167   Thumb Code     0  startup_stm32f10x_hd.o(.text)
    TIM8_UP_IRQHandler                       0x08000167   Thumb Code     0  startup_stm32f10x_hd.o(.text)
    UART4_IRQHandler                         0x08000167   Thumb Code     0  startup_stm32f10x_hd.o(.text)
    UART5_IRQHandler                         0x08000167   Thumb Code     0  startup_stm32f10x_hd.o(.text)
    USBWakeUp_IRQHandler                     0x08000167   Thumb Code     0  startup_stm32f10x_hd.o(.text)
    USB_HP_CAN1_TX_IRQHandler                0x08000167   Thumb Code     0  startup_stm32f10x_hd.o(.text)
    USB_LP_CAN1_RX0_IRQHandler               0x08000167   Thumb Code     0  startup_stm32f10x_hd.o(.text)
    WWDG_IRQHandler                          0x08000167   Thumb Code     0  startup_stm32f10x_hd.o(.text)
    SystemInit                               0x08000219   Thumb Code    64  system_stm32f10x.o(.text)
    SystemCoreClockUpdate                    0x08000259   Thumb Code   106  system_stm32f10x.o(.text)
    NVIC_PriorityGroupConfig                 0x080002e5   Thumb Code    10  misc.o(.text)
    NVIC_Init                                0x080002ef   Thumb Code    96  misc.o(.text)
    NVIC_SetVectorTable                      0x0800034f   Thumb Code    14  misc.o(.text)
    NVIC_SystemLPConfig                      0x0800035d   Thumb Code    24  misc.o(.text)
    SysTick_CLKSourceConfig                  0x08000375   Thumb Code    28  misc.o(.text)
    BKP_DeInit                               0x0800039d   Thumb Code    18  stm32f10x_bkp.o(.text)
    BKP_TamperPinLevelConfig                 0x080003af   Thumb Code     6  stm32f10x_bkp.o(.text)
    BKP_TamperPinCmd                         0x080003b5   Thumb Code     8  stm32f10x_bkp.o(.text)
    BKP_ITConfig                             0x080003bd   Thumb Code     8  stm32f10x_bkp.o(.text)
    BKP_RTCOutputConfig                      0x080003c5   Thumb Code    14  stm32f10x_bkp.o(.text)
    BKP_SetRTCCalibrationValue               0x080003d3   Thumb Code    14  stm32f10x_bkp.o(.text)
    BKP_WriteBackupRegister                  0x080003e1   Thumb Code    16  stm32f10x_bkp.o(.text)
    BKP_ReadBackupRegister                   0x080003f1   Thumb Code    16  stm32f10x_bkp.o(.text)
    BKP_GetFlagStatus                        0x08000401   Thumb Code    10  stm32f10x_bkp.o(.text)
    BKP_ClearFlag                            0x0800040b   Thumb Code    14  stm32f10x_bkp.o(.text)
    BKP_GetITStatus                          0x08000419   Thumb Code    10  stm32f10x_bkp.o(.text)
    BKP_ClearITPendingBit                    0x08000423   Thumb Code    14  stm32f10x_bkp.o(.text)
    EXTI_DeInit                              0x08000439   Thumb Code    28  stm32f10x_exti.o(.text)
    EXTI_Init                                0x08000455   Thumb Code   110  stm32f10x_exti.o(.text)
    EXTI_StructInit                          0x080004c3   Thumb Code    14  stm32f10x_exti.o(.text)
    EXTI_GenerateSWInterrupt                 0x080004d1   Thumb Code    12  stm32f10x_exti.o(.text)
    EXTI_GetFlagStatus                       0x080004dd   Thumb Code    18  stm32f10x_exti.o(.text)
    EXTI_ClearFlag                           0x080004ef   Thumb Code     8  stm32f10x_exti.o(.text)
    EXTI_GetITStatus                         0x080004f7   Thumb Code    28  stm32f10x_exti.o(.text)
    EXTI_ClearITPendingBit                   0x08000513   Thumb Code     8  stm32f10x_exti.o(.text)
    FLASH_SetLatency                         0x08000525   Thumb Code    14  stm32f10x_flash.o(.text)
    FLASH_HalfCycleAccessCmd                 0x08000533   Thumb Code    18  stm32f10x_flash.o(.text)
    FLASH_PrefetchBufferCmd                  0x08000545   Thumb Code    18  stm32f10x_flash.o(.text)
    FLASH_Unlock                             0x08000557   Thumb Code    12  stm32f10x_flash.o(.text)
    FLASH_UnlockBank1                        0x08000563   Thumb Code    12  stm32f10x_flash.o(.text)
    FLASH_Lock                               0x0800056f   Thumb Code    12  stm32f10x_flash.o(.text)
    FLASH_LockBank1                          0x0800057b   Thumb Code    12  stm32f10x_flash.o(.text)
    FLASH_GetBank1Status                     0x08000587   Thumb Code    34  stm32f10x_flash.o(.text)
    FLASH_WaitForLastOperation               0x080005a9   Thumb Code    32  stm32f10x_flash.o(.text)
    FLASH_ErasePage                          0x080005c9   Thumb Code    56  stm32f10x_flash.o(.text)
    FLASH_EraseAllPages                      0x08000601   Thumb Code    52  stm32f10x_flash.o(.text)
    FLASH_WaitForLastBank1Operation          0x08000635   Thumb Code    32  stm32f10x_flash.o(.text)
    FLASH_EraseAllBank1Pages                 0x08000655   Thumb Code    52  stm32f10x_flash.o(.text)
    FLASH_GetReadOutProtectionStatus         0x08000689   Thumb Code    14  stm32f10x_flash.o(.text)
    FLASH_EraseOptionBytes                   0x08000697   Thumb Code   120  stm32f10x_flash.o(.text)
    FLASH_ProgramWord                        0x0800070f   Thumb Code    86  stm32f10x_flash.o(.text)
    FLASH_ProgramHalfWord                    0x08000765   Thumb Code    48  stm32f10x_flash.o(.text)
    FLASH_ProgramOptionByteData              0x08000795   Thumb Code    62  stm32f10x_flash.o(.text)
    FLASH_EnableWriteProtection              0x080007d3   Thumb Code   158  stm32f10x_flash.o(.text)
    FLASH_ReadOutProtection                  0x08000871   Thumb Code   120  stm32f10x_flash.o(.text)
    FLASH_UserOptionByteConfig               0x080008e9   Thumb Code    98  stm32f10x_flash.o(.text)
    FLASH_GetUserOptionByte                  0x0800094b   Thumb Code     8  stm32f10x_flash.o(.text)
    FLASH_GetWriteProtectionOptionByte       0x08000953   Thumb Code     6  stm32f10x_flash.o(.text)
    FLASH_GetPrefetchBufferStatus            0x08000959   Thumb Code    14  stm32f10x_flash.o(.text)
    FLASH_ITConfig                           0x08000967   Thumb Code    22  stm32f10x_flash.o(.text)
    FLASH_GetFlagStatus                      0x0800097d   Thumb Code    30  stm32f10x_flash.o(.text)
    FLASH_ClearFlag                          0x0800099b   Thumb Code     6  stm32f10x_flash.o(.text)
    FLASH_GetStatus                          0x080009a1   Thumb Code    34  stm32f10x_flash.o(.text)
    GPIO_DeInit                              0x080009c9   Thumb Code   188  stm32f10x_gpio.o(.text)
    GPIO_AFIODeInit                          0x08000a85   Thumb Code    22  stm32f10x_gpio.o(.text)
    GPIO_Init                                0x08000a9b   Thumb Code   166  stm32f10x_gpio.o(.text)
    GPIO_StructInit                          0x08000b41   Thumb Code    16  stm32f10x_gpio.o(.text)
    GPIO_ReadInputDataBit                    0x08000b51   Thumb Code    14  stm32f10x_gpio.o(.text)
    GPIO_ReadInputData                       0x08000b5f   Thumb Code     6  stm32f10x_gpio.o(.text)
    GPIO_ReadOutputDataBit                   0x08000b65   Thumb Code    14  stm32f10x_gpio.o(.text)
    GPIO_ReadOutputData                      0x08000b73   Thumb Code     6  stm32f10x_gpio.o(.text)
    GPIO_SetBits                             0x08000b79   Thumb Code     4  stm32f10x_gpio.o(.text)
    GPIO_ResetBits                           0x08000b7d   Thumb Code     4  stm32f10x_gpio.o(.text)
    GPIO_WriteBit                            0x08000b81   Thumb Code    12  stm32f10x_gpio.o(.text)
    GPIO_Write                               0x08000b8d   Thumb Code     4  stm32f10x_gpio.o(.text)
    GPIO_PinLockConfig                       0x08000b91   Thumb Code    16  stm32f10x_gpio.o(.text)
    GPIO_EventOutputConfig                   0x08000ba1   Thumb Code    22  stm32f10x_gpio.o(.text)
    GPIO_EventOutputCmd                      0x08000bb7   Thumb Code     6  stm32f10x_gpio.o(.text)
    GPIO_PinRemapConfig                      0x08000bbd   Thumb Code    86  stm32f10x_gpio.o(.text)
    GPIO_EXTILineConfig                      0x08000c13   Thumb Code    34  stm32f10x_gpio.o(.text)
    GPIO_ETH_MediaInterfaceConfig            0x08000c35   Thumb Code     8  stm32f10x_gpio.o(.text)
    IWDG_WriteAccessCmd                      0x08000c61   Thumb Code     6  stm32f10x_iwdg.o(.text)
    IWDG_SetPrescaler                        0x08000c67   Thumb Code     6  stm32f10x_iwdg.o(.text)
    IWDG_SetReload                           0x08000c6d   Thumb Code     6  stm32f10x_iwdg.o(.text)
    IWDG_ReloadCounter                       0x08000c73   Thumb Code    10  stm32f10x_iwdg.o(.text)
    IWDG_Enable                              0x08000c7d   Thumb Code    10  stm32f10x_iwdg.o(.text)
    IWDG_GetFlagStatus                       0x08000c87   Thumb Code    16  stm32f10x_iwdg.o(.text)
    PWR_DeInit                               0x08000c9d   Thumb Code    24  stm32f10x_pwr.o(.text)
    PWR_BackupAccessCmd                      0x08000cb5   Thumb Code     6  stm32f10x_pwr.o(.text)
    PWR_PVDCmd                               0x08000cbb   Thumb Code     6  stm32f10x_pwr.o(.text)
    PWR_PVDLevelConfig                       0x08000cc1   Thumb Code    14  stm32f10x_pwr.o(.text)
    PWR_WakeUpPinCmd                         0x08000ccf   Thumb Code     8  stm32f10x_pwr.o(.text)
    PWR_EnterSTOPMode                        0x08000cd7   Thumb Code    42  stm32f10x_pwr.o(.text)
    PWR_EnterSTANDBYMode                     0x08000d01   Thumb Code    32  stm32f10x_pwr.o(.text)
    PWR_GetFlagStatus                        0x08000d21   Thumb Code    16  stm32f10x_pwr.o(.text)
    PWR_ClearFlag                            0x08000d31   Thumb Code    12  stm32f10x_pwr.o(.text)
    RCC_DeInit                               0x08000d49   Thumb Code    50  stm32f10x_rcc.o(.text)
    RCC_HSEConfig                            0x08000d7b   Thumb Code    50  stm32f10x_rcc.o(.text)
    RCC_GetFlagStatus                        0x08000dad   Thumb Code    42  stm32f10x_rcc.o(.text)
    RCC_WaitForHSEStartUp                    0x08000dd7   Thumb Code    48  stm32f10x_rcc.o(.text)
    RCC_AdjustHSICalibrationValue            0x08000e07   Thumb Code    16  stm32f10x_rcc.o(.text)
    RCC_HSICmd                               0x08000e17   Thumb Code     6  stm32f10x_rcc.o(.text)
    RCC_PLLConfig                            0x08000e1d   Thumb Code    16  stm32f10x_rcc.o(.text)
    RCC_PLLCmd                               0x08000e2d   Thumb Code     6  stm32f10x_rcc.o(.text)
    RCC_SYSCLKConfig                         0x08000e33   Thumb Code    14  stm32f10x_rcc.o(.text)
    RCC_GetSYSCLKSource                      0x08000e41   Thumb Code    10  stm32f10x_rcc.o(.text)
    RCC_HCLKConfig                           0x08000e4b   Thumb Code    14  stm32f10x_rcc.o(.text)
    RCC_PCLK1Config                          0x08000e59   Thumb Code    14  stm32f10x_rcc.o(.text)
    RCC_PCLK2Config                          0x08000e67   Thumb Code    16  stm32f10x_rcc.o(.text)
    RCC_ITConfig                             0x08000e77   Thumb Code    22  stm32f10x_rcc.o(.text)
    RCC_USBCLKConfig                         0x08000e8d   Thumb Code     8  stm32f10x_rcc.o(.text)
    RCC_ADCCLKConfig                         0x08000e95   Thumb Code    14  stm32f10x_rcc.o(.text)
    RCC_LSEConfig                            0x08000ea3   Thumb Code    36  stm32f10x_rcc.o(.text)
    RCC_LSICmd                               0x08000ec7   Thumb Code     6  stm32f10x_rcc.o(.text)
    RCC_RTCCLKConfig                         0x08000ecd   Thumb Code    10  stm32f10x_rcc.o(.text)
    RCC_RTCCLKCmd                            0x08000ed7   Thumb Code     8  stm32f10x_rcc.o(.text)
    RCC_GetClocksFreq                        0x08000edf   Thumb Code   154  stm32f10x_rcc.o(.text)
    RCC_AHBPeriphClockCmd                    0x08000f79   Thumb Code    22  stm32f10x_rcc.o(.text)
    RCC_APB2PeriphClockCmd                   0x08000f8f   Thumb Code    22  stm32f10x_rcc.o(.text)
    RCC_APB1PeriphClockCmd                   0x08000fa5   Thumb Code    22  stm32f10x_rcc.o(.text)
    RCC_APB2PeriphResetCmd                   0x08000fbb   Thumb Code    22  stm32f10x_rcc.o(.text)
    RCC_APB1PeriphResetCmd                   0x08000fd1   Thumb Code    22  stm32f10x_rcc.o(.text)
    RCC_BackupResetCmd                       0x08000fe7   Thumb Code     8  stm32f10x_rcc.o(.text)
    RCC_ClockSecuritySystemCmd               0x08000fef   Thumb Code     6  stm32f10x_rcc.o(.text)
    RCC_MCOConfig                            0x08000ff5   Thumb Code     6  stm32f10x_rcc.o(.text)
    RCC_ClearFlag                            0x08000ffb   Thumb Code    12  stm32f10x_rcc.o(.text)
    RCC_GetITStatus                          0x08001007   Thumb Code    16  stm32f10x_rcc.o(.text)
    RCC_ClearITPendingBit                    0x08001017   Thumb Code     6  stm32f10x_rcc.o(.text)
    RTC_ITConfig                             0x0800103d   Thumb Code    22  stm32f10x_rtc.o(.text)
    RTC_EnterConfigMode                      0x08001053   Thumb Code    14  stm32f10x_rtc.o(.text)
    RTC_ExitConfigMode                       0x08001061   Thumb Code    14  stm32f10x_rtc.o(.text)
    RTC_GetCounter                           0x0800106f   Thumb Code    18  stm32f10x_rtc.o(.text)
    RTC_SetCounter                           0x08001081   Thumb Code    26  stm32f10x_rtc.o(.text)
    RTC_SetPrescaler                         0x0800109b   Thumb Code    28  stm32f10x_rtc.o(.text)
    RTC_SetAlarm                             0x080010b7   Thumb Code    26  stm32f10x_rtc.o(.text)
    RTC_GetDivider                           0x080010d1   Thumb Code    20  stm32f10x_rtc.o(.text)
    RTC_WaitForLastTask                      0x080010e5   Thumb Code    12  stm32f10x_rtc.o(.text)
    RTC_WaitForSynchro                       0x080010f1   Thumb Code    20  stm32f10x_rtc.o(.text)
    RTC_GetFlagStatus                        0x08001105   Thumb Code    18  stm32f10x_rtc.o(.text)
    RTC_ClearFlag                            0x08001117   Thumb Code    12  stm32f10x_rtc.o(.text)
    RTC_GetITStatus                          0x08001123   Thumb Code    28  stm32f10x_rtc.o(.text)
    RTC_ClearITPendingBit                    0x0800113f   Thumb Code    12  stm32f10x_rtc.o(.text)
    TIM_DeInit                               0x08001151   Thumb Code   464  stm32f10x_tim.o(.text)
    TIM_TimeBaseInit                         0x08001321   Thumb Code   114  stm32f10x_tim.o(.text)
    TIM_OC1Init                              0x08001393   Thumb Code   114  stm32f10x_tim.o(.text)
    TIM_OC2Init                              0x08001405   Thumb Code   128  stm32f10x_tim.o(.text)
    TIM_OC3Init                              0x08001485   Thumb Code   124  stm32f10x_tim.o(.text)
    TIM_OC4Init                              0x08001501   Thumb Code   160  stm32f10x_tim.o(.text)
    TIM_SetIC4Prescaler                      0x080015a1   Thumb Code    24  stm32f10x_tim.o(.text)
    TIM_SetIC3Prescaler                      0x0800161f   Thumb Code    16  stm32f10x_tim.o(.text)
    TIM_SetIC2Prescaler                      0x08001691   Thumb Code    24  stm32f10x_tim.o(.text)
    TIM_SetIC1Prescaler                      0x0800170f   Thumb Code    16  stm32f10x_tim.o(.text)
    TIM_ICInit                               0x0800177d   Thumb Code   114  stm32f10x_tim.o(.text)
    TIM_PWMIConfig                           0x080017ef   Thumb Code   106  stm32f10x_tim.o(.text)
    TIM_BDTRConfig                           0x08001859   Thumb Code    34  stm32f10x_tim.o(.text)
    TIM_TimeBaseStructInit                   0x0800187b   Thumb Code    18  stm32f10x_tim.o(.text)
    TIM_OCStructInit                         0x0800188d   Thumb Code    20  stm32f10x_tim.o(.text)
    TIM_ICStructInit                         0x080018a1   Thumb Code    16  stm32f10x_tim.o(.text)
    TIM_BDTRStructInit                       0x080018b1   Thumb Code    18  stm32f10x_tim.o(.text)
    TIM_Cmd                                  0x080018c3   Thumb Code    24  stm32f10x_tim.o(.text)
    TIM_CtrlPWMOutputs                       0x080018db   Thumb Code    28  stm32f10x_tim.o(.text)
    TIM_ITConfig                             0x080018f7   Thumb Code    20  stm32f10x_tim.o(.text)
    TIM_GenerateEvent                        0x0800190b   Thumb Code     4  stm32f10x_tim.o(.text)
    TIM_DMAConfig                            0x0800190f   Thumb Code     8  stm32f10x_tim.o(.text)
    TIM_DMACmd                               0x08001917   Thumb Code    20  stm32f10x_tim.o(.text)
    TIM_InternalClockConfig                  0x0800192b   Thumb Code    10  stm32f10x_tim.o(.text)
    TIM_SelectInputTrigger                   0x08001935   Thumb Code    12  stm32f10x_tim.o(.text)
    TIM_ITRxExternalClockConfig              0x08001941   Thumb Code    20  stm32f10x_tim.o(.text)
    TIM_TIxExternalClockConfig               0x08001955   Thumb Code    48  stm32f10x_tim.o(.text)
    TIM_ETRConfig                            0x08001985   Thumb Code    24  stm32f10x_tim.o(.text)
    TIM_ETRClockMode1Config                  0x0800199d   Thumb Code    52  stm32f10x_tim.o(.text)
    TIM_ETRClockMode2Config                  0x080019d1   Thumb Code    20  stm32f10x_tim.o(.text)
    TIM_PrescalerConfig                      0x080019e5   Thumb Code     6  stm32f10x_tim.o(.text)
    TIM_CounterModeConfig                    0x080019eb   Thumb Code    12  stm32f10x_tim.o(.text)
    TIM_EncoderInterfaceConfig               0x080019f7   Thumb Code    50  stm32f10x_tim.o(.text)
    TIM_ForcedOC1Config                      0x08001a29   Thumb Code    12  stm32f10x_tim.o(.text)
    TIM_ForcedOC2Config                      0x08001a35   Thumb Code    20  stm32f10x_tim.o(.text)
    TIM_ForcedOC3Config                      0x08001a49   Thumb Code    12  stm32f10x_tim.o(.text)
    TIM_ForcedOC4Config                      0x08001a55   Thumb Code    20  stm32f10x_tim.o(.text)
    TIM_ARRPreloadConfig                     0x08001a69   Thumb Code    24  stm32f10x_tim.o(.text)
    TIM_SelectCOM                            0x08001a81   Thumb Code    24  stm32f10x_tim.o(.text)
    TIM_SelectCCDMA                          0x08001a99   Thumb Code    24  stm32f10x_tim.o(.text)
    TIM_CCPreloadControl                     0x08001ab1   Thumb Code    24  stm32f10x_tim.o(.text)
    TIM_OC1PreloadConfig                     0x08001ac9   Thumb Code    12  stm32f10x_tim.o(.text)
    TIM_OC2PreloadConfig                     0x08001ad5   Thumb Code    20  stm32f10x_tim.o(.text)
    TIM_OC3PreloadConfig                     0x08001ae9   Thumb Code    12  stm32f10x_tim.o(.text)
    TIM_OC4PreloadConfig                     0x08001af5   Thumb Code    20  stm32f10x_tim.o(.text)
    TIM_OC1FastConfig                        0x08001b09   Thumb Code    12  stm32f10x_tim.o(.text)
    TIM_OC2FastConfig                        0x08001b15   Thumb Code    20  stm32f10x_tim.o(.text)
    TIM_OC3FastConfig                        0x08001b29   Thumb Code    12  stm32f10x_tim.o(.text)
    TIM_OC4FastConfig                        0x08001b35   Thumb Code    20  stm32f10x_tim.o(.text)
    TIM_ClearOC1Ref                          0x08001b49   Thumb Code    12  stm32f10x_tim.o(.text)
    TIM_ClearOC2Ref                          0x08001b55   Thumb Code    20  stm32f10x_tim.o(.text)
    TIM_ClearOC3Ref                          0x08001b69   Thumb Code    12  stm32f10x_tim.o(.text)
    TIM_ClearOC4Ref                          0x08001b75   Thumb Code    20  stm32f10x_tim.o(.text)
    TIM_OC1PolarityConfig                    0x08001b89   Thumb Code    12  stm32f10x_tim.o(.text)
    TIM_OC1NPolarityConfig                   0x08001b95   Thumb Code    12  stm32f10x_tim.o(.text)
    TIM_OC2PolarityConfig                    0x08001ba1   Thumb Code    20  stm32f10x_tim.o(.text)
    TIM_OC2NPolarityConfig                   0x08001bb5   Thumb Code    20  stm32f10x_tim.o(.text)
    TIM_OC3PolarityConfig                    0x08001bc9   Thumb Code    20  stm32f10x_tim.o(.text)
    TIM_OC3NPolarityConfig                   0x08001bdd   Thumb Code    20  stm32f10x_tim.o(.text)
    TIM_OC4PolarityConfig                    0x08001bf1   Thumb Code    20  stm32f10x_tim.o(.text)
    TIM_CCxCmd                               0x08001c05   Thumb Code    22  stm32f10x_tim.o(.text)
    TIM_CCxNCmd                              0x08001c1b   Thumb Code    22  stm32f10x_tim.o(.text)
    TIM_SelectOCxM                           0x08001c31   Thumb Code    76  stm32f10x_tim.o(.text)
    TIM_UpdateDisableConfig                  0x08001c7d   Thumb Code    24  stm32f10x_tim.o(.text)
    TIM_UpdateRequestConfig                  0x08001c95   Thumb Code    24  stm32f10x_tim.o(.text)
    TIM_SelectHallSensor                     0x08001cad   Thumb Code    24  stm32f10x_tim.o(.text)
    TIM_SelectOnePulseMode                   0x08001cc5   Thumb Code    16  stm32f10x_tim.o(.text)
    TIM_SelectOutputTrigger                  0x08001cd5   Thumb Code    16  stm32f10x_tim.o(.text)
    TIM_SelectSlaveMode                      0x08001ce5   Thumb Code    16  stm32f10x_tim.o(.text)
    TIM_SelectMasterSlaveMode                0x08001cf5   Thumb Code    16  stm32f10x_tim.o(.text)
    TIM_SetCounter                           0x08001d05   Thumb Code     4  stm32f10x_tim.o(.text)
    TIM_SetAutoreload                        0x08001d09   Thumb Code     4  stm32f10x_tim.o(.text)
    TIM_SetCompare1                          0x08001d0d   Thumb Code     4  stm32f10x_tim.o(.text)
    TIM_SetCompare2                          0x08001d11   Thumb Code     4  stm32f10x_tim.o(.text)
    TIM_SetCompare3                          0x08001d15   Thumb Code     4  stm32f10x_tim.o(.text)
    TIM_SetCompare4                          0x08001d19   Thumb Code     6  stm32f10x_tim.o(.text)
    TIM_SetClockDivision                     0x08001d1f   Thumb Code    16  stm32f10x_tim.o(.text)
    TIM_GetCapture1                          0x08001d2f   Thumb Code     4  stm32f10x_tim.o(.text)
    TIM_GetCapture2                          0x08001d33   Thumb Code     4  stm32f10x_tim.o(.text)
    TIM_GetCapture3                          0x08001d37   Thumb Code     4  stm32f10x_tim.o(.text)
    TIM_GetCapture4                          0x08001d3b   Thumb Code     6  stm32f10x_tim.o(.text)
    TIM_GetCounter                           0x08001d41   Thumb Code     4  stm32f10x_tim.o(.text)
    TIM_GetPrescaler                         0x08001d45   Thumb Code     4  stm32f10x_tim.o(.text)
    TIM_GetFlagStatus                        0x08001d49   Thumb Code    14  stm32f10x_tim.o(.text)
    TIM_ClearFlag                            0x08001d57   Thumb Code     6  stm32f10x_tim.o(.text)
    TIM_GetITStatus                          0x08001d5d   Thumb Code    24  stm32f10x_tim.o(.text)
    TIM_ClearITPendingBit                    0x08001d75   Thumb Code     6  stm32f10x_tim.o(.text)
    USART_DeInit                             0x08001d7d   Thumb Code   144  stm32f10x_usart.o(.text)
    USART_Init                               0x08001e0d   Thumb Code   182  stm32f10x_usart.o(.text)
    USART_StructInit                         0x08001ec3   Thumb Code    22  stm32f10x_usart.o(.text)
    USART_ClockInit                          0x08001ed9   Thumb Code    30  stm32f10x_usart.o(.text)
    USART_ClockStructInit                    0x08001ef7   Thumb Code    12  stm32f10x_usart.o(.text)
    USART_Cmd                                0x08001f03   Thumb Code    24  stm32f10x_usart.o(.text)
    USART_ITConfig                           0x08001f1b   Thumb Code    54  stm32f10x_usart.o(.text)
    USART_DMACmd                             0x08001f51   Thumb Code    20  stm32f10x_usart.o(.text)
    USART_SetAddress                         0x08001f65   Thumb Code    16  stm32f10x_usart.o(.text)
    USART_WakeUpConfig                       0x08001f75   Thumb Code    16  stm32f10x_usart.o(.text)
    USART_ReceiverWakeUpCmd                  0x08001f85   Thumb Code    24  stm32f10x_usart.o(.text)
    USART_LINBreakDetectLengthConfig         0x08001f9d   Thumb Code    16  stm32f10x_usart.o(.text)
    USART_LINCmd                             0x08001fad   Thumb Code    24  stm32f10x_usart.o(.text)
    USART_SendData                           0x08001fc5   Thumb Code     8  stm32f10x_usart.o(.text)
    USART_ReceiveData                        0x08001fcd   Thumb Code     8  stm32f10x_usart.o(.text)
    USART_SendBreak                          0x08001fd5   Thumb Code    10  stm32f10x_usart.o(.text)
    USART_SetGuardTime                       0x08001fdf   Thumb Code    16  stm32f10x_usart.o(.text)
    USART_SetPrescaler                       0x08001fef   Thumb Code    16  stm32f10x_usart.o(.text)
    USART_SmartCardCmd                       0x08001fff   Thumb Code    24  stm32f10x_usart.o(.text)
    USART_SmartCardNACKCmd                   0x08002017   Thumb Code    24  stm32f10x_usart.o(.text)
    USART_HalfDuplexCmd                      0x0800202f   Thumb Code    24  stm32f10x_usart.o(.text)
    USART_OverSampling8Cmd                   0x08002047   Thumb Code    24  stm32f10x_usart.o(.text)
    USART_OneBitMethodCmd                    0x0800205f   Thumb Code    24  stm32f10x_usart.o(.text)
    USART_IrDAConfig                         0x08002077   Thumb Code    16  stm32f10x_usart.o(.text)
    USART_IrDACmd                            0x08002087   Thumb Code    24  stm32f10x_usart.o(.text)
    USART_GetFlagStatus                      0x0800209f   Thumb Code    14  stm32f10x_usart.o(.text)
    USART_ClearFlag                          0x080020ad   Thumb Code     8  stm32f10x_usart.o(.text)
    USART_GetITStatus                        0x080020b5   Thumb Code    64  stm32f10x_usart.o(.text)
    USART_ClearITPendingBit                  0x080020f5   Thumb Code    16  stm32f10x_usart.o(.text)
    initVariate                              0x08002119   Thumb Code   110  main.o(.text)
    main                                     0x08002187   Thumb Code   150  main.o(.text)
    HSE_SetSysClock                          0x08002289   Thumb Code   110  init.o(.text)
    HSI_SetSysClock                          0x080022f7   Thumb Code   108  init.o(.text)
    RCC_Configuration                        0x08002363   Thumb Code    62  init.o(.text)
    UART_GPIO_Configuration                  0x080023a1   Thumb Code   140  init.o(.text)
    NVIC_Configuration                       0x0800242d   Thumb Code   140  init.o(.text)
    EXTI_Configuration                       0x080024b9   Thumb Code     2  init.o(.text)
    USART_Configuration                      0x080024bb   Thumb Code   198  init.o(.text)
    TIM6_Configuration                       0x08002581   Thumb Code    68  init.o(.text)
    RTC_Configuration                        0x080025c5   Thumb Code    74  init.o(.text)
    TIM_3_Configuration                      0x0800260f   Thumb Code    64  init.o(.text)
    WDG_Init                                 0x0800264f   Thumb Code    52  init.o(.text)
    fputc                                    0x08002683   Thumb Code    30  init.o(.text)
    NMI_Handler                              0x080026c1   Thumb Code     2  stm32f10x_it.o(.text)
    HardFault_Handler                        0x080026c3   Thumb Code     2  stm32f10x_it.o(.text)
    MemManage_Handler                        0x080026c5   Thumb Code     2  stm32f10x_it.o(.text)
    BusFault_Handler                         0x080026c7   Thumb Code     2  stm32f10x_it.o(.text)
    UsageFault_Handler                       0x080026c9   Thumb Code     2  stm32f10x_it.o(.text)
    SVC_Handler                              0x080026cb   Thumb Code     2  stm32f10x_it.o(.text)
    DebugMon_Handler                         0x080026cd   Thumb Code     2  stm32f10x_it.o(.text)
    PendSV_Handler                           0x080026cf   Thumb Code     2  stm32f10x_it.o(.text)
    SysTick_Handler                          0x080026d1   Thumb Code     4  stm32f10x_it.o(.text)
    RTCAlarm_IRQHandler                      0x080026d5   Thumb Code    54  stm32f10x_it.o(.text)
    TIM3_IRQHandler                          0x0800270b   Thumb Code    86  stm32f10x_it.o(.text)
    TIM6_IRQHandler                          0x08002761   Thumb Code    34  stm32f10x_it.o(.text)
    USART1_IRQHandler                        0x08002783   Thumb Code    10  stm32f10x_it.o(.text)
    USART2_IRQHandler                        0x0800278d   Thumb Code   212  stm32f10x_it.o(.text)
    USART3_IRQHandler                        0x08002861   Thumb Code   304  stm32f10x_it.o(.text)
    EXTI0_IRQHandler                         0x08002991   Thumb Code    22  stm32f10x_it.o(.text)
    SysTick_Init                             0x08002a65   Thumb Code    56  delay.o(.text)
    delay_10us                               0x08002a9d   Thumb Code    12  delay.o(.text)
    TimingDelay_Decrement                    0x08002aa9   Thumb Code    16  delay.o(.text)
    delay_us                                 0x08002ab9   Thumb Code    20  delay.o(.text)
    get_ms                                   0x08002acd   Thumb Code     2  delay.o(.text)
    delay_ms                                 0x08002acf   Thumb Code    36  delay.o(.text)
    delay                                    0x08002af3   Thumb Code    20  delay.o(.text)
    str_copy_usart_buf                       0x08002b19   Thumb Code    24  uart.o(.text)
    str_copy_usart_buf2                      0x08002b31   Thumb Code    24  uart.o(.text)
    Usart_SendByte                           0x08002b49   Thumb Code    62  uart.o(.text)
    Usart_SendString                         0x08002b87   Thumb Code    56  uart.o(.text)
    USART_data_Reset                         0x08002bbf   Thumb Code    72  uart.o(.text)
    buildAndSendDataToNode                   0x08002c07   Thumb Code   100  uart.o(.text)
    uint32_Str                               0x08002cc1   Thumb Code    46  tools.o(.text)
    IO_TXD                                   0x08002cef   Thumb Code    80  tools.o(.text)
    IO_USART_Send                            0x08002d3f   Thumb Code    26  tools.o(.text)
    CheckSum                                 0x08002d59   Thumb Code    26  tools.o(.text)
    printHex                                 0x08002d73   Thumb Code    34  tools.o(.text)
    displayHex2oled                          0x08002d95   Thumb Code    68  tools.o(.text)
    hexCompaer                               0x08002dd9   Thumb Code    52  tools.o(.text)
    StrToHexByte                             0x08002e0d   Thumb Code    88  tools.o(.text)
    getChipIdStr                             0x08002e65   Thumb Code    88  tools.o(.text)
    hasError                                 0x08002f29   Thumb Code    22  application.o(.text)
    sortNodes                                0x08002f3f   Thumb Code   148  application.o(.text)
    NodeDataAnalysis                         0x08002fd3   Thumb Code  1180  application.o(.text)
    IntervalProc                             0x0800346f   Thumb Code   220  application.o(.text)
    flash_erase_page                         0x080035ad   Thumb Code    90  flash.o(.text)
    flash_erase                              0x08003607   Thumb Code    58  flash.o(.text)
    readFlash                                0x08003641   Thumb Code    24  flash.o(.text)
    rFlashData                               0x08003659   Thumb Code    16  flash.o(.text)
    wFlashData                               0x08003669   Thumb Code    48  flash.o(.text)
    iap_load_app                             0x08003699   Thumb Code    52  flash.o(.text)
    buildAndSendStr2TFT                      0x08003765   Thumb Code    80  tftcommunic.o(.text)
    TFTDisplayNodeList2SetPag                0x080037b5   Thumb Code   124  tftcommunic.o(.text)
    disp_hindTFTContrl                       0x08003831   Thumb Code    52  tftcommunic.o(.text)
    disp_hindTFTDisPage                      0x08003865   Thumb Code    92  tftcommunic.o(.text)
    dispSetTips                              0x080038c1   Thumb Code     8  tftcommunic.o(.text)
    changeTFTPage                            0x080038c9   Thumb Code    40  tftcommunic.o(.text)
    dispElec2TFT                             0x080038f1   Thumb Code   458  tftcommunic.o(.text)
    TFTButtonEvent                           0x08003abb   Thumb Code   866  tftcommunic.o(.text)
    setListF2                                0x08003e1d   Thumb Code    46  tftcommunic.o(.text)
    updateListPagef2                         0x08003e4b   Thumb Code    56  tftcommunic.o(.text)
    updateRegisterCount                      0x08003e83   Thumb Code    28  tftcommunic.o(.text)
    deleteNodeInfo                           0x08003e9f   Thumb Code   300  tftcommunic.o(.text)
    RegisterNode                             0x08003fcb   Thumb Code   890  tftcommunic.o(.text)
    TFTanalysis                              0x08004345   Thumb Code   344  tftcommunic.o(.text)
    getTFTText                               0x0800449d   Thumb Code    98  tftcommunic.o(.text)
    getListPagef1                            0x080044ff   Thumb Code     6  tftcommunic.o(.text)
    rebootTFT                                0x08004505   Thumb Code    48  tftcommunic.o(.text)
    QueueShiftLeft                           0x08004735   Thumb Code    46  uartsendqueue.o(.text)
    printQuenId                              0x08004763   Thumb Code    60  uartsendqueue.o(.text)
    addTFTSendQueue                          0x0800479f   Thumb Code    56  uartsendqueue.o(.text)
    sendQueueMSG                             0x080047d7   Thumb Code    32  uartsendqueue.o(.text)
    OLED_GPIO_Init                           0x0800483d   Thumb Code    50  oled.o(.text)
    IIC_Start                                0x0800486f   Thumb Code    36  oled.o(.text)
    IIC_Stop                                 0x08004893   Thumb Code    36  oled.o(.text)
    Write_IIC_Byte                           0x080048b7   Thumb Code    84  oled.o(.text)
    OLED_WrDat                               0x0800490b   Thumb Code    32  oled.o(.text)
    OLED_WrCmd                               0x0800492b   Thumb Code    32  oled.o(.text)
    OLED_Set_Pos                             0x0800494b   Thumb Code    32  oled.o(.text)
    OLED_Set_Pos_2                           0x0800496b   Thumb Code    36  oled.o(.text)
    OLED_Fill                                0x0800498f   Thumb Code    54  oled.o(.text)
    Draw_BMP                                 0x080049c5   Thumb Code    66  oled.o(.text)
    OLED_CLS                                 0x08004a07   Thumb Code     4  oled.o(.text)
    OLED_ON                                  0x08004a0b   Thumb Code    22  oled.o(.text)
    OLED_OFF                                 0x08004a21   Thumb Code    22  oled.o(.text)
    OLED_Init                                0x08004a37   Thumb Code   196  oled.o(.text)
    OLED_P6x8Str                             0x08004afb   Thumb Code   100  oled.o(.text)
    OLED_Show6x8                             0x08004b5f   Thumb Code    60  oled.o(.text)
    OLED_P8x16Str                            0x08004b9b   Thumb Code   140  oled.o(.text)
    OLED_P16x16Ch                            0x08004c27   Thumb Code    94  oled.o(.text)
    display_ch                               0x08004c85   Thumb Code    44  oled.o(.text)
    Xintiao                                  0x08004cb1   Thumb Code    64  oled.o(.text)
    __aeabi_memcpy                           0x08004cfd   Thumb Code    36  memcpya.o(.text)
    __aeabi_memcpy4                          0x08004cfd   Thumb Code     0  memcpya.o(.text)
    __aeabi_memcpy8                          0x08004cfd   Thumb Code     0  memcpya.o(.text)
    __aeabi_memset                           0x08004d21   Thumb Code    14  memseta.o(.text)
    __aeabi_memset4                          0x08004d21   Thumb Code     0  memseta.o(.text)
    __aeabi_memset8                          0x08004d21   Thumb Code     0  memseta.o(.text)
    __aeabi_memclr                           0x08004d2f   Thumb Code     4  memseta.o(.text)
    __aeabi_memclr4                          0x08004d2f   Thumb Code     0  memseta.o(.text)
    __aeabi_memclr8                          0x08004d2f   Thumb Code     0  memseta.o(.text)
    _memset$wrapper                          0x08004d33   Thumb Code    18  memseta.o(.text)
    strlen                                   0x08004d45   Thumb Code    14  strlen.o(.text)
    strcmp                                   0x08004d53   Thumb Code    28  strcmp.o(.text)
    strcpy                                   0x08004d6f   Thumb Code    18  strcpy.o(.text)
    strtol                                   0x08004d81   Thumb Code   112  strtol.o(.text)
    __aeabi_dmul                             0x08004df1   Thumb Code   228  dmul.o(.text)
    __aeabi_ui2d                             0x08004ed5   Thumb Code    26  dfltui.o(.text)
    __aeabi_f2d                              0x08004eef   Thumb Code    38  f2d.o(.text)
    __aeabi_d2f                              0x08004f15   Thumb Code    56  d2f.o(.text)
    __aeabi_uidiv                            0x08004f4d   Thumb Code     0  uidiv.o(.text)
    __aeabi_uidivmod                         0x08004f4d   Thumb Code    44  uidiv.o(.text)
    __aeabi_uldivmod                         0x08004f79   Thumb Code    98  uldiv.o(.text)
    __rt_ctype_table                         0x08004fdd   Thumb Code     4  ctype_o.o(.text)
    _strtoul                                 0x08004fe5   Thumb Code   158  _strtoul.o(.text)
    __I$use$fp                               0x08005083   Thumb Code     0  iusefp.o(.text)
    _float_round                             0x08005083   Thumb Code    18  fepilogue.o(.text)
    _float_epilogue                          0x08005095   Thumb Code    92  fepilogue.o(.text)
    _double_round                            0x080050f1   Thumb Code    30  depilogue.o(.text)
    _double_epilogue                         0x0800510f   Thumb Code   156  depilogue.o(.text)
    __aeabi_dadd                             0x080051ab   Thumb Code   322  dadd.o(.text)
    __aeabi_dsub                             0x080052ed   Thumb Code     6  dadd.o(.text)
    __aeabi_drsub                            0x080052f3   Thumb Code     6  dadd.o(.text)
    __aeabi_ddiv                             0x080052f9   Thumb Code   222  ddiv.o(.text)
    __aeabi_d2ulz                            0x080053d7   Thumb Code    48  dfixul.o(.text)
    __aeabi_cdrcmple                         0x08005409   Thumb Code    48  cdrcmple.o(.text)
    __scatterload                            0x08005439   Thumb Code    28  init.o(.text)
    __scatterload_rt2                        0x08005439   Thumb Code     0  init.o(.text)
    __aeabi_llsl                             0x0800545d   Thumb Code    30  llshl.o(.text)
    _ll_shift_l                              0x0800545d   Thumb Code     0  llshl.o(.text)
    __aeabi_llsr                             0x0800547b   Thumb Code    32  llushr.o(.text)
    _ll_ushift_r                             0x0800547b   Thumb Code     0  llushr.o(.text)
    __aeabi_lasr                             0x0800549b   Thumb Code    36  llsshr.o(.text)
    _ll_sshift_r                             0x0800549b   Thumb Code     0  llsshr.o(.text)
    _chval                                   0x080054bf   Thumb Code    28  _chval.o(.text)
    __decompress                             0x080054db   Thumb Code     0  __dczerorl2.o(.text)
    __decompress1                            0x080054db   Thumb Code    86  __dczerorl2.o(.text)
    __0printf                                0x08005531   Thumb Code    22  printfa.o(i.__0printf)
    __1printf                                0x08005531   Thumb Code     0  printfa.o(i.__0printf)
    __2printf                                0x08005531   Thumb Code     0  printfa.o(i.__0printf)
    __c89printf                              0x08005531   Thumb Code     0  printfa.o(i.__0printf)
    printf                                   0x08005531   Thumb Code     0  printfa.o(i.__0printf)
    __0sprintf                               0x08005551   Thumb Code    34  printfa.o(i.__0sprintf)
    __1sprintf                               0x08005551   Thumb Code     0  printfa.o(i.__0sprintf)
    __2sprintf                               0x08005551   Thumb Code     0  printfa.o(i.__0sprintf)
    __c89sprintf                             0x08005551   Thumb Code     0  printfa.o(i.__0sprintf)
    sprintf                                  0x08005551   Thumb Code     0  printfa.o(i.__0sprintf)
    __aeabi_errno_addr                       0x08005579   Thumb Code     4  errno.o(i.__aeabi_errno_addr)
    __rt_errno_addr                          0x08005579   Thumb Code     0  errno.o(i.__aeabi_errno_addr)
    __scatterload_copy                       0x08005581   Thumb Code    14  handlers.o(i.__scatterload_copy)
    __scatterload_null                       0x0800558f   Thumb Code     2  handlers.o(i.__scatterload_null)
    __scatterload_zeroinit                   0x08005591   Thumb Code    14  handlers.o(i.__scatterload_zeroinit)
    __ctype_table                            0x08005e3c   Data         129  ctype_o.o(.constdata)
    Region$$Table$$Base                      0x08005f14   Number         0  anon$$obj.o(Region$$Table)
    Region$$Table$$Limit                     0x08005f34   Number         0  anon$$obj.o(Region$$Table)
    SystemCoreClock                          0x20000000   Data           4  system_stm32f10x.o(.data)
    AHBPrescTable                            0x20000004   Data          16  system_stm32f10x.o(.data)
    jump2app                                 0x2000003c   Data           4  flash.o(.data)
    g_RequestNodeElecFlag                    0x20000040   Data           1  tftcommunic.o(.data)
    g_currentRquesNodeIndex                  0x20000041   Data           1  tftcommunic.o(.data)
    g_nodeTotalCount                         0x20000043   Data           1  tftcommunic.o(.data)
    currentTFTV                              0x20000044   Data           4  tftcommunic.o(.data)
    dispNodeN                                0x20000048   Data           6  tftcommunic.o(.data)
    dispNodeP                                0x2000004e   Data           6  tftcommunic.o(.data)
    CH1Button                                0x20000054   Data           6  tftcommunic.o(.data)
    CH2Button                                0x2000005a   Data           6  tftcommunic.o(.data)
    StatusText                               0x20000060   Data           6  tftcommunic.o(.data)
    MsgCount                                 0x20000066   Data           2  uartsendqueue.o(.data)
    msgid                                    0x20000068   Data           1  uartsendqueue.o(.data)
    My6x8                                    0x20000069   Data           6  codetab.o(.data)
    F6x8                                     0x2000006f   Data         552  codetab.o(.data)
    F8X16                                    0x20000297   Data        1520  codetab.o(.data)
    BMP_XIN1                                 0x20000887   Data         128  codetab.o(.data)
    BMP_XIN2                                 0x20000907   Data         128  codetab.o(.data)
    BMP_XIN3                                 0x20000987   Data         128  codetab.o(.data)
    __stdout                                 0x20000a08   Data           4  stdout.o(.data)
    nodeInfo                                 0x20000a10   Data       19380  init.o(.bss)
    timerVariate                             0x200055c4   Data        1036  stm32f10x_it.o(.bss)
    uart2TFTPack                             0x200059d0   Data         284  uart.o(.bss)
    uart3_485Pack                            0x20005aec   Data         548  uart.o(.bss)
    g_retBuf                                 0x20005d10   Data         120  uart.o(.bss)
    pTFTPackUser                             0x20005d88   Data          16  uart.o(.bss)
    g_ChipIDi                                0x20005d98   Data          12  tools.o(.bss)
    sendNodeDatabuf                          0x20005da4   Data          12  tftcommunic.o(.bss)
    inPutPsw                                 0x20005db0   Data          32  tftcommunic.o(.bss)
    message                                  0x20005dd0   Data        2560  uartsendqueue.o(.bss)
    __initial_sp                             0x20006bd0   Data           0  startup_stm32f10x_hd.o(STACK)



==============================================================================

Memory Map of the image

  Image Entry point : 0x08000131

  Load Region LR_IROM1 (Base: 0x08000000, Size: 0x00006944, Max: 0x0000d800, ABSOLUTE, COMPRESSED[0x00006520])

    Execution Region ER_IROM1 (Base: 0x08000000, Size: 0x00005f34, Max: 0x0000d800, ABSOLUTE)

    Base Addr    Size         Type   Attr      Idx    E Section Name        Object

    0x08000000   0x00000130   Data   RO            3    RESET               startup_stm32f10x_hd.o
    0x08000130   0x00000000   Code   RO          703  * .ARM.Collect$$$$00000000  mc_w.l(entry.o)
    0x08000130   0x00000004   Code   RO          989    .ARM.Collect$$$$00000001  mc_w.l(entry2.o)
    0x08000134   0x00000004   Code   RO          992    .ARM.Collect$$$$00000004  mc_w.l(entry5.o)
    0x08000138   0x00000000   Code   RO          994    .ARM.Collect$$$$00000008  mc_w.l(entry7b.o)
    0x08000138   0x00000000   Code   RO          996    .ARM.Collect$$$$0000000A  mc_w.l(entry8b.o)
    0x08000138   0x00000008   Code   RO          997    .ARM.Collect$$$$0000000B  mc_w.l(entry9a.o)
    0x08000140   0x00000000   Code   RO          999    .ARM.Collect$$$$0000000D  mc_w.l(entry10a.o)
    0x08000140   0x00000000   Code   RO         1001    .ARM.Collect$$$$0000000F  mc_w.l(entry11a.o)
    0x08000140   0x00000004   Code   RO          990    .ARM.Collect$$$$00002712  mc_w.l(entry2.o)
    0x08000144   0x00000006   Code   RO          602    .emb_text           flash.o
    0x0800014a   0x00000002   PAD
    0x0800014c   0x00000024   Code   RO            4    .text               startup_stm32f10x_hd.o
    0x08000170   0x00000174   Code   RO           10    .text               system_stm32f10x.o
    0x080002e4   0x000000b8   Code   RO          111    .text               misc.o
    0x0800039c   0x0000009c   Code   RO          139    .text               stm32f10x_bkp.o
    0x08000438   0x000000ec   Code   RO          223    .text               stm32f10x_exti.o
    0x08000524   0x000004a4   Code   RO          235    .text               stm32f10x_flash.o
    0x080009c8   0x00000298   Code   RO          259    .text               stm32f10x_gpio.o
    0x08000c60   0x0000003c   Code   RO          283    .text               stm32f10x_iwdg.o
    0x08000c9c   0x000000ac   Code   RO          295    .text               stm32f10x_pwr.o
    0x08000d48   0x000002f4   Code   RO          307    .text               stm32f10x_rcc.o
    0x0800103c   0x00000114   Code   RO          321    .text               stm32f10x_rtc.o
    0x08001150   0x00000c2a   Code   RO          357    .text               stm32f10x_tim.o
    0x08001d7a   0x00000002   PAD
    0x08001d7c   0x0000039c   Code   RO          369    .text               stm32f10x_usart.o
    0x08002118   0x00000170   Code   RO          393    .text               main.o
    0x08002288   0x00000438   Code   RO          458    .text               init.o
    0x080026c0   0x000003a4   Code   RO          495    .text               stm32f10x_it.o
    0x08002a64   0x000000b4   Code   RO          521    .text               delay.o
    0x08002b18   0x000001a8   Code   RO          539    .text               uart.o
    0x08002cc0   0x00000268   Code   RO          558    .text               tools.o
    0x08002f28   0x00000684   Code   RO          575    .text               application.o
    0x080035ac   0x000001b8   Code   RO          603    .text               flash.o
    0x08003764   0x00000fd0   Code   RO          625    .text               tftcommunic.o
    0x08004734   0x00000108   Code   RO          646    .text               uartsendqueue.o
    0x0800483c   0x000004c0   Code   RO          687    .text               oled.o
    0x08004cfc   0x00000024   Code   RO          706    .text               mc_w.l(memcpya.o)
    0x08004d20   0x00000024   Code   RO          708    .text               mc_w.l(memseta.o)
    0x08004d44   0x0000000e   Code   RO          710    .text               mc_w.l(strlen.o)
    0x08004d52   0x0000001c   Code   RO          712    .text               mc_w.l(strcmp.o)
    0x08004d6e   0x00000012   Code   RO          714    .text               mc_w.l(strcpy.o)
    0x08004d80   0x00000070   Code   RO          979    .text               mc_w.l(strtol.o)
    0x08004df0   0x000000e4   Code   RO          981    .text               mf_w.l(dmul.o)
    0x08004ed4   0x0000001a   Code   RO          983    .text               mf_w.l(dfltui.o)
    0x08004eee   0x00000026   Code   RO          985    .text               mf_w.l(f2d.o)
    0x08004f14   0x00000038   Code   RO          987    .text               mf_w.l(d2f.o)
    0x08004f4c   0x0000002c   Code   RO         1004    .text               mc_w.l(uidiv.o)
    0x08004f78   0x00000062   Code   RO         1006    .text               mc_w.l(uldiv.o)
    0x08004fda   0x00000002   PAD
    0x08004fdc   0x00000008   Code   RO         1008    .text               mc_w.l(ctype_o.o)
    0x08004fe4   0x0000009e   Code   RO         1043    .text               mc_w.l(_strtoul.o)
    0x08005082   0x00000000   Code   RO         1045    .text               mc_w.l(iusefp.o)
    0x08005082   0x0000006e   Code   RO         1046    .text               mf_w.l(fepilogue.o)
    0x080050f0   0x000000ba   Code   RO         1048    .text               mf_w.l(depilogue.o)
    0x080051aa   0x0000014e   Code   RO         1050    .text               mf_w.l(dadd.o)
    0x080052f8   0x000000de   Code   RO         1052    .text               mf_w.l(ddiv.o)
    0x080053d6   0x00000030   Code   RO         1054    .text               mf_w.l(dfixul.o)
    0x08005406   0x00000002   PAD
    0x08005408   0x00000030   Code   RO         1056    .text               mf_w.l(cdrcmple.o)
    0x08005438   0x00000024   Code   RO         1058    .text               mc_w.l(init.o)
    0x0800545c   0x0000001e   Code   RO         1060    .text               mc_w.l(llshl.o)
    0x0800547a   0x00000020   Code   RO         1062    .text               mc_w.l(llushr.o)
    0x0800549a   0x00000024   Code   RO         1064    .text               mc_w.l(llsshr.o)
    0x080054be   0x0000001c   Code   RO         1066    .text               mc_w.l(_chval.o)
    0x080054da   0x00000056   Code   RO         1076    .text               mc_w.l(__dczerorl2.o)
    0x08005530   0x00000020   Code   RO          951    i.__0printf         mc_w.l(printfa.o)
    0x08005550   0x00000028   Code   RO          953    i.__0sprintf        mc_w.l(printfa.o)
    0x08005578   0x00000008   Code   RO         1036    i.__aeabi_errno_addr  mc_w.l(errno.o)
    0x08005580   0x0000000e   Code   RO         1070    i.__scatterload_copy  mc_w.l(handlers.o)
    0x0800558e   0x00000002   Code   RO         1071    i.__scatterload_null  mc_w.l(handlers.o)
    0x08005590   0x0000000e   Code   RO         1072    i.__scatterload_zeroinit  mc_w.l(handlers.o)
    0x0800559e   0x00000002   PAD
    0x080055a0   0x00000164   Code   RO          958    i._fp_digits        mc_w.l(printfa.o)
    0x08005704   0x000006dc   Code   RO          959    i._printf_core      mc_w.l(printfa.o)
    0x08005de0   0x00000024   Code   RO          960    i._printf_post_padding  mc_w.l(printfa.o)
    0x08005e04   0x0000002e   Code   RO          961    i._printf_pre_padding  mc_w.l(printfa.o)
    0x08005e32   0x0000000a   Code   RO          963    i._sputc            mc_w.l(printfa.o)
    0x08005e3c   0x00000081   Data   RO         1009    .constdata          mc_w.l(ctype_o.o)
    0x08005ebd   0x00000003   PAD
    0x08005ec0   0x00000004   Data   RO         1010    .constdata          mc_w.l(ctype_o.o)
    0x08005ec4   0x0000004e   Data   RO          627    .conststring        tftcommunic.o
    0x08005f12   0x00000002   PAD
    0x08005f14   0x00000020   Data   RO         1068    Region$$Table       anon$$obj.o


    Execution Region RW_IRAM1 (Base: 0x20000000, Size: 0x00006bd0, Max: 0x00010000, ABSOLUTE, COMPRESSED[0x000005ec])

    Base Addr    Size         Type   Attr      Idx    E Section Name        Object

    0x20000000   0x00000014   Data   RW           11    .data               system_stm32f10x.o
    0x20000014   0x00000014   Data   RW          308    .data               stm32f10x_rcc.o
    0x20000028   0x00000008   Data   RW          497    .data               stm32f10x_it.o
    0x20000030   0x00000004   Data   RW          522    .data               delay.o
    0x20000034   0x00000004   Data   RW          561    .data               tools.o
    0x20000038   0x00000001   Data   RW          578    .data               application.o
    0x20000039   0x00000003   PAD
    0x2000003c   0x00000004   Data   RW          605    .data               flash.o
    0x20000040   0x00000026   Data   RW          628    .data               tftcommunic.o
    0x20000066   0x00000002   Data   RW          648    .data               uartsendqueue.o
    0x20000068   0x00000001   Data   RW          649    .data               uartsendqueue.o
    0x20000069   0x00000006   Data   RW          668    .data               codetab.o
    0x2000006f   0x00000228   Data   RW          670    .data               codetab.o
    0x20000297   0x000005f0   Data   RW          671    .data               codetab.o
    0x20000887   0x00000080   Data   RW          673    .data               codetab.o
    0x20000907   0x00000080   Data   RW          674    .data               codetab.o
    0x20000987   0x00000080   Data   RW          675    .data               codetab.o
    0x20000a07   0x00000001   PAD
    0x20000a08   0x00000004   Data   RW         1003    .data               mc_w.l(stdout.o)
    0x20000a0c   0x00000004   Data   RW         1039    .data               mc_w.l(errno.o)
    0x20000a10   0x00004bb4   Zero   RW          459    .bss                init.o
    0x200055c4   0x0000040c   Zero   RW          496    .bss                stm32f10x_it.o
    0x200059d0   0x000003b8   Zero   RW          540    .bss                uart.o
    0x20005d88   0x00000010   Zero   RW          541    .bss                uart.o
    0x20005d98   0x0000000c   Zero   RW          559    .bss                tools.o
    0x20005da4   0x0000002c   Zero   RW          626    .bss                tftcommunic.o
    0x20005dd0   0x00000a00   Zero   RW          647    .bss                uartsendqueue.o
    0x200067d0   0x00000400   Zero   RW            1    STACK               startup_stm32f10x_hd.o


==============================================================================

Image component sizes


      Code (inc. data)   RO Data    RW Data    ZI Data      Debug   Object Name

      1668        398          0          1          0       2651   application.o
         0          0          0       2462          0        925   codetab.o
       180         18          0          4          0      17294   delay.o
       446        152          0          4          0       3314   flash.o
      1080         32          0          0      19380       5641   init.o
       368        108          0          0          0       3702   main.o
       184         12          0          0          0       1961   misc.o
      1216         36          0          0          0       5173   oled.o
         0          0          0          0          0       1691   software.o
        36          8        304          0       1024        864   startup_stm32f10x_hd.o
       156          8          0          0          0       3460   stm32f10x_bkp.o
       236         10          0          0          0       2423   stm32f10x_exti.o
      1188         22          0          0          0       8938   stm32f10x_flash.o
       664         36          0          0          0       6225   stm32f10x_gpio.o
       932        190          0          8       1036       4719   stm32f10x_it.o
        60          6          0          0          0       1301   stm32f10x_iwdg.o
       172         12          0          0          0       1951   stm32f10x_pwr.o
       756         32          0         20          0       9352   stm32f10x_rcc.o
       276          6          0          0          0       2766   stm32f10x_rtc.o
      3114         84          0          0          0      25004   stm32f10x_tim.o
       924         20          0          0          0       9172   stm32f10x_usart.o
       372         34          0         20          0     263419   system_stm32f10x.o
      4048       1262         78         38         44       8085   tftcommunic.o
       616        108          0          4         12       3843   tools.o
       424         86          0          0        968       3696   uart.o
       264         70          0          3       2560       2163   uartsendqueue.o

    ----------------------------------------------------------------------
     19384       2750        416       2568      25024     399733   Object Totals
         0          0         32          0          0          0   (incl. Generated)
         4          0          2          4          0          0   (incl. Padding)

    ----------------------------------------------------------------------

      Code (inc. data)   RO Data    RW Data    ZI Data      Debug   Library Member Name

        86          0          0          0          0          0   __dczerorl2.o
        28          0          0          0          0         68   _chval.o
       158          0          0          0          0         92   _strtoul.o
         8          4        133          0          0         68   ctype_o.o
         0          0          0          0          0          0   entry.o
         0          0          0          0          0          0   entry10a.o
         0          0          0          0          0          0   entry11a.o
         8          4          0          0          0          0   entry2.o
         4          0          0          0          0          0   entry5.o
         0          0          0          0          0          0   entry7b.o
         0          0          0          0          0          0   entry8b.o
         8          4          0          0          0          0   entry9a.o
         8          4          0          4          0         68   errno.o
        30          0          0          0          0          0   handlers.o
        36          8          0          0          0         68   init.o
         0          0          0          0          0          0   iusefp.o
        30          0          0          0          0         68   llshl.o
        36          0          0          0          0         68   llsshr.o
        32          0          0          0          0         68   llushr.o
        36          0          0          0          0         68   memcpya.o
        36          0          0          0          0        108   memseta.o
      2276         96          0          0          0        596   printfa.o
         0          0          0          4          0          0   stdout.o
        28          0          0          0          0         76   strcmp.o
        18          0          0          0          0         68   strcpy.o
        14          0          0          0          0         68   strlen.o
       112          0          0          0          0         88   strtol.o
        44          0          0          0          0         80   uidiv.o
        98          0          0          0          0         92   uldiv.o
        48          0          0          0          0         68   cdrcmple.o
        56          0          0          0          0         88   d2f.o
       334          0          0          0          0        148   dadd.o
       222          0          0          0          0        100   ddiv.o
       186          0          0          0          0        176   depilogue.o
        48          0          0          0          0         68   dfixul.o
        26          0          0          0          0         76   dfltui.o
       228          0          0          0          0         96   dmul.o
        38          0          0          0          0         68   f2d.o
       110          0          0          0          0        168   fepilogue.o

    ----------------------------------------------------------------------
      4436        120        136          8          0       2868   Library Totals
         6          0          3          0          0          0   (incl. Padding)

    ----------------------------------------------------------------------

      Code (inc. data)   RO Data    RW Data    ZI Data      Debug   Library Name

      3134        120        133          8          0       1812   mc_w.l
      1296          0          0          0          0       1056   mf_w.l

    ----------------------------------------------------------------------
      4436        120        136          8          0       2868   Library Totals

    ----------------------------------------------------------------------

==============================================================================


      Code (inc. data)   RO Data    RW Data    ZI Data      Debug   

     23820       2870        552       2576      25024     398621   Grand Totals
     23820       2870        552       1516      25024     398621   ELF Image Totals (compressed)
     23820       2870        552       1516          0          0   ROM Totals

==============================================================================

    Total RO  Size (Code + RO Data)                24372 (  23.80kB)
    Total RW  Size (RW Data + ZI Data)             27600 (  26.95kB)
    Total ROM Size (Code + RO Data + RW Data)      25888 (  25.28kB)

==============================================================================

